Archive member included to satisfy reference by file (symbol)

d:/intelfpga_lite/20.1/nios2eds/bin/gnu/h-x86_64-mingw32/bin/../lib/gcc/nios2-elf/10.1.1/mno-hw-mul\libgcc.a(_muldi3.o)
                              obj/default/common.o (__muldi3)
d:/intelfpga_lite/20.1/nios2eds/bin/gnu/h-x86_64-mingw32/bin/../lib/gcc/nios2-elf/10.1.1/mno-hw-mul\libgcc.a(_bswapsi2.o)
                              obj/default/main.o (__bswapsi2)
d:/intelfpga_lite/20.1/nios2eds/bin/gnu/h-x86_64-mingw32/bin/../lib/gcc/nios2-elf/10.1.1/mno-hw-mul\libgcc.a(lib2-divmod.o)
                              obj/default/mem_verify.o (__divsi3)
d:/intelfpga_lite/20.1/nios2eds/bin/gnu/h-x86_64-mingw32/bin/../lib/gcc/nios2-elf/10.1.1/mno-hw-mul\libgcc.a(lib2-mul.o)
                              obj/default/mem_verify.o (__mulsi3)
d:/intelfpga_lite/20.1/nios2eds/bin/gnu/h-x86_64-mingw32/bin/../lib/gcc/nios2-elf/10.1.1/../../../../../H-x86_64-mingw32/nios2-elf/lib/mno-hw-mul\libsmallc.a(lib_a-memcpy.o)
                              obj/default/mem_verify.o (memcpy)
d:/intelfpga_lite/20.1/nios2eds/bin/gnu/h-x86_64-mingw32/bin/../lib/gcc/nios2-elf/10.1.1/../../../../../H-x86_64-mingw32/nios2-elf/lib/mno-hw-mul\libsmallc.a(lib_a-memset.o)
                              obj/default/main.o (memset)
d:/intelfpga_lite/20.1/nios2eds/bin/gnu/h-x86_64-mingw32/bin/../lib/gcc/nios2-elf/10.1.1/../../../../../H-x86_64-mingw32/nios2-elf/lib/mno-hw-mul\libsmallc.a(lib_a-printf.o)
                              obj/default/main.o (printf)
d:/intelfpga_lite/20.1/nios2eds/bin/gnu/h-x86_64-mingw32/bin/../lib/gcc/nios2-elf/10.1.1/../../../../../H-x86_64-mingw32/nios2-elf/lib/mno-hw-mul\libsmallc.a(lib_a-putchar.o)
                              obj/default/main.o (putchar)
d:/intelfpga_lite/20.1/nios2eds/bin/gnu/h-x86_64-mingw32/bin/../lib/gcc/nios2-elf/10.1.1/../../../../../H-x86_64-mingw32/nios2-elf/lib/mno-hw-mul\libsmallc.a(lib_a-puts.o)
                              obj/default/main.o (puts)
d:/intelfpga_lite/20.1/nios2eds/bin/gnu/h-x86_64-mingw32/bin/../lib/gcc/nios2-elf/10.1.1/../../../../../H-x86_64-mingw32/nios2-elf/lib/mno-hw-mul\libsmallc.a(lib_a-strlen.o)
                              d:/intelfpga_lite/20.1/nios2eds/bin/gnu/h-x86_64-mingw32/bin/../lib/gcc/nios2-elf/10.1.1/../../../../../H-x86_64-mingw32/nios2-elf/lib/mno-hw-mul\libsmallc.a(lib_a-puts.o) (strlen)
d:/intelfpga_lite/20.1/nios2eds/bin/gnu/h-x86_64-mingw32/bin/../lib/gcc/nios2-elf/10.1.1/../../../../../H-x86_64-mingw32/nios2-elf/lib/mno-hw-mul\libsmallc.a(lib_a-vfprintf.o)
                              d:/intelfpga_lite/20.1/nios2eds/bin/gnu/h-x86_64-mingw32/bin/../lib/gcc/nios2-elf/10.1.1/../../../../../H-x86_64-mingw32/nios2-elf/lib/mno-hw-mul\libsmallc.a(lib_a-printf.o) (___vfprintf_internal_r)
d:/intelfpga_lite/20.1/nios2eds/bin/gnu/h-x86_64-mingw32/bin/../lib/gcc/nios2-elf/10.1.1/../../../../../H-x86_64-mingw32/nios2-elf/lib/mno-hw-mul\libsmallc.a(lib_a-fvwrite_small_dev.o)
                              d:/intelfpga_lite/20.1/nios2eds/bin/gnu/h-x86_64-mingw32/bin/../lib/gcc/nios2-elf/10.1.1/../../../../../H-x86_64-mingw32/nios2-elf/lib/mno-hw-mul\libsmallc.a(lib_a-printf.o) (__sfvwrite_small_dev)
d:/intelfpga_lite/20.1/nios2eds/bin/gnu/h-x86_64-mingw32/bin/../lib/gcc/nios2-elf/10.1.1/../../../../../H-x86_64-mingw32/nios2-elf/lib/mno-hw-mul\libsmallc.a(lib_a-impure.o)
                              d:/intelfpga_lite/20.1/nios2eds/bin/gnu/h-x86_64-mingw32/bin/../lib/gcc/nios2-elf/10.1.1/../../../../../H-x86_64-mingw32/nios2-elf/lib/mno-hw-mul\libsmallc.a(lib_a-printf.o) (_impure_ptr)
d:/intelfpga_lite/20.1/nios2eds/bin/gnu/h-x86_64-mingw32/bin/../lib/gcc/nios2-elf/10.1.1/../../../../../H-x86_64-mingw32/nios2-elf/lib/mno-hw-mul\libsmallc.a(lib_a-putc.o)
                              d:/intelfpga_lite/20.1/nios2eds/bin/gnu/h-x86_64-mingw32/bin/../lib/gcc/nios2-elf/10.1.1/../../../../../H-x86_64-mingw32/nios2-elf/lib/mno-hw-mul\libsmallc.a(lib_a-putchar.o) (_putc_r)
d:/intelfpga_lite/20.1/nios2eds/bin/gnu/h-x86_64-mingw32/bin/../lib/gcc/nios2-elf/10.1.1/../../../../../H-x86_64-mingw32/nios2-elf/lib/mno-hw-mul\libsmallc.a(lib_a-writer.o)
                              d:/intelfpga_lite/20.1/nios2eds/bin/gnu/h-x86_64-mingw32/bin/../lib/gcc/nios2-elf/10.1.1/../../../../../H-x86_64-mingw32/nios2-elf/lib/mno-hw-mul\libsmallc.a(lib_a-fvwrite_small_dev.o) (_write_r)
d:/intelfpga_lite/20.1/nios2eds/bin/gnu/h-x86_64-mingw32/bin/../lib/gcc/nios2-elf/10.1.1/../../../../../H-x86_64-mingw32/nios2-elf/lib/mno-hw-mul\libsmallc.a(lib_a-int_errno.o)
                              d:/intelfpga_lite/20.1/nios2eds/bin/gnu/h-x86_64-mingw32/bin/../lib/gcc/nios2-elf/10.1.1/../../../../../H-x86_64-mingw32/nios2-elf/lib/mno-hw-mul\libsmallc.a(lib_a-writer.o) (errno)
c:/Workspace/quartus/npu/software/npu_bsp/\libhal_bsp.a(alt_dcache_flush_all.o)
                              obj/default/main.o (alt_dcache_flush_all)
c:/Workspace/quartus/npu/software/npu_bsp/\libhal_bsp.a(alt_load.o)
[...]
Memory Configuration

Name             Origin             Length             Attributes
npu_ocm          0x0000000000040000 0x0000000000020000
reset            0x0000000000080000 0x0000000000000020
onchip_memory2_0 0x0000000000080020 0x0000000000018680
*default*        0x0000000000000000 0xffffffffffffffff

Linker script and memory map

LOAD c:/Workspace/quartus/npu/software/npu_bsp//obj/HAL/src/crt0.o
LOAD obj/default/common.o
LOAD obj/default/main.o
LOAD obj/default/mem_verify.o
LOAD d:/intelfpga_lite/20.1/nios2eds/bin/gnu/h-x86_64-mingw32/bin/../lib/gcc/nios2-elf/10.1.1/../../../../../H-x86_64-mingw32/nios2-elf/lib/mno-hw-mul\libstdc++.a
LOAD d:/intelfpga_lite/20.1/nios2eds/bin/gnu/h-x86_64-mingw32/bin/../lib/gcc/nios2-elf/10.1.1/../../../../../H-x86_64-mingw32/nios2-elf/lib/mno-hw-mul\libm.a
LOAD d:/intelfpga_lite/20.1/nios2eds/bin/gnu/h-x86_64-mingw32/bin/../lib/gcc/nios2-elf/10.1.1/mno-hw-mul\libgcc.a
START GROUP
LOAD d:/intelfpga_lite/20.1/nios2eds/bin/gnu/h-x86_64-mingw32/bin/../lib/gcc/nios2-elf/10.1.1/../../../../../H-x86_64-mingw32/nios2-elf/lib/mno-hw-mul\libsmallc.a
LOAD d:/intelfpga_lite/20.1/nios2eds/bin/gnu/h-x86_64-mingw32/bin/../lib/gcc/nios2-elf/10.1.1/mno-hw-mul\libgcc.a
LOAD c:/Workspace/quartus/npu/software/npu_bsp/\libhal_bsp.a
LOAD d:/intelfpga_lite/20.1/nios2eds/bin/gnu/h-x86_64-mingw32/bin/../lib/gcc/nios2-elf/10.1.1/../../../../../H-x86_64-mingw32/nios2-elf/lib/mno-hw-mul\libm.a
END GROUP
LOAD d:/intelfpga_lite/20.1/nios2eds/bin/gnu/h-x86_64-mingw32/bin/../lib/gcc/nios2-elf/10.1.1/mno-hw-mul\libgcc.a
                0x0000000000040000                __alt_mem_npu_ocm = 0x40000
                0x0000000000080000                __alt_mem_onchip_memory2_0 = 0x80000

.entry          0x0000000000080000       0x20
 *(.entry)
 .entry         0x0000000000080000       0x20 c:/Workspace/quartus/npu/software/npu_bsp//obj/HAL/src/crt0.o
                0x0000000000080000                __reset

.exceptions     0x0000000000080020      0x204
                0x0000000000080020                PROVIDE (__ram_exceptions_start = ABSOLUTE (.))
                0x0000000000080020                . = ALIGN (0x20)
 *(.irq)
 *(.exceptions.entry.label)
 .exceptions.entry.label
                0x0000000000080020        0x0 c:/Workspace/quartus/npu/software/npu_bsp/\libhal_bsp.a(alt_irq_entry.o)
                0x0000000000080020                alt_irq_entry
 .exceptions.entry.label
                0x0000000000080020        0x0 c:/Workspace/quartus/npu/software/npu_bsp/\libhal_bsp.a(alt_exception_entry.o)
                0x0000000000080020                alt_exception
 *(.exceptions.entry.user)
 *(.exceptions.entry.ecc_fatal)
 *(.exceptions.entry)
 .exceptions.entry
                0x0000000000080020       0x54 c:/Workspace/quartus/npu/software/npu_bsp/\libhal_bsp.a(alt_exception_entry.o)
 *(.exceptions.irqtest.user)
 *(.exceptions.irqtest)
 .exceptions.irqtest
                0x0000000000080074       0x10 c:/Workspace/quartus/npu/software/npu_bsp/\libhal_bsp.a(alt_irq_entry.o)
 *(.exceptions.irqhandler.user)
 *(.exceptions.irqhandler)
 .exceptions.irqhandler
                0x0000000000080084        0x4 c:/Workspace/quartus/npu/software/npu_bsp/\libhal_bsp.a(alt_irq_entry.o)
 *(.exceptions.irqreturn.user)
 *(.exceptions.irqreturn)
 .exceptions.irqreturn
                0x0000000000080088        0x4 c:/Workspace/quartus/npu/software/npu_bsp/\libhal_bsp.a(alt_irq_entry.o)
 *(.exceptions.notirq.label)
 .exceptions.notirq.label
                0x000000000008008c        0x0 c:/Workspace/quartus/npu/software/npu_bsp/\libhal_bsp.a(alt_irq_entry.o)
 *(.exceptions.notirq.user)
 *(.exceptions.notirq)
 .exceptions.notirq
                0x000000000008008c        0x8 c:/Workspace/quartus/npu/software/npu_bsp/\libhal_bsp.a(alt_exception_entry.o)
 *(.exceptions.soft.user)
 *(.exceptions.soft)
 *(.exceptions.unknown.user)
 *(.exceptions.unknown)
 .exceptions.unknown
                0x0000000000080094       0x14 c:/Workspace/quartus/npu/software/npu_bsp/\libhal_bsp.a(alt_exception_entry.o)
 *(.exceptions.exit.label)
 .exceptions.exit.label
                0x00000000000800a8        0x0 c:/Workspace/quartus/npu/software/npu_bsp/\libhal_bsp.a(alt_irq_entry.o)
 .exceptions.exit.label
                0x00000000000800a8        0x0 c:/Workspace/quartus/npu/software/npu_bsp/\libhal_bsp.a(alt_exception_entry.o)
 *(.exceptions.exit.user)
 *(.exceptions.exit)
 .exceptions.exit
                0x00000000000800a8       0x54 c:/Workspace/quartus/npu/software/npu_bsp/\libhal_bsp.a(alt_exception_entry.o)
 *(.exceptions)
 .exceptions    0x00000000000800fc       0xc8 c:/Workspace/quartus/npu/software/npu_bsp/\libhal_bsp.a(alt_irq_handler.o)
                0x00000000000800fc                alt_irq_handler
 .exceptions    0x00000000000801c4       0x60 c:/Workspace/quartus/npu/software/npu_bsp/\libhal_bsp.a(alt_instruction_exception_entry.o)
                0x00000000000801c4                alt_instruction_exception_entry
                0x0000000000080224                PROVIDE (__ram_exceptions_end = ABSOLUTE (.))
                0x0000000000080020                PROVIDE (__flash_exceptions_start = LOADADDR (.exceptions))

.text           0x0000000000080224     0x5f6c
                [!provide]                        PROVIDE (stext = ABSOLUTE (.))
 *(.interp)
 *(.hash)
 *(.dynsym)
 *(.dynstr)
 *(.gnu.version)
 *(.gnu.version_d)
 *(.gnu.version_r)
 *(.rel.init)
 *(.rela.init)
 *(.rel.text .rel.text.* .rel.gnu.linkonce.t.*)
 *(.rela.text .rela.text.* .rela.gnu.linkonce.t.*)
 *(.rel.fini)
 *(.rela.fini)
 *(.rel.rodata .rel.rodata.* .rel.gnu.linkonce.r.*)
 *(.rela.rodata .rela.rodata.* .rela.gnu.linkonce.r.*)
 *(.rel.data .rel.data.* .rel.gnu.linkonce.d.*)
 *(.rela.data .rela.data.* .rela.gnu.linkonce.d.*)
 *(.rel.tdata .rel.tdata.* .rel.gnu.linkonce.td.*)
 *(.rela.tdata .rela.tdata.* .rela.gnu.linkonce.td.*)
 *(.rel.tbss .rel.tbss.* .rel.gnu.linkonce.tb.*)
 *(.rela.tbss .rela.tbss.* .rela.gnu.linkonce.tb.*)
 *(.rel.ctors)
 *(.rela.ctors)
 *(.rel.dtors)
 *(.rela.dtors)
 *(.rel.got)
 *(.rela.got)
 *(.rel.sdata .rel.sdata.* .rel.gnu.linkonce.s.*)
 *(.rela.sdata .rela.sdata.* .rela.gnu.linkonce.s.*)
 *(.rel.sbss .rel.sbss.* .rel.gnu.linkonce.sb.*)
 *(.rela.sbss .rela.sbss.* .rela.gnu.linkonce.sb.*)
 *(.rel.sdata2 .rel.sdata2.* .rel.gnu.linkonce.s2.*)
 *(.rela.sdata2 .rela.sdata2.* .rela.gnu.linkonce.s2.*)
 *(.rel.sbss2 .rel.sbss2.* .rel.gnu.linkonce.sb2.*)
 *(.rela.sbss2 .rela.sbss2.* .rela.gnu.linkonce.sb2.*)
 *(.rel.bss .rel.bss.* .rel.gnu.linkonce.b.*)
 *(.rela.bss .rela.bss.* .rela.gnu.linkonce.b.*)
 *(.rel.plt)
 *(.rela.plt)
 *(.rel.dyn)
 *(.init)
 *(.plt)
 *(.text .stub .text.* .gnu.linkonce.t.*)
 .text          0x0000000000080224       0x3c c:/Workspace/quartus/npu/software/npu_bsp//obj/HAL/src/crt0.o
                0x0000000000080224                _start
 .text          0x0000000000080260      0x2c4 obj/default/common.o
                0x0000000000080260                get_char_polled
                0x0000000000080298                get_char_async
                0x00000000000802d8                get_total_cycles
                0x00000000000803d4                msgdma_init
                0x000000000008043c                msgdma_read_stream_push
                0x00000000000804b0                msgdma_write_stream_push
 .text          0x0000000000080524      0xfb8 obj/default/main.o
                0x0000000000080524                npu_format_inputs
                0x0000000000080650                npu_format_weights
                0x000000000008078c                npu_parse_output
                0x0000000000080868                npu_load_weights
                0x0000000000080900                npu_get_matrix
                0x000000000008094c                npu_load_matrix
                0x00000000000809a4                npu_wait_execution
                0x00000000000809f0                verify_full_system
                0x0000000000080e98                verify_streaming_batch
                0x0000000000081304                verify_mac_pe
                0x00000000000813ec                main
 .text          0x00000000000814dc      0x4b0 obj/default/mem_verify.o
                0x00000000000814dc                TMEM_Verify
 .text          0x000000000008198c      0x104 d:/intelfpga_lite/20.1/nios2eds/bin/gnu/h-x86_64-mingw32/bin/../lib/gcc/nios2-elf/10.1.1/mno-hw-mul\libgcc.a(_muldi3.o)
                0x000000000008198c                __muldi3
 .text          0x0000000000081a90       0x28 d:/intelfpga_lite/20.1/nios2eds/bin/gnu/h-x86_64-mingw32/bin/../lib/gcc/nios2-elf/10.1.1/mno-hw-mul\libgcc.a(_bswapsi2.o)
                0x0000000000081a90                __bswapsi2
 .text          0x0000000000081ab8      0x1b4 d:/intelfpga_lite/20.1/nios2eds/bin/gnu/h-x86_64-mingw32/bin/../lib/gcc/nios2-elf/10.1.1/mno-hw-mul\libgcc.a(lib2-divmod.o)
                0x0000000000081ab8                __divsi3
                0x0000000000081b38                __modsi3
                0x0000000000081bac                __udivsi3
                0x0000000000081c10                __umodsi3
 .text          0x0000000000081c6c       0x28 d:/intelfpga_lite/20.1/nios2eds/bin/gnu/h-x86_64-mingw32/bin/../lib/gcc/nios2-elf/10.1.1/mno-hw-mul\libgcc.a(lib2-mul.o)
                0x0000000000081c6c                __mulsi3
 .text          0x0000000000081c94        0x0 d:/intelfpga_lite/20.1/nios2eds/bin/gnu/h-x86_64-mingw32/bin/../lib/gcc/nios2-elf/10.1.1/../../../../../H-x86_64-mingw32/nios2-elf/lib/mno-hw-mul\libsmallc.a(lib_a-memcpy.o)
 .text.memcpy   0x0000000000081c94       0x28 d:/intelfpga_lite/20.1/nios2eds/bin/gnu/h-x86_64-mingw32/bin/../lib/gcc/nios2-elf/10.1.1/../../../../../H-x86_64-mingw32/nios2-elf/lib/mno-hw-mul\libsmallc.a(lib_a-memcpy.o)
                0x0000000000081c94                memcpy
 .text          0x0000000000081cbc        0x0 d:/intelfpga_lite/20.1/nios2eds/bin/gnu/h-x86_64-mingw32/bin/../lib/gcc/nios2-elf/10.1.1/../../../../../H-x86_64-mingw32/nios2-elf/lib/mno-hw-mul\libsmallc.a(lib_a-memset.o)
 .text.memset   0x0000000000081cbc       0x20 d:/intelfpga_lite/20.1/nios2eds/bin/gnu/h-x86_64-mingw32/bin/../lib/gcc/nios2-elf/10.1.1/../../../../../H-x86_64-mingw32/nios2-elf/lib/mno-hw-mul\libsmallc.a(lib_a-memset.o)
                0x0000000000081cbc                memset
 .text          0x0000000000081cdc        0x0 d:/intelfpga_lite/20.1/nios2eds/bin/gnu/h-x86_64-mingw32/bin/../lib/gcc/nios2-elf/10.1.1/../../../../../H-x86_64-mingw32/nios2-elf/lib/mno-hw-mul\libsmallc.a(lib_a-printf.o)
 .text._printf_r
                0x0000000000081cdc       0x3c d:/intelfpga_lite/20.1/nios2eds/bin/gnu/h-x86_64-mingw32/bin/../lib/gcc/nios2-elf/10.1.1/../../../../../H-x86_64-mingw32/nios2-elf/lib/mno-hw-mul\libsmallc.a(lib_a-printf.o)
                0x0000000000081cdc                _printf_r
 .text.printf   0x0000000000081d18       0x48 d:/intelfpga_lite/20.1/nios2eds/bin/gnu/h-x86_64-mingw32/bin/../lib/gcc/nios2-elf/10.1.1/../../../../../H-x86_64-mingw32/nios2-elf/lib/mno-hw-mul\libsmallc.a(lib_a-printf.o)
                0x0000000000081d18                printf
 .text          0x0000000000081d60        0x0 d:/intelfpga_lite/20.1/nios2eds/bin/gnu/h-x86_64-mingw32/bin/../lib/gcc/nios2-elf/10.1.1/../../../../../H-x86_64-mingw32/nios2-elf/lib/mno-hw-mul\libsmallc.a(lib_a-putchar.o)
 .text._putchar_r
                0x0000000000081d60        0x8 d:/intelfpga_lite/20.1/nios2eds/bin/gnu/h-x86_64-mingw32/bin/../lib/gcc/nios2-elf/10.1.1/../../../../../H-x86_64-mingw32/nios2-elf/lib/mno-hw-mul\libsmallc.a(lib_a-putchar.o)
                0x0000000000081d60                _putchar_r
 .text.putchar  0x0000000000081d68       0x18 d:/intelfpga_lite/20.1/nios2eds/bin/gnu/h-x86_64-mingw32/bin/../lib/gcc/nios2-elf/10.1.1/../../../../../H-x86_64-mingw32/nios2-elf/lib/mno-hw-mul\libsmallc.a(lib_a-putchar.o)
                0x0000000000081d68                putchar
 .text          0x0000000000081d80        0x0 d:/intelfpga_lite/20.1/nios2eds/bin/gnu/h-x86_64-mingw32/bin/../lib/gcc/nios2-elf/10.1.1/../../../../../H-x86_64-mingw32/nios2-elf/lib/mno-hw-mul\libsmallc.a(lib_a-puts.o)
 .text._puts_r  0x0000000000081d80       0x80 d:/intelfpga_lite/20.1/nios2eds/bin/gnu/h-x86_64-mingw32/bin/../lib/gcc/nios2-elf/10.1.1/../../../../../H-x86_64-mingw32/nios2-elf/lib/mno-hw-mul\libsmallc.a(lib_a-puts.o)
                0x0000000000081d80                _puts_r
 .text.puts     0x0000000000081e00       0x10 d:/intelfpga_lite/20.1/nios2eds/bin/gnu/h-x86_64-mingw32/bin/../lib/gcc/nios2-elf/10.1.1/../../../../../H-x86_64-mingw32/nios2-elf/lib/mno-hw-mul\libsmallc.a(lib_a-puts.o)
                0x0000000000081e00                puts
 .text          0x0000000000081e10        0x0 d:/intelfpga_lite/20.1/nios2eds/bin/gnu/h-x86_64-mingw32/bin/../lib/gcc/nios2-elf/10.1.1/../../../../../H-x86_64-mingw32/nios2-elf/lib/mno-hw-mul\libsmallc.a(lib_a-strlen.o)
 .text.strlen   0x0000000000081e10       0x1c d:/intelfpga_lite/20.1/nios2eds/bin/gnu/h-x86_64-mingw32/bin/../lib/gcc/nios2-elf/10.1.1/../../../../../H-x86_64-mingw32/nios2-elf/lib/mno-hw-mul\libsmallc.a(lib_a-strlen.o)
                0x0000000000081e10                strlen
 .text          0x0000000000081e2c        0x0 d:/intelfpga_lite/20.1/nios2eds/bin/gnu/h-x86_64-mingw32/bin/../lib/gcc/nios2-elf/10.1.1/../../../../../H-x86_64-mingw32/nios2-elf/lib/mno-hw-mul\libsmallc.a(lib_a-vfprintf.o)
 .text.print_repeat
                0x0000000000081e2c       0x6c d:/intelfpga_lite/20.1/nios2eds/bin/gnu/h-x86_64-mingw32/bin/../lib/gcc/nios2-elf/10.1.1/../../../../../H-x86_64-mingw32/nios2-elf/lib/mno-hw-mul\libsmallc.a(lib_a-vfprintf.o)
 .text.___vfprintf_internal_r
                0x0000000000081e98      0x50c d:/intelfpga_lite/20.1/nios2eds/bin/gnu/h-x86_64-mingw32/bin/../lib/gcc/nios2-elf/10.1.1/../../../../../H-x86_64-mingw32/nios2-elf/lib/mno-hw-mul\libsmallc.a(lib_a-vfprintf.o)
                0x0000000000081e98                ___vfprintf_internal_r
 .text.__vfprintf_internal
                0x00000000000823a4       0x18 d:/intelfpga_lite/20.1/nios2eds/bin/gnu/h-x86_64-mingw32/bin/../lib/gcc/nios2-elf/10.1.1/../../../../../H-x86_64-mingw32/nios2-elf/lib/mno-hw-mul\libsmallc.a(lib_a-vfprintf.o)
                0x00000000000823a4                __vfprintf_internal
 .text          0x00000000000823bc        0x0 d:/intelfpga_lite/20.1/nios2eds/bin/gnu/h-x86_64-mingw32/bin/../lib/gcc/nios2-elf/10.1.1/../../../../../H-x86_64-mingw32/nios2-elf/lib/mno-hw-mul\libsmallc.a(lib_a-fvwrite_small_dev.o)
 .text.__sfvwrite_small_dev
                0x00000000000823bc       0xa8 d:/intelfpga_lite/20.1/nios2eds/bin/gnu/h-x86_64-mingw32/bin/../lib/gcc/nios2-elf/10.1.1/../../../../../H-x86_64-mingw32/nios2-elf/lib/mno-hw-mul\libsmallc.a(lib_a-fvwrite_small_dev.o)
                0x00000000000823bc                __sfvwrite_small_dev
 .text          0x0000000000082464        0x0 d:/intelfpga_lite/20.1/nios2eds/bin/gnu/h-x86_64-mingw32/bin/../lib/gcc/nios2-elf/10.1.1/../../../../../H-x86_64-mingw32/nios2-elf/lib/mno-hw-mul\libsmallc.a(lib_a-impure.o)
 .text          0x0000000000082464        0x0 d:/intelfpga_lite/20.1/nios2eds/bin/gnu/h-x86_64-mingw32/bin/../lib/gcc/nios2-elf/10.1.1/../../../../../H-x86_64-mingw32/nios2-elf/lib/mno-hw-mul\libsmallc.a(lib_a-putc.o)
 .text.putc     0x0000000000082464       0x50 d:/intelfpga_lite/20.1/nios2eds/bin/gnu/h-x86_64-mingw32/bin/../lib/gcc/nios2-elf/10.1.1/../../../../../H-x86_64-mingw32/nios2-elf/lib/mno-hw-mul\libsmallc.a(lib_a-putc.o)
                0x0000000000082464                putc
 .text._putc_r  0x00000000000824b4       0x54 d:/intelfpga_lite/20.1/nios2eds/bin/gnu/h-x86_64-mingw32/bin/../lib/gcc/nios2-elf/10.1.1/../../../../../H-x86_64-mingw32/nios2-elf/lib/mno-hw-mul\libsmallc.a(lib_a-putc.o)
                0x00000000000824b4                _putc_r
 .text          0x0000000000082508        0x0 d:/intelfpga_lite/20.1/nios2eds/bin/gnu/h-x86_64-mingw32/bin/../lib/gcc/nios2-elf/10.1.1/../../../../../H-x86_64-mingw32/nios2-elf/lib/mno-hw-mul\libsmallc.a(lib_a-writer.o)
 .text._write_r
                0x0000000000082508       0x50 d:/intelfpga_lite/20.1/nios2eds/bin/gnu/h-x86_64-mingw32/bin/../lib/gcc/nios2-elf/10.1.1/../../../../../H-x86_64-mingw32/nios2-elf/lib/mno-hw-mul\libsmallc.a(lib_a-writer.o)
                0x0000000000082508                _write_r
 .text          0x0000000000082558        0x0 d:/intelfpga_lite/20.1/nios2eds/bin/gnu/h-x86_64-mingw32/bin/../lib/gcc/nios2-elf/10.1.1/../../../../../H-x86_64-mingw32/nios2-elf/lib/mno-hw-mul\libsmallc.a(lib_a-int_errno.o)
 .text          0x0000000000082558       0x20 c:/Workspace/quartus/npu/software/npu_bsp/\libhal_bsp.a(alt_dcache_flush_all.o)
                0x0000000000082558                alt_dcache_flush_all
 .text          0x0000000000082578       0xec c:/Workspace/quartus/npu/software/npu_bsp/\libhal_bsp.a(alt_load.o)
                0x00000000000825e0                alt_load
 .text          0x0000000000082664       0x7c c:/Workspace/quartus/npu/software/npu_bsp/\libhal_bsp.a(alt_main.o)
                0x0000000000082664                alt_main
 .text          0x00000000000826e0      0x1ac c:/Workspace/quartus/npu/software/npu_bsp/\libhal_bsp.a(alt_tick.o)
                0x00000000000826e0                alt_alarm_stop
                0x0000000000082784                alt_tick
 .text          0x000000000008288c      0x140 c:/Workspace/quartus/npu/software/npu_bsp/\libhal_bsp.a(alt_write.o)
                0x00000000000828c8                write
 .text          0x00000000000829cc      0x100 c:/Workspace/quartus/npu/software/npu_bsp/\libhal_bsp.a(alt_sys_init.o)
                0x0000000000082a00                alt_irq_init
                0x0000000000082a3c                alt_sys_init
 .text          0x0000000000082acc       0xc0 c:/Workspace/quartus/npu/software/npu_bsp/\libhal_bsp.a(altera_avalon_jtag_uart_fd.o)
                0x0000000000082acc                altera_avalon_jtag_uart_read_fd
                0x0000000000082b2c                altera_avalon_jtag_uart_write_fd
 .text          0x0000000000082b8c       0xec c:/Workspace/quartus/npu/software/npu_bsp/\libhal_bsp.a(altera_avalon_jtag_uart_read.o)
                0x0000000000082b8c                altera_avalon_jtag_uart_read
 .text          0x0000000000082c78       0x94 c:/Workspace/quartus/npu/software/npu_bsp/\libhal_bsp.a(altera_avalon_jtag_uart_write.o)
                0x0000000000082c78                altera_avalon_jtag_uart_write
 .text          0x0000000000082d0c      0x100 c:/Workspace/quartus/npu/software/npu_bsp/\libhal_bsp.a(altera_avalon_timer_sc.o)
                0x0000000000082d88                alt_avalon_timer_sc_init
 .text          0x0000000000082e0c     0x1fd8 c:/Workspace/quartus/npu/software/npu_bsp/\libhal_bsp.a(altera_msgdma.o)
                0x00000000000839d4                alt_msgdma_construct_standard_st_to_mm_descriptor
                0x0000000000083a2c                alt_msgdma_construct_standard_mm_to_st_descriptor
                0x0000000000083a84                alt_msgdma_construct_standard_mm_to_mm_descriptor
                0x0000000000083adc                alt_msgdma_construct_extended_st_to_mm_descriptor
                0x0000000000083b6c                alt_msgdma_construct_extended_mm_to_st_descriptor
                0x0000000000083bfc                alt_msgdma_construct_extended_mm_to_mm_descriptor
                0x0000000000083edc                alt_msgdma_construct_prefetcher_standard_mm_to_mm_descriptor
                0x0000000000083f34                alt_msgdma_construct_prefetcher_standard_st_to_mm_descriptor
                0x0000000000083f8c                alt_msgdma_construct_prefetcher_standard_mm_to_st_descriptor
                0x0000000000083fe4                alt_msgdma_construct_prefetcher_extended_st_to_mm_descriptor
                0x0000000000084084                alt_msgdma_construct_prefetcher_extended_mm_to_st_descriptor
                0x000000000008411c                alt_msgdma_construct_prefetcher_extended_mm_to_mm_descriptor
                0x00000000000841d4                alt_msgdma_prefetcher_add_standard_desc_to_list
                0x00000000000842c4                alt_msgdma_prefetcher_add_extended_desc_to_list
                0x000000000008445c                alt_msgdma_prefetcher_set_std_list_own_by_hw_bits
                0x000000000008456c                alt_msgdma_prefetcher_set_extd_list_own_by_hw_bits
                0x00000000000846b8                alt_msgdma_start_prefetcher_with_list_addr
                0x0000000000084980                alt_msgdma_start_prefetcher_with_std_desc_list
                0x0000000000084a30                alt_msgdma_start_prefetcher_with_extd_desc_list
                0x0000000000084ae0                alt_msgdma_open
                0x0000000000084b38                alt_msgdma_init
                0x0000000000084ca0                alt_msgdma_register_callback
                0x0000000000084cf4                alt_msgdma_standard_descriptor_async_transfer
                0x0000000000084d30                alt_msgdma_extended_descriptor_async_transfer
                0x0000000000084d6c                alt_msgdma_standard_descriptor_sync_transfer
                0x0000000000084da8                alt_msgdma_extended_descriptor_sync_transfer
 .text          0x0000000000084de4      0x158 c:/Workspace/quartus/npu/software/npu_bsp/\libhal_bsp.a(alt_busy_sleep.o)
                0x0000000000084de4                alt_busy_sleep
 .text          0x0000000000084f3c      0x118 c:/Workspace/quartus/npu/software/npu_bsp/\libhal_bsp.a(alt_close.o)
                0x0000000000084f78                close
 .text          0x0000000000085054       0x28 c:/Workspace/quartus/npu/software/npu_bsp/\libhal_bsp.a(alt_dcache_flush.o)
                0x0000000000085054                alt_dcache_flush
 .text          0x000000000008507c       0x2c c:/Workspace/quartus/npu/software/npu_bsp/\libhal_bsp.a(alt_dev.o)
 .text          0x00000000000850a8       0xe4 c:/Workspace/quartus/npu/software/npu_bsp/\libhal_bsp.a(alt_dev_llist_insert.o)
                0x00000000000850e4                alt_dev_llist_insert
 .text          0x000000000008518c       0x64 c:/Workspace/quartus/npu/software/npu_bsp/\libhal_bsp.a(alt_do_ctors.o)
                0x000000000008518c                _do_ctors
 .text          0x00000000000851f0       0x64 c:/Workspace/quartus/npu/software/npu_bsp/\libhal_bsp.a(alt_do_dtors.o)
                0x00000000000851f0                _do_dtors
 .text          0x0000000000085254        0x0 c:/Workspace/quartus/npu/software/npu_bsp/\libhal_bsp.a(alt_errno.o)
 .text          0x0000000000085254       0x90 c:/Workspace/quartus/npu/software/npu_bsp/\libhal_bsp.a(alt_find_dev.o)
                0x0000000000085254                alt_find_dev
 .text          0x00000000000852e4       0x20 c:/Workspace/quartus/npu/software/npu_bsp/\libhal_bsp.a(alt_icache_flush_all.o)
                0x00000000000852e4                alt_icache_flush_all
 .text          0x0000000000085304      0x1b0 c:/Workspace/quartus/npu/software/npu_bsp/\libhal_bsp.a(alt_iic.o)
                0x0000000000085304                alt_ic_isr_register
                0x0000000000085354                alt_ic_irq_enable
                0x00000000000853dc                alt_ic_irq_disable
                0x0000000000085468                alt_ic_irq_enabled
 .text          0x00000000000854b4       0xe8 c:/Workspace/quartus/npu/software/npu_bsp/\libhal_bsp.a(alt_iic_isr_register.o)
                0x00000000000854b4                alt_iic_isr_register
 .text          0x000000000008559c      0x150 c:/Workspace/quartus/npu/software/npu_bsp/\libhal_bsp.a(alt_io_redirect.o)
                0x0000000000085670                alt_io_redirect
 .text          0x00000000000856ec        0x0 c:/Workspace/quartus/npu/software/npu_bsp/\libhal_bsp.a(alt_irq_entry.o)
 .text          0x00000000000856ec        0x0 c:/Workspace/quartus/npu/software/npu_bsp/\libhal_bsp.a(alt_irq_handler.o)
 .text          0x00000000000856ec        0x0 c:/Workspace/quartus/npu/software/npu_bsp/\libhal_bsp.a(alt_irq_vars.o)
 .text          0x00000000000856ec      0x278 c:/Workspace/quartus/npu/software/npu_bsp/\libhal_bsp.a(alt_open.o)
                0x0000000000085804                open
 .text          0x0000000000085964      0x22c c:/Workspace/quartus/npu/software/npu_bsp/\libhal_bsp.a(alt_printf.o)
                0x0000000000085964                alt_printf
 .text          0x0000000000085b90       0x30 c:/Workspace/quartus/npu/software/npu_bsp/\libhal_bsp.a(alt_putchar.o)
                0x0000000000085b90                alt_putchar
 .text          0x0000000000085bc0       0x70 c:/Workspace/quartus/npu/software/npu_bsp/\libhal_bsp.a(alt_release_fd.o)
                0x0000000000085bc0                alt_release_fd
 .text          0x0000000000085c30       0x24 c:/Workspace/quartus/npu/software/npu_bsp/\libhal_bsp.a(altera_nios2_gen2_irq.o)
                0x0000000000085c30                altera_nios2_gen2_irq_init
 .text          0x0000000000085c54        0x0 c:/Workspace/quartus/npu/software/npu_bsp/\libhal_bsp.a(alt_exception_entry.o)
 .text          0x0000000000085c54      0x108 c:/Workspace/quartus/npu/software/npu_bsp/\libhal_bsp.a(alt_find_file.o)
                0x0000000000085c54                alt_find_file
 .text          0x0000000000085d5c       0xb8 c:/Workspace/quartus/npu/software/npu_bsp/\libhal_bsp.a(alt_get_fd.o)
                0x0000000000085d5c                alt_get_fd
 .text          0x0000000000085e14       0x98 c:/Workspace/quartus/npu/software/npu_bsp/\libhal_bsp.a(alt_instruction_exception_entry.o)
                0x0000000000085e14                alt_exception_cause_generated_bad_addr
 .text          0x0000000000085eac        0x0 d:/intelfpga_lite/20.1/nios2eds/bin/gnu/h-x86_64-mingw32/bin/../lib/gcc/nios2-elf/10.1.1/../../../../../H-x86_64-mingw32/nios2-elf/lib/mno-hw-mul\libsmallc.a(lib_a-atexit.o)
 .text.atexit   0x0000000000085eac       0x14 d:/intelfpga_lite/20.1/nios2eds/bin/gnu/h-x86_64-mingw32/bin/../lib/gcc/nios2-elf/10.1.1/../../../../../H-x86_64-mingw32/nios2-elf/lib/mno-hw-mul\libsmallc.a(lib_a-atexit.o)
                0x0000000000085eac                atexit
 .text          0x0000000000085ec0        0x0 d:/intelfpga_lite/20.1/nios2eds/bin/gnu/h-x86_64-mingw32/bin/../lib/gcc/nios2-elf/10.1.1/../../../../../H-x86_64-mingw32/nios2-elf/lib/mno-hw-mul\libsmallc.a(lib_a-exit.o)
 .text.exit     0x0000000000085ec0       0x20 d:/intelfpga_lite/20.1/nios2eds/bin/gnu/h-x86_64-mingw32/bin/../lib/gcc/nios2-elf/10.1.1/../../../../../H-x86_64-mingw32/nios2-elf/lib/mno-hw-mul\libsmallc.a(lib_a-exit.o)
                0x0000000000085ec0                exit
 .text          0x0000000000085ee0        0x0 d:/intelfpga_lite/20.1/nios2eds/bin/gnu/h-x86_64-mingw32/bin/../lib/gcc/nios2-elf/10.1.1/../../../../../H-x86_64-mingw32/nios2-elf/lib/mno-hw-mul\libsmallc.a(lib_a-memcmp.o)
 .text.memcmp   0x0000000000085ee0       0x30 d:/intelfpga_lite/20.1/nios2eds/bin/gnu/h-x86_64-mingw32/bin/../lib/gcc/nios2-elf/10.1.1/../../../../../H-x86_64-mingw32/nios2-elf/lib/mno-hw-mul\libsmallc.a(lib_a-memcmp.o)
                0x0000000000085ee0                memcmp
 .text          0x0000000000085f10        0x0 d:/intelfpga_lite/20.1/nios2eds/bin/gnu/h-x86_64-mingw32/bin/../lib/gcc/nios2-elf/10.1.1/../../../../../H-x86_64-mingw32/nios2-elf/lib/mno-hw-mul\libsmallc.a(lib_a-__atexit.o)
 .text.__register_exitproc
                0x0000000000085f10      0x11c d:/intelfpga_lite/20.1/nios2eds/bin/gnu/h-x86_64-mingw32/bin/../lib/gcc/nios2-elf/10.1.1/../../../../../H-x86_64-mingw32/nios2-elf/lib/mno-hw-mul\libsmallc.a(lib_a-__atexit.o)
                0x0000000000085f10                __register_exitproc
 .text          0x000000000008602c        0x0 d:/intelfpga_lite/20.1/nios2eds/bin/gnu/h-x86_64-mingw32/bin/../lib/gcc/nios2-elf/10.1.1/../../../../../H-x86_64-mingw32/nios2-elf/lib/mno-hw-mul\libsmallc.a(lib_a-__call_atexit.o)
 .text.__call_exitprocs
                0x000000000008602c      0x12c d:/intelfpga_lite/20.1/nios2eds/bin/gnu/h-x86_64-mingw32/bin/../lib/gcc/nios2-elf/10.1.1/../../../../../H-x86_64-mingw32/nios2-elf/lib/mno-hw-mul\libsmallc.a(lib_a-__call_atexit.o)
                0x000000000008602c                __call_exitprocs
 .text          0x0000000000086158       0x38 c:/Workspace/quartus/npu/software/npu_bsp/\libhal_bsp.a(alt_exit.o)
                0x0000000000086158                _exit
 *(.gnu.warning.*)
 *(.fini)
                [!provide]                        PROVIDE (__etext = ABSOLUTE (.))
                [!provide]                        PROVIDE (_etext = ABSOLUTE (.))
                [!provide]                        PROVIDE (etext = ABSOLUTE (.))
 *(.eh_frame_hdr)
                0x0000000000086190                . = ALIGN (0x4)
                [!provide]                        PROVIDE (__preinit_array_start = ABSOLUTE (.))
 *(.preinit_array)
                [!provide]                        PROVIDE (__preinit_array_end = ABSOLUTE (.))
                [!provide]                        PROVIDE (__init_array_start = ABSOLUTE (.))
 *(.init_array)
                [!provide]                        PROVIDE (__init_array_end = ABSOLUTE (.))
                [!provide]                        PROVIDE (__fini_array_start = ABSOLUTE (.))
 *(.fini_array)
                [!provide]                        PROVIDE (__fini_array_end = ABSOLUTE (.))
 *(.eh_frame)
 *(.gcc_except_table .gcc_except_table.*)
 *(.dynamic)
                0x0000000000086190                PROVIDE (__CTOR_LIST__ = ABSOLUTE (.))
 *(.ctors)
 *(SORT_BY_NAME(.ctors.*))
                0x0000000000086190                PROVIDE (__CTOR_END__ = ABSOLUTE (.))
                0x0000000000086190                PROVIDE (__DTOR_LIST__ = ABSOLUTE (.))
 *(.dtors)
 *(SORT_BY_NAME(.dtors.*))
                0x0000000000086190                PROVIDE (__DTOR_END__ = ABSOLUTE (.))
 *(.jcr)
                0x0000000000086190                . = ALIGN (0x4)

.rodata         0x0000000000086190      0x7a0
                0x0000000000086190                PROVIDE (__ram_rodata_start = ABSOLUTE (.))
                0x0000000000086190                . = ALIGN (0x4)
 *(.rodata .rodata.* .gnu.linkonce.r.*)
 .rodata        0x0000000000086190      0x4cf obj/default/main.o
 *fill*         0x000000000008665f        0x1 
 .rodata        0x0000000000086660       0x69 obj/default/mem_verify.o
 *fill*         0x00000000000866c9        0x3 
 .rodata._puts_r.str1.4
                0x00000000000866cc        0x2 d:/intelfpga_lite/20.1/nios2eds/bin/gnu/h-x86_64-mingw32/bin/../lib/gcc/nios2-elf/10.1.1/../../../../../H-x86_64-mingw32/nios2-elf/lib/mno-hw-mul\libsmallc.a(lib_a-puts.o)
 *fill*         0x00000000000866ce        0x2 
 .rodata        0x00000000000866d0        0xf c:/Workspace/quartus/npu/software/npu_bsp/\libhal_bsp.a(alt_main.o)
 *fill*         0x00000000000866df        0x1 
 .rodata        0x00000000000866e0       0x52 c:/Workspace/quartus/npu/software/npu_bsp/\libhal_bsp.a(alt_sys_init.o)
 *fill*         0x0000000000086732        0x2 
 .rodata        0x0000000000086734      0x1ed c:/Workspace/quartus/npu/software/npu_bsp/\libhal_bsp.a(altera_msgdma.o)
 *fill*         0x0000000000086921        0x3 
 .rodata        0x0000000000086924        0xa c:/Workspace/quartus/npu/software/npu_bsp/\libhal_bsp.a(alt_dev.o)
 *(.rodata1)
                0x0000000000086930                . = ALIGN (0x4)
 *fill*         0x000000000008692e        0x2 
                0x0000000000086930                PROVIDE (__ram_rodata_end = ABSOLUTE (.))
                0x0000000000086190                PROVIDE (__flash_rodata_start = LOADADDR (.rodata))

.rwdata         0x0000000000086930      0x3bc load address 0x0000000000086cec
                0x0000000000086930                PROVIDE (__ram_rwdata_start = ABSOLUTE (.))
                0x0000000000086930                . = ALIGN (0x4)
 *(.got.plt)
 *(.got)
 *(.data1)
 *(.data .data.* .gnu.linkonce.d.*)
 .data          0x0000000000086930        0x0 c:/Workspace/quartus/npu/software/npu_bsp//obj/HAL/src/crt0.o
 .data          0x0000000000086930        0x0 obj/default/common.o
 .data          0x0000000000086930        0x0 obj/default/main.o
 .data          0x0000000000086930        0x0 obj/default/mem_verify.o
 .data          0x0000000000086930        0x0 d:/intelfpga_lite/20.1/nios2eds/bin/gnu/h-x86_64-mingw32/bin/../lib/gcc/nios2-elf/10.1.1/mno-hw-mul\libgcc.a(_muldi3.o)
 .data          0x0000000000086930        0x0 d:/intelfpga_lite/20.1/nios2eds/bin/gnu/h-x86_64-mingw32/bin/../lib/gcc/nios2-elf/10.1.1/mno-hw-mul\libgcc.a(_bswapsi2.o)
 .data          0x0000000000086930        0x0 d:/intelfpga_lite/20.1/nios2eds/bin/gnu/h-x86_64-mingw32/bin/../lib/gcc/nios2-elf/10.1.1/mno-hw-mul\libgcc.a(lib2-divmod.o)
 .data          0x0000000000086930        0x0 d:/intelfpga_lite/20.1/nios2eds/bin/gnu/h-x86_64-mingw32/bin/../lib/gcc/nios2-elf/10.1.1/mno-hw-mul\libgcc.a(lib2-mul.o)
 .data          0x0000000000086930        0x0 d:/intelfpga_lite/20.1/nios2eds/bin/gnu/h-x86_64-mingw32/bin/../lib/gcc/nios2-elf/10.1.1/../../../../../H-x86_64-mingw32/nios2-elf/lib/mno-hw-mul\libsmallc.a(lib_a-memcpy.o)
 .data          0x0000000000086930        0x0 d:/intelfpga_lite/20.1/nios2eds/bin/gnu/h-x86_64-mingw32/bin/../lib/gcc/nios2-elf/10.1.1/../../../../../H-x86_64-mingw32/nios2-elf/lib/mno-hw-mul\libsmallc.a(lib_a-memset.o)
 .data          0x0000000000086930        0x0 d:/intelfpga_lite/20.1/nios2eds/bin/gnu/h-x86_64-mingw32/bin/../lib/gcc/nios2-elf/10.1.1/../../../../../H-x86_64-mingw32/nios2-elf/lib/mno-hw-mul\libsmallc.a(lib_a-printf.o)
 .data          0x0000000000086930        0x0 d:/intelfpga_lite/20.1/nios2eds/bin/gnu/h-x86_64-mingw32/bin/../lib/gcc/nios2-elf/10.1.1/../../../../../H-x86_64-mingw32/nios2-elf/lib/mno-hw-mul\libsmallc.a(lib_a-putchar.o)
 .data          0x0000000000086930        0x0 d:/intelfpga_lite/20.1/nios2eds/bin/gnu/h-x86_64-mingw32/bin/../lib/gcc/nios2-elf/10.1.1/../../../../../H-x86_64-mingw32/nios2-elf/lib/mno-hw-mul\libsmallc.a(lib_a-puts.o)
 .data          0x0000000000086930        0x0 d:/intelfpga_lite/20.1/nios2eds/bin/gnu/h-x86_64-mingw32/bin/../lib/gcc/nios2-elf/10.1.1/../../../../../H-x86_64-mingw32/nios2-elf/lib/mno-hw-mul\libsmallc.a(lib_a-strlen.o)
 .data          0x0000000000086930        0x0 d:/intelfpga_lite/20.1/nios2eds/bin/gnu/h-x86_64-mingw32/bin/../lib/gcc/nios2-elf/10.1.1/../../../../../H-x86_64-mingw32/nios2-elf/lib/mno-hw-mul\libsmallc.a(lib_a-vfprintf.o)
 .data          0x0000000000086930        0x0 d:/intelfpga_lite/20.1/nios2eds/bin/gnu/h-x86_64-mingw32/bin/../lib/gcc/nios2-elf/10.1.1/../../../../../H-x86_64-mingw32/nios2-elf/lib/mno-hw-mul\libsmallc.a(lib_a-fvwrite_small_dev.o)
 .data          0x0000000000086930        0x0 d:/intelfpga_lite/20.1/nios2eds/bin/gnu/h-x86_64-mingw32/bin/../lib/gcc/nios2-elf/10.1.1/../../../../../H-x86_64-mingw32/nios2-elf/lib/mno-hw-mul\libsmallc.a(lib_a-impure.o)
 .data.impure_data
                0x0000000000086930       0xe4 d:/intelfpga_lite/20.1/nios2eds/bin/gnu/h-x86_64-mingw32/bin/../lib/gcc/nios2-elf/10.1.1/../../../../../H-x86_64-mingw32/nios2-elf/lib/mno-hw-mul\libsmallc.a(lib_a-impure.o)
 .data          0x0000000000086a14        0x0 d:/intelfpga_lite/20.1/nios2eds/bin/gnu/h-x86_64-mingw32/bin/../lib/gcc/nios2-elf/10.1.1/../../../../../H-x86_64-mingw32/nios2-elf/lib/mno-hw-mul\libsmallc.a(lib_a-putc.o)
 .data          0x0000000000086a14        0x0 d:/intelfpga_lite/20.1/nios2eds/bin/gnu/h-x86_64-mingw32/bin/../lib/gcc/nios2-elf/10.1.1/../../../../../H-x86_64-mingw32/nios2-elf/lib/mno-hw-mul\libsmallc.a(lib_a-writer.o)
 .data          0x0000000000086a14        0x0 d:/intelfpga_lite/20.1/nios2eds/bin/gnu/h-x86_64-mingw32/bin/../lib/gcc/nios2-elf/10.1.1/../../../../../H-x86_64-mingw32/nios2-elf/lib/mno-hw-mul\libsmallc.a(lib_a-int_errno.o)
 .data          0x0000000000086a14        0x0 c:/Workspace/quartus/npu/software/npu_bsp/\libhal_bsp.a(alt_dcache_flush_all.o)
 .data          0x0000000000086a14        0x0 c:/Workspace/quartus/npu/software/npu_bsp/\libhal_bsp.a(alt_load.o)
 .data          0x0000000000086a14        0x0 c:/Workspace/quartus/npu/software/npu_bsp/\libhal_bsp.a(alt_main.o)
 .data          0x0000000000086a14        0x0 c:/Workspace/quartus/npu/software/npu_bsp/\libhal_bsp.a(alt_tick.o)
 .data          0x0000000000086a14        0x0 c:/Workspace/quartus/npu/software/npu_bsp/\libhal_bsp.a(alt_write.o)
 *fill*         0x0000000000086a14        0xc 
 .data          0x0000000000086a20       0xf0 c:/Workspace/quartus/npu/software/npu_bsp/\libhal_bsp.a(alt_sys_init.o)
 .data          0x0000000000086b10        0x0 c:/Workspace/quartus/npu/software/npu_bsp/\libhal_bsp.a(altera_avalon_jtag_uart_fd.o)
 .data          0x0000000000086b10        0x0 c:/Workspace/quartus/npu/software/npu_bsp/\libhal_bsp.a(altera_avalon_jtag_uart_read.o)
 .data          0x0000000000086b10        0x0 c:/Workspace/quartus/npu/software/npu_bsp/\libhal_bsp.a(altera_avalon_jtag_uart_write.o)
 .data          0x0000000000086b10        0x0 c:/Workspace/quartus/npu/software/npu_bsp/\libhal_bsp.a(altera_avalon_timer_sc.o)
 .data          0x0000000000086b10        0x0 c:/Workspace/quartus/npu/software/npu_bsp/\libhal_bsp.a(altera_msgdma.o)
 .data          0x0000000000086b10        0x0 c:/Workspace/quartus/npu/software/npu_bsp/\libhal_bsp.a(alt_busy_sleep.o)
 .data          0x0000000000086b10        0x0 c:/Workspace/quartus/npu/software/npu_bsp/\libhal_bsp.a(alt_close.o)
 .data          0x0000000000086b10        0x0 c:/Workspace/quartus/npu/software/npu_bsp/\libhal_bsp.a(alt_dcache_flush.o)
 .data          0x0000000000086b10      0x1a8 c:/Workspace/quartus/npu/software/npu_bsp/\libhal_bsp.a(alt_dev.o)
                0x0000000000086b10                alt_dev_null
                0x0000000000086b38                alt_fd_list
 .data          0x0000000000086cb8        0x0 c:/Workspace/quartus/npu/software/npu_bsp/\libhal_bsp.a(alt_dev_llist_insert.o)
 .data          0x0000000000086cb8        0x0 c:/Workspace/quartus/npu/software/npu_bsp/\libhal_bsp.a(alt_do_ctors.o)
 .data          0x0000000000086cb8        0x0 c:/Workspace/quartus/npu/software/npu_bsp/\libhal_bsp.a(alt_do_dtors.o)
 .data          0x0000000000086cb8        0x0 c:/Workspace/quartus/npu/software/npu_bsp/\libhal_bsp.a(alt_errno.o)
 .data          0x0000000000086cb8        0x0 c:/Workspace/quartus/npu/software/npu_bsp/\libhal_bsp.a(alt_find_dev.o)
 .data          0x0000000000086cb8        0x0 c:/Workspace/quartus/npu/software/npu_bsp/\libhal_bsp.a(alt_icache_flush_all.o)
 .data          0x0000000000086cb8        0x0 c:/Workspace/quartus/npu/software/npu_bsp/\libhal_bsp.a(alt_iic.o)
 .data          0x0000000000086cb8        0x0 c:/Workspace/quartus/npu/software/npu_bsp/\libhal_bsp.a(alt_iic_isr_register.o)
 .data          0x0000000000086cb8        0x0 c:/Workspace/quartus/npu/software/npu_bsp/\libhal_bsp.a(alt_io_redirect.o)
 .data          0x0000000000086cb8        0x0 c:/Workspace/quartus/npu/software/npu_bsp/\libhal_bsp.a(alt_irq_entry.o)
 .data          0x0000000000086cb8        0x0 c:/Workspace/quartus/npu/software/npu_bsp/\libhal_bsp.a(alt_irq_handler.o)
 .data          0x0000000000086cb8        0x0 c:/Workspace/quartus/npu/software/npu_bsp/\libhal_bsp.a(alt_irq_vars.o)
 .data          0x0000000000086cb8        0x0 c:/Workspace/quartus/npu/software/npu_bsp/\libhal_bsp.a(alt_open.o)
 .data          0x0000000000086cb8        0x0 c:/Workspace/quartus/npu/software/npu_bsp/\libhal_bsp.a(alt_printf.o)
 .data          0x0000000000086cb8        0x0 c:/Workspace/quartus/npu/software/npu_bsp/\libhal_bsp.a(alt_putchar.o)
 .data          0x0000000000086cb8        0x0 c:/Workspace/quartus/npu/software/npu_bsp/\libhal_bsp.a(alt_release_fd.o)
 .data          0x0000000000086cb8        0x0 c:/Workspace/quartus/npu/software/npu_bsp/\libhal_bsp.a(altera_nios2_gen2_irq.o)
 .data          0x0000000000086cb8        0x0 c:/Workspace/quartus/npu/software/npu_bsp/\libhal_bsp.a(alt_exception_entry.o)
 .data          0x0000000000086cb8        0x0 c:/Workspace/quartus/npu/software/npu_bsp/\libhal_bsp.a(alt_find_file.o)
 .data          0x0000000000086cb8        0x0 c:/Workspace/quartus/npu/software/npu_bsp/\libhal_bsp.a(alt_get_fd.o)
 .data          0x0000000000086cb8        0x0 c:/Workspace/quartus/npu/software/npu_bsp/\libhal_bsp.a(alt_instruction_exception_entry.o)
 .data          0x0000000000086cb8        0x0 d:/intelfpga_lite/20.1/nios2eds/bin/gnu/h-x86_64-mingw32/bin/../lib/gcc/nios2-elf/10.1.1/../../../../../H-x86_64-mingw32/nios2-elf/lib/mno-hw-mul\libsmallc.a(lib_a-atexit.o)
 .data          0x0000000000086cb8        0x0 d:/intelfpga_lite/20.1/nios2eds/bin/gnu/h-x86_64-mingw32/bin/../lib/gcc/nios2-elf/10.1.1/../../../../../H-x86_64-mingw32/nios2-elf/lib/mno-hw-mul\libsmallc.a(lib_a-exit.o)
 .data          0x0000000000086cb8        0x0 d:/intelfpga_lite/20.1/nios2eds/bin/gnu/h-x86_64-mingw32/bin/../lib/gcc/nios2-elf/10.1.1/../../../../../H-x86_64-mingw32/nios2-elf/lib/mno-hw-mul\libsmallc.a(lib_a-memcmp.o)
 .data          0x0000000000086cb8        0x0 d:/intelfpga_lite/20.1/nios2eds/bin/gnu/h-x86_64-mingw32/bin/../lib/gcc/nios2-elf/10.1.1/../../../../../H-x86_64-mingw32/nios2-elf/lib/mno-hw-mul\libsmallc.a(lib_a-__atexit.o)
 .data          0x0000000000086cb8        0x0 d:/intelfpga_lite/20.1/nios2eds/bin/gnu/h-x86_64-mingw32/bin/../lib/gcc/nios2-elf/10.1.1/../../../../../H-x86_64-mingw32/nios2-elf/lib/mno-hw-mul\libsmallc.a(lib_a-__call_atexit.o)
 .data          0x0000000000086cb8        0x0 c:/Workspace/quartus/npu/software/npu_bsp/\libhal_bsp.a(alt_exit.o)
                0x000000000008ecb8                _gp = ABSOLUTE ((. + 0x8000))
                [!provide]                        PROVIDE (gp = _gp)
 *(.rwdata .rwdata.*)
 *(.sdata .sdata.* .gnu.linkonce.s.*)
 .sdata._global_impure_ptr
                0x0000000000086cb8        0x4 d:/intelfpga_lite/20.1/nios2eds/bin/gnu/h-x86_64-mingw32/bin/../lib/gcc/nios2-elf/10.1.1/../../../../../H-x86_64-mingw32/nios2-elf/lib/mno-hw-mul\libsmallc.a(lib_a-impure.o)
                0x0000000000086cb8                _global_impure_ptr
 .sdata._impure_ptr
                0x0000000000086cbc        0x4 d:/intelfpga_lite/20.1/nios2eds/bin/gnu/h-x86_64-mingw32/bin/../lib/gcc/nios2-elf/10.1.1/../../../../../H-x86_64-mingw32/nios2-elf/lib/mno-hw-mul\libsmallc.a(lib_a-impure.o)
                0x0000000000086cbc                _impure_ptr
 .sdata         0x0000000000086cc0        0x8 c:/Workspace/quartus/npu/software/npu_bsp/\libhal_bsp.a(alt_tick.o)
                0x0000000000086cc0                alt_alarm_list
 .sdata         0x0000000000086cc8        0x8 c:/Workspace/quartus/npu/software/npu_bsp/\libhal_bsp.a(altera_msgdma.o)
                0x0000000000086cc8                alt_msgdma_list
 .sdata         0x0000000000086cd0       0x14 c:/Workspace/quartus/npu/software/npu_bsp/\libhal_bsp.a(alt_dev.o)
                0x0000000000086cd0                alt_fs_list
                0x0000000000086cd8                alt_dev_list
                0x0000000000086ce0                alt_max_fd
 .sdata         0x0000000000086ce4        0x4 c:/Workspace/quartus/npu/software/npu_bsp/\libhal_bsp.a(alt_errno.o)
                0x0000000000086ce4                alt_errno
 .sdata         0x0000000000086ce8        0x4 c:/Workspace/quartus/npu/software/npu_bsp/\libhal_bsp.a(alt_irq_vars.o)
                0x0000000000086ce8                alt_priority_mask
 *(.sdata2 .sdata2.* .gnu.linkonce.s2.*)
                0x0000000000086cec                . = ALIGN (0x4)
                0x0000000000086cec                _edata = ABSOLUTE (.)
                [!provide]                        PROVIDE (edata = ABSOLUTE (.))
                0x0000000000086cec                PROVIDE (__ram_rwdata_end = ABSOLUTE (.))
                0x0000000000086cec                PROVIDE (__flash_rwdata_start = LOADADDR (.rwdata))

.bss            0x00000000000870a8      0x120
                0x00000000000870a8                __bss_start = ABSOLUTE (.)
                [!provide]                        PROVIDE (__sbss_start = ABSOLUTE (.))
                [!provide]                        PROVIDE (___sbss_start = ABSOLUTE (.))
 *(.dynsbss)
 *(.sbss .sbss.* .gnu.linkonce.sb.*)
 .sbss.errno    0x00000000000870a8        0x4 d:/intelfpga_lite/20.1/nios2eds/bin/gnu/h-x86_64-mingw32/bin/../lib/gcc/nios2-elf/10.1.1/../../../../../H-x86_64-mingw32/nios2-elf/lib/mno-hw-mul\libsmallc.a(lib_a-int_errno.o)
                0x00000000000870a8                errno
 .sbss          0x00000000000870ac        0xc c:/Workspace/quartus/npu/software/npu_bsp/\libhal_bsp.a(alt_main.o)
                0x00000000000870ac                alt_argc
                0x00000000000870b0                alt_argv
                0x00000000000870b4                alt_envp
 .sbss          0x00000000000870b8        0x8 c:/Workspace/quartus/npu/software/npu_bsp/\libhal_bsp.a(alt_tick.o)
                0x00000000000870b8                _alt_tick_rate
                0x00000000000870bc                _alt_nticks
 .sbss          0x00000000000870c0        0x4 c:/Workspace/quartus/npu/software/npu_bsp/\libhal_bsp.a(alt_irq_vars.o)
                0x00000000000870c0                alt_irq_active
 .sbss          0x00000000000870c4        0x4 c:/Workspace/quartus/npu/software/npu_bsp/\libhal_bsp.a(alt_instruction_exception_entry.o)
                0x00000000000870c4                alt_instruction_exception_handler
 *(.sbss2 .sbss2.* .gnu.linkonce.sb2.*)
 *(.scommon)
                [!provide]                        PROVIDE (__sbss_end = ABSOLUTE (.))
                [!provide]                        PROVIDE (___sbss_end = ABSOLUTE (.))
 *(.dynbss)
 *(.bss .bss.* .gnu.linkonce.b.*)
 .bss           0x00000000000870c8        0x0 c:/Workspace/quartus/npu/software/npu_bsp//obj/HAL/src/crt0.o
 .bss           0x00000000000870c8        0x0 obj/default/common.o
 .bss           0x00000000000870c8        0x0 obj/default/main.o
 .bss           0x00000000000870c8        0x0 obj/default/mem_verify.o
 .bss           0x00000000000870c8        0x0 d:/intelfpga_lite/20.1/nios2eds/bin/gnu/h-x86_64-mingw32/bin/../lib/gcc/nios2-elf/10.1.1/mno-hw-mul\libgcc.a(_muldi3.o)
 .bss           0x00000000000870c8        0x0 d:/intelfpga_lite/20.1/nios2eds/bin/gnu/h-x86_64-mingw32/bin/../lib/gcc/nios2-elf/10.1.1/mno-hw-mul\libgcc.a(_bswapsi2.o)
 .bss           0x00000000000870c8        0x0 d:/intelfpga_lite/20.1/nios2eds/bin/gnu/h-x86_64-mingw32/bin/../lib/gcc/nios2-elf/10.1.1/mno-hw-mul\libgcc.a(lib2-divmod.o)
 .bss           0x00000000000870c8        0x0 d:/intelfpga_lite/20.1/nios2eds/bin/gnu/h-x86_64-mingw32/bin/../lib/gcc/nios2-elf/10.1.1/mno-hw-mul\libgcc.a(lib2-mul.o)
 .bss           0x00000000000870c8        0x0 d:/intelfpga_lite/20.1/nios2eds/bin/gnu/h-x86_64-mingw32/bin/../lib/gcc/nios2-elf/10.1.1/../../../../../H-x86_64-mingw32/nios2-elf/lib/mno-hw-mul\libsmallc.a(lib_a-memcpy.o)
 .bss           0x00000000000870c8        0x0 d:/intelfpga_lite/20.1/nios2eds/bin/gnu/h-x86_64-mingw32/bin/../lib/gcc/nios2-elf/10.1.1/../../../../../H-x86_64-mingw32/nios2-elf/lib/mno-hw-mul\libsmallc.a(lib_a-memset.o)
 .bss           0x00000000000870c8        0x0 d:/intelfpga_lite/20.1/nios2eds/bin/gnu/h-x86_64-mingw32/bin/../lib/gcc/nios2-elf/10.1.1/../../../../../H-x86_64-mingw32/nios2-elf/lib/mno-hw-mul\libsmallc.a(lib_a-printf.o)
 .bss           0x00000000000870c8        0x0 d:/intelfpga_lite/20.1/nios2eds/bin/gnu/h-x86_64-mingw32/bin/../lib/gcc/nios2-elf/10.1.1/../../../../../H-x86_64-mingw32/nios2-elf/lib/mno-hw-mul\libsmallc.a(lib_a-putchar.o)
 .bss           0x00000000000870c8        0x0 d:/intelfpga_lite/20.1/nios2eds/bin/gnu/h-x86_64-mingw32/bin/../lib/gcc/nios2-elf/10.1.1/../../../../../H-x86_64-mingw32/nios2-elf/lib/mno-hw-mul\libsmallc.a(lib_a-puts.o)
 .bss           0x00000000000870c8        0x0 d:/intelfpga_lite/20.1/nios2eds/bin/gnu/h-x86_64-mingw32/bin/../lib/gcc/nios2-elf/10.1.1/../../../../../H-x86_64-mingw32/nios2-elf/lib/mno-hw-mul\libsmallc.a(lib_a-strlen.o)
 .bss           0x00000000000870c8        0x0 d:/intelfpga_lite/20.1/nios2eds/bin/gnu/h-x86_64-mingw32/bin/../lib/gcc/nios2-elf/10.1.1/../../../../../H-x86_64-mingw32/nios2-elf/lib/mno-hw-mul\libsmallc.a(lib_a-vfprintf.o)
 .bss           0x00000000000870c8        0x0 d:/intelfpga_lite/20.1/nios2eds/bin/gnu/h-x86_64-mingw32/bin/../lib/gcc/nios2-elf/10.1.1/../../../../../H-x86_64-mingw32/nios2-elf/lib/mno-hw-mul\libsmallc.a(lib_a-fvwrite_small_dev.o)
 .bss           0x00000000000870c8        0x0 d:/intelfpga_lite/20.1/nios2eds/bin/gnu/h-x86_64-mingw32/bin/../lib/gcc/nios2-elf/10.1.1/../../../../../H-x86_64-mingw32/nios2-elf/lib/mno-hw-mul\libsmallc.a(lib_a-impure.o)
 .bss           0x00000000000870c8        0x0 d:/intelfpga_lite/20.1/nios2eds/bin/gnu/h-x86_64-mingw32/bin/../lib/gcc/nios2-elf/10.1.1/../../../../../H-x86_64-mingw32/nios2-elf/lib/mno-hw-mul\libsmallc.a(lib_a-putc.o)
 .bss           0x00000000000870c8        0x0 d:/intelfpga_lite/20.1/nios2eds/bin/gnu/h-x86_64-mingw32/bin/../lib/gcc/nios2-elf/10.1.1/../../../../../H-x86_64-mingw32/nios2-elf/lib/mno-hw-mul\libsmallc.a(lib_a-writer.o)
 .bss           0x00000000000870c8        0x0 d:/intelfpga_lite/20.1/nios2eds/bin/gnu/h-x86_64-mingw32/bin/../lib/gcc/nios2-elf/10.1.1/../../../../../H-x86_64-mingw32/nios2-elf/lib/mno-hw-mul\libsmallc.a(lib_a-int_errno.o)
 .bss           0x00000000000870c8        0x0 c:/Workspace/quartus/npu/software/npu_bsp/\libhal_bsp.a(alt_dcache_flush_all.o)
 .bss           0x00000000000870c8        0x0 c:/Workspace/quartus/npu/software/npu_bsp/\libhal_bsp.a(alt_load.o)
 .bss           0x00000000000870c8        0x0 c:/Workspace/quartus/npu/software/npu_bsp/\libhal_bsp.a(alt_main.o)
 .bss           0x00000000000870c8        0x0 c:/Workspace/quartus/npu/software/npu_bsp/\libhal_bsp.a(alt_tick.o)
 .bss           0x00000000000870c8        0x0 c:/Workspace/quartus/npu/software/npu_bsp/\libhal_bsp.a(alt_write.o)
 .bss           0x00000000000870c8        0x0 c:/Workspace/quartus/npu/software/npu_bsp/\libhal_bsp.a(alt_sys_init.o)
 .bss           0x00000000000870c8        0x0 c:/Workspace/quartus/npu/software/npu_bsp/\libhal_bsp.a(altera_avalon_jtag_uart_fd.o)
 .bss           0x00000000000870c8        0x0 c:/Workspace/quartus/npu/software/npu_bsp/\libhal_bsp.a(altera_avalon_jtag_uart_read.o)
 .bss           0x00000000000870c8        0x0 c:/Workspace/quartus/npu/software/npu_bsp/\libhal_bsp.a(altera_avalon_jtag_uart_write.o)
 .bss           0x00000000000870c8        0x0 c:/Workspace/quartus/npu/software/npu_bsp/\libhal_bsp.a(altera_avalon_timer_sc.o)
 .bss           0x00000000000870c8        0x0 c:/Workspace/quartus/npu/software/npu_bsp/\libhal_bsp.a(altera_msgdma.o)
 .bss           0x00000000000870c8        0x0 c:/Workspace/quartus/npu/software/npu_bsp/\libhal_bsp.a(alt_busy_sleep.o)
 .bss           0x00000000000870c8        0x0 c:/Workspace/quartus/npu/software/npu_bsp/\libhal_bsp.a(alt_close.o)
 .bss           0x00000000000870c8        0x0 c:/Workspace/quartus/npu/software/npu_bsp/\libhal_bsp.a(alt_dcache_flush.o)
 .bss           0x00000000000870c8        0x0 c:/Workspace/quartus/npu/software/npu_bsp/\libhal_bsp.a(alt_dev.o)
 .bss           0x00000000000870c8        0x0 c:/Workspace/quartus/npu/software/npu_bsp/\libhal_bsp.a(alt_dev_llist_insert.o)
 .bss           0x00000000000870c8        0x0 c:/Workspace/quartus/npu/software/npu_bsp/\libhal_bsp.a(alt_do_ctors.o)
 .bss           0x00000000000870c8        0x0 c:/Workspace/quartus/npu/software/npu_bsp/\libhal_bsp.a(alt_do_dtors.o)
 .bss           0x00000000000870c8        0x0 c:/Workspace/quartus/npu/software/npu_bsp/\libhal_bsp.a(alt_errno.o)
 .bss           0x00000000000870c8        0x0 c:/Workspace/quartus/npu/software/npu_bsp/\libhal_bsp.a(alt_find_dev.o)
 .bss           0x00000000000870c8        0x0 c:/Workspace/quartus/npu/software/npu_bsp/\libhal_bsp.a(alt_icache_flush_all.o)
 .bss           0x00000000000870c8        0x0 c:/Workspace/quartus/npu/software/npu_bsp/\libhal_bsp.a(alt_iic.o)
 .bss           0x00000000000870c8        0x0 c:/Workspace/quartus/npu/software/npu_bsp/\libhal_bsp.a(alt_iic_isr_register.o)
 .bss           0x00000000000870c8        0x0 c:/Workspace/quartus/npu/software/npu_bsp/\libhal_bsp.a(alt_io_redirect.o)
 .bss           0x00000000000870c8        0x0 c:/Workspace/quartus/npu/software/npu_bsp/\libhal_bsp.a(alt_irq_entry.o)
 .bss           0x00000000000870c8      0x100 c:/Workspace/quartus/npu/software/npu_bsp/\libhal_bsp.a(alt_irq_handler.o)
                0x00000000000870c8                alt_irq
 .bss           0x00000000000871c8        0x0 c:/Workspace/quartus/npu/software/npu_bsp/\libhal_bsp.a(alt_irq_vars.o)
 .bss           0x00000000000871c8        0x0 c:/Workspace/quartus/npu/software/npu_bsp/\libhal_bsp.a(alt_open.o)
 .bss           0x00000000000871c8        0x0 c:/Workspace/quartus/npu/software/npu_bsp/\libhal_bsp.a(alt_printf.o)
 .bss           0x00000000000871c8        0x0 c:/Workspace/quartus/npu/software/npu_bsp/\libhal_bsp.a(alt_putchar.o)
 .bss           0x00000000000871c8        0x0 c:/Workspace/quartus/npu/software/npu_bsp/\libhal_bsp.a(alt_release_fd.o)
 .bss           0x00000000000871c8        0x0 c:/Workspace/quartus/npu/software/npu_bsp/\libhal_bsp.a(altera_nios2_gen2_irq.o)
 .bss           0x00000000000871c8        0x0 c:/Workspace/quartus/npu/software/npu_bsp/\libhal_bsp.a(alt_exception_entry.o)
 .bss           0x00000000000871c8        0x0 c:/Workspace/quartus/npu/software/npu_bsp/\libhal_bsp.a(alt_find_file.o)
 .bss           0x00000000000871c8        0x0 c:/Workspace/quartus/npu/software/npu_bsp/\libhal_bsp.a(alt_get_fd.o)
 .bss           0x00000000000871c8        0x0 c:/Workspace/quartus/npu/software/npu_bsp/\libhal_bsp.a(alt_instruction_exception_entry.o)
 .bss           0x00000000000871c8        0x0 d:/intelfpga_lite/20.1/nios2eds/bin/gnu/h-x86_64-mingw32/bin/../lib/gcc/nios2-elf/10.1.1/../../../../../H-x86_64-mingw32/nios2-elf/lib/mno-hw-mul\libsmallc.a(lib_a-atexit.o)
 .bss           0x00000000000871c8        0x0 d:/intelfpga_lite/20.1/nios2eds/bin/gnu/h-x86_64-mingw32/bin/../lib/gcc/nios2-elf/10.1.1/../../../../../H-x86_64-mingw32/nios2-elf/lib/mno-hw-mul\libsmallc.a(lib_a-exit.o)
 .bss           0x00000000000871c8        0x0 d:/intelfpga_lite/20.1/nios2eds/bin/gnu/h-x86_64-mingw32/bin/../lib/gcc/nios2-elf/10.1.1/../../../../../H-x86_64-mingw32/nios2-elf/lib/mno-hw-mul\libsmallc.a(lib_a-memcmp.o)
 .bss           0x00000000000871c8        0x0 d:/intelfpga_lite/20.1/nios2eds/bin/gnu/h-x86_64-mingw32/bin/../lib/gcc/nios2-elf/10.1.1/../../../../../H-x86_64-mingw32/nios2-elf/lib/mno-hw-mul\libsmallc.a(lib_a-__atexit.o)
 .bss           0x00000000000871c8        0x0 d:/intelfpga_lite/20.1/nios2eds/bin/gnu/h-x86_64-mingw32/bin/../lib/gcc/nios2-elf/10.1.1/../../../../../H-x86_64-mingw32/nios2-elf/lib/mno-hw-mul\libsmallc.a(lib_a-__call_atexit.o)
 .bss           0x00000000000871c8        0x0 c:/Workspace/quartus/npu/software/npu_bsp/\libhal_bsp.a(alt_exit.o)
 *(COMMON)
                0x00000000000871c8                . = ALIGN (0x4)
                0x00000000000871c8                __bss_end = ABSOLUTE (.)

.npu_ocm        0x0000000000040000        0x0 load address 0x00000000000871c8
                [!provide]                        PROVIDE (_alt_partition_npu_ocm_start = ABSOLUTE (.))
 *(.npu_ocm .npu_ocm. npu_ocm.*)
                0x0000000000040000                . = ALIGN (0x4)
                [!provide]                        PROVIDE (_alt_partition_npu_ocm_end = ABSOLUTE (.))
                [!provide]                        PROVIDE (_alt_partition_npu_ocm_load_addr = LOADADDR (.npu_ocm))

.onchip_memory2_0
                0x00000000000871c8        0x0
                [!provide]                        PROVIDE (_alt_partition_onchip_memory2_0_start = ABSOLUTE (.))
 *(.onchip_memory2_0 .onchip_memory2_0. onchip_memory2_0.*)
                0x00000000000871c8                . = ALIGN (0x4)
                [!provide]                        PROVIDE (_alt_partition_onchip_memory2_0_end = ABSOLUTE (.))
                0x00000000000871c8                _end = ABSOLUTE (.)
                0x00000000000871c8                end = ABSOLUTE (.)
                0x00000000000871c8                __alt_stack_base = ABSOLUTE (.)
                [!provide]                        PROVIDE (_alt_partition_onchip_memory2_0_load_addr = LOADADDR (.onchip_memory2_0))

.stab
 *(.stab)

.stabstr
 *(.stabstr)

.stab.excl
 *(.stab.excl)

.stab.exclstr
 *(.stab.exclstr)

.stab.index
 *(.stab.index)

.stab.indexstr
 *(.stab.indexstr)

.comment        0x0000000000000000       0x2d
 *(.comment)
 .comment       0x0000000000000000       0x2d obj/default/common.o
                                         0x2e (size before relaxing)
 .comment       0x000000000000002d       0x2e obj/default/main.o
 .comment       0x000000000000002d       0x2e obj/default/mem_verify.o
 .comment       0x000000000000002d       0x2e d:/intelfpga_lite/20.1/nios2eds/bin/gnu/h-x86_64-mingw32/bin/../lib/gcc/nios2-elf/10.1.1/mno-hw-mul\libgcc.a(_muldi3.o)
 .comment       0x000000000000002d       0x2e d:/intelfpga_lite/20.1/nios2eds/bin/gnu/h-x86_64-mingw32/bin/../lib/gcc/nios2-elf/10.1.1/mno-hw-mul\libgcc.a(_bswapsi2.o)
 .comment       0x000000000000002d       0x2e d:/intelfpga_lite/20.1/nios2eds/bin/gnu/h-x86_64-mingw32/bin/../lib/gcc/nios2-elf/10.1.1/mno-hw-mul\libgcc.a(lib2-divmod.o)
 .comment       0x000000000000002d       0x2e d:/intelfpga_lite/20.1/nios2eds/bin/gnu/h-x86_64-mingw32/bin/../lib/gcc/nios2-elf/10.1.1/mno-hw-mul\libgcc.a(lib2-mul.o)
 .comment       0x000000000000002d       0x2e d:/intelfpga_lite/20.1/nios2eds/bin/gnu/h-x86_64-mingw32/bin/../lib/gcc/nios2-elf/10.1.1/../../../../../H-x86_64-mingw32/nios2-elf/lib/mno-hw-mul\libsmallc.a(lib_a-memcpy.o)
 .comment       0x000000000000002d       0x2e d:/intelfpga_lite/20.1/nios2eds/bin/gnu/h-x86_64-mingw32/bin/../lib/gcc/nios2-elf/10.1.1/../../../../../H-x86_64-mingw32/nios2-elf/lib/mno-hw-mul\libsmallc.a(lib_a-memset.o)
 .comment       0x000000000000002d       0x2e d:/intelfpga_lite/20.1/nios2eds/bin/gnu/h-x86_64-mingw32/bin/../lib/gcc/nios2-elf/10.1.1/../../../../../H-x86_64-mingw32/nios2-elf/lib/mno-hw-mul\libsmallc.a(lib_a-printf.o)
 .comment       0x000000000000002d       0x2e d:/intelfpga_lite/20.1/nios2eds/bin/gnu/h-x86_64-mingw32/bin/../lib/gcc/nios2-elf/10.1.1/../../../../../H-x86_64-mingw32/nios2-elf/lib/mno-hw-mul\libsmallc.a(lib_a-putchar.o)
 .comment       0x000000000000002d       0x2e d:/intelfpga_lite/20.1/nios2eds/bin/gnu/h-x86_64-mingw32/bin/../lib/gcc/nios2-elf/10.1.1/../../../../../H-x86_64-mingw32/nios2-elf/lib/mno-hw-mul\libsmallc.a(lib_a-puts.o)
 .comment       0x000000000000002d       0x2e d:/intelfpga_lite/20.1/nios2eds/bin/gnu/h-x86_64-mingw32/bin/../lib/gcc/nios2-elf/10.1.1/../../../../../H-x86_64-mingw32/nios2-elf/lib/mno-hw-mul\libsmallc.a(lib_a-strlen.o)
 .comment       0x000000000000002d       0x2e d:/intelfpga_lite/20.1/nios2eds/bin/gnu/h-x86_64-mingw32/bin/../lib/gcc/nios2-elf/10.1.1/../../../../../H-x86_64-mingw32/nios2-elf/lib/mno-hw-mul\libsmallc.a(lib_a-vfprintf.o)
 .comment       0x000000000000002d       0x2e d:/intelfpga_lite/20.1/nios2eds/bin/gnu/h-x86_64-mingw32/bin/../lib/gcc/nios2-elf/10.1.1/../../../../../H-x86_64-mingw32/nios2-elf/lib/mno-hw-mul\libsmallc.a(lib_a-fvwrite_small_dev.o)
 .comment       0x000000000000002d       0x2e d:/intelfpga_lite/20.1/nios2eds/bin/gnu/h-x86_64-mingw32/bin/../lib/gcc/nios2-elf/10.1.1/../../../../../H-x86_64-mingw32/nios2-elf/lib/mno-hw-mul\libsmallc.a(lib_a-impure.o)
 .comment       0x000000000000002d       0x2e d:/intelfpga_lite/20.1/nios2eds/bin/gnu/h-x86_64-mingw32/bin/../lib/gcc/nios2-elf/10.1.1/../../../../../H-x86_64-mingw32/nios2-elf/lib/mno-hw-mul\libsmallc.a(lib_a-putc.o)
 .comment       0x000000000000002d       0x2e d:/intelfpga_lite/20.1/nios2eds/bin/gnu/h-x86_64-mingw32/bin/../lib/gcc/nios2-elf/10.1.1/../../../../../H-x86_64-mingw32/nios2-elf/lib/mno-hw-mul\libsmallc.a(lib_a-writer.o)
 .comment       0x000000000000002d       0x2e d:/intelfpga_lite/20.1/nios2eds/bin/gnu/h-x86_64-mingw32/bin/../lib/gcc/nios2-elf/10.1.1/../../../../../H-x86_64-mingw32/nios2-elf/lib/mno-hw-mul\libsmallc.a(lib_a-int_errno.o)
 .comment       0x000000000000002d       0x2e c:/Workspace/quartus/npu/software/npu_bsp/\libhal_bsp.a(alt_dcache_flush_all.o)
 .comment       0x000000000000002d       0x2e c:/Workspace/quartus/npu/software/npu_bsp/\libhal_bsp.a(alt_load.o)
 .comment       0x000000000000002d       0x2e c:/Workspace/quartus/npu/software/npu_bsp/\libhal_bsp.a(alt_main.o)
 .comment       0x000000000000002d       0x2e c:/Workspace/quartus/npu/software/npu_bsp/\libhal_bsp.a(alt_tick.o)
 .comment       0x000000000000002d       0x2e c:/Workspace/quartus/npu/software/npu_bsp/\libhal_bsp.a(alt_write.o)
 .comment       0x000000000000002d       0x2e c:/Workspace/quartus/npu/software/npu_bsp/\libhal_bsp.a(alt_sys_init.o)
 .comment       0x000000000000002d       0x2e c:/Workspace/quartus/npu/software/npu_bsp/\libhal_bsp.a(altera_avalon_jtag_uart_fd.o)
 .comment       0x000000000000002d       0x2e c:/Workspace/quartus/npu/software/npu_bsp/\libhal_bsp.a(altera_avalon_jtag_uart_read.o)
 .comment       0x000000000000002d       0x2e c:/Workspace/quartus/npu/software/npu_bsp/\libhal_bsp.a(altera_avalon_jtag_uart_write.o)
 .comment       0x000000000000002d       0x2e c:/Workspace/quartus/npu/software/npu_bsp/\libhal_bsp.a(altera_avalon_timer_sc.o)
 .comment       0x000000000000002d       0x2e c:/Workspace/quartus/npu/software/npu_bsp/\libhal_bsp.a(altera_msgdma.o)
 .comment       0x000000000000002d       0x2e c:/Workspace/quartus/npu/software/npu_bsp/\libhal_bsp.a(alt_busy_sleep.o)
 .comment       0x000000000000002d       0x2e c:/Workspace/quartus/npu/software/npu_bsp/\libhal_bsp.a(alt_close.o)
 .comment       0x000000000000002d       0x2e c:/Workspace/quartus/npu/software/npu_bsp/\libhal_bsp.a(alt_dcache_flush.o)
 .comment       0x000000000000002d       0x2e c:/Workspace/quartus/npu/software/npu_bsp/\libhal_bsp.a(alt_dev.o)
 .comment       0x000000000000002d       0x2e c:/Workspace/quartus/npu/software/npu_bsp/\libhal_bsp.a(alt_dev_llist_insert.o)
 .comment       0x000000000000002d       0x2e c:/Workspace/quartus/npu/software/npu_bsp/\libhal_bsp.a(alt_do_ctors.o)
 .comment       0x000000000000002d       0x2e c:/Workspace/quartus/npu/software/npu_bsp/\libhal_bsp.a(alt_do_dtors.o)
 .comment       0x000000000000002d       0x2e c:/Workspace/quartus/npu/software/npu_bsp/\libhal_bsp.a(alt_errno.o)
 .comment       0x000000000000002d       0x2e c:/Workspace/quartus/npu/software/npu_bsp/\libhal_bsp.a(alt_find_dev.o)
 .comment       0x000000000000002d       0x2e c:/Workspace/quartus/npu/software/npu_bsp/\libhal_bsp.a(alt_icache_flush_all.o)
 .comment       0x000000000000002d       0x2e c:/Workspace/quartus/npu/software/npu_bsp/\libhal_bsp.a(alt_iic.o)
 .comment       0x000000000000002d       0x2e c:/Workspace/quartus/npu/software/npu_bsp/\libhal_bsp.a(alt_iic_isr_register.o)
 .comment       0x000000000000002d       0x2e c:/Workspace/quartus/npu/software/npu_bsp/\libhal_bsp.a(alt_io_redirect.o)
 .comment       0x000000000000002d       0x2e c:/Workspace/quartus/npu/software/npu_bsp/\libhal_bsp.a(alt_irq_handler.o)
 .comment       0x000000000000002d       0x2e c:/Workspace/quartus/npu/software/npu_bsp/\libhal_bsp.a(alt_irq_vars.o)
 .comment       0x000000000000002d       0x2e c:/Workspace/quartus/npu/software/npu_bsp/\libhal_bsp.a(alt_open.o)
 .comment       0x000000000000002d       0x2e c:/Workspace/quartus/npu/software/npu_bsp/\libhal_bsp.a(alt_printf.o)
 .comment       0x000000000000002d       0x2e c:/Workspace/quartus/npu/software/npu_bsp/\libhal_bsp.a(alt_putchar.o)
 .comment       0x000000000000002d       0x2e c:/Workspace/quartus/npu/software/npu_bsp/\libhal_bsp.a(alt_release_fd.o)
 .comment       0x000000000000002d       0x2e c:/Workspace/quartus/npu/software/npu_bsp/\libhal_bsp.a(altera_nios2_gen2_irq.o)
 .comment       0x000000000000002d       0x2e c:/Workspace/quartus/npu/software/npu_bsp/\libhal_bsp.a(alt_find_file.o)
 .comment       0x000000000000002d       0x2e c:/Workspace/quartus/npu/software/npu_bsp/\libhal_bsp.a(alt_get_fd.o)
 .comment       0x000000000000002d       0x2e c:/Workspace/quartus/npu/software/npu_bsp/\libhal_bsp.a(alt_instruction_exception_entry.o)
 .comment       0x000000000000002d       0x2e d:/intelfpga_lite/20.1/nios2eds/bin/gnu/h-x86_64-mingw32/bin/../lib/gcc/nios2-elf/10.1.1/../../../../../H-x86_64-mingw32/nios2-elf/lib/mno-hw-mul\libsmallc.a(lib_a-atexit.o)
 .comment       0x000000000000002d       0x2e d:/intelfpga_lite/20.1/nios2eds/bin/gnu/h-x86_64-mingw32/bin/../lib/gcc/nios2-elf/10.1.1/../../../../../H-x86_64-mingw32/nios2-elf/lib/mno-hw-mul\libsmallc.a(lib_a-exit.o)
 .comment       0x000000000000002d       0x2e d:/intelfpga_lite/20.1/nios2eds/bin/gnu/h-x86_64-mingw32/bin/../lib/gcc/nios2-elf/10.1.1/../../../../../H-x86_64-mingw32/nios2-elf/lib/mno-hw-mul\libsmallc.a(lib_a-memcmp.o)
 .comment       0x000000000000002d       0x2e d:/intelfpga_lite/20.1/nios2eds/bin/gnu/h-x86_64-mingw32/bin/../lib/gcc/nios2-elf/10.1.1/../../../../../H-x86_64-mingw32/nios2-elf/lib/mno-hw-mul\libsmallc.a(lib_a-__atexit.o)
 .comment       0x000000000000002d       0x2e d:/intelfpga_lite/20.1/nios2eds/bin/gnu/h-x86_64-mingw32/bin/../lib/gcc/nios2-elf/10.1.1/../../../../../H-x86_64-mingw32/nios2-elf/lib/mno-hw-mul\libsmallc.a(lib_a-__call_atexit.o)
 .comment       0x000000000000002d       0x2e c:/Workspace/quartus/npu/software/npu_bsp/\libhal_bsp.a(alt_exit.o)

.debug
 *(.debug)

.line
 *(.line)

.debug_srcinfo
 *(.debug_srcinfo)

.debug_sfnames
 *(.debug_sfnames)

.debug_aranges  0x0000000000000000      0x808
 *(.debug_aranges)
 .debug_aranges
                0x0000000000000000       0x28 c:/Workspace/quartus/npu/software/npu_bsp//obj/HAL/src/crt0.o
 .debug_aranges
                0x0000000000000028       0x20 obj/default/common.o
 .debug_aranges
                0x0000000000000048       0x20 obj/default/main.o
 .debug_aranges
                0x0000000000000068       0x20 obj/default/mem_verify.o
 .debug_aranges
                0x0000000000000088       0x20 d:/intelfpga_lite/20.1/nios2eds/bin/gnu/h-x86_64-mingw32/bin/../lib/gcc/nios2-elf/10.1.1/mno-hw-mul\libgcc.a(_muldi3.o)
 .debug_aranges
                0x00000000000000a8       0x20 d:/intelfpga_lite/20.1/nios2eds/bin/gnu/h-x86_64-mingw32/bin/../lib/gcc/nios2-elf/10.1.1/mno-hw-mul\libgcc.a(_bswapsi2.o)
 .debug_aranges
                0x00000000000000c8       0x20 d:/intelfpga_lite/20.1/nios2eds/bin/gnu/h-x86_64-mingw32/bin/../lib/gcc/nios2-elf/10.1.1/mno-hw-mul\libgcc.a(lib2-divmod.o)
 .debug_aranges
                0x00000000000000e8       0x20 d:/intelfpga_lite/20.1/nios2eds/bin/gnu/h-x86_64-mingw32/bin/../lib/gcc/nios2-elf/10.1.1/mno-hw-mul\libgcc.a(lib2-mul.o)
 .debug_aranges
                0x0000000000000108       0x20 d:/intelfpga_lite/20.1/nios2eds/bin/gnu/h-x86_64-mingw32/bin/../lib/gcc/nios2-elf/10.1.1/../../../../../H-x86_64-mingw32/nios2-elf/lib/mno-hw-mul\libsmallc.a(lib_a-memcpy.o)
 .debug_aranges
                0x0000000000000128       0x20 d:/intelfpga_lite/20.1/nios2eds/bin/gnu/h-x86_64-mingw32/bin/../lib/gcc/nios2-elf/10.1.1/../../../../../H-x86_64-mingw32/nios2-elf/lib/mno-hw-mul\libsmallc.a(lib_a-memset.o)
 .debug_aranges
                0x0000000000000148       0x28 d:/intelfpga_lite/20.1/nios2eds/bin/gnu/h-x86_64-mingw32/bin/../lib/gcc/nios2-elf/10.1.1/../../../../../H-x86_64-mingw32/nios2-elf/lib/mno-hw-mul\libsmallc.a(lib_a-printf.o)
 .debug_aranges
                0x0000000000000170       0x28 d:/intelfpga_lite/20.1/nios2eds/bin/gnu/h-x86_64-mingw32/bin/../lib/gcc/nios2-elf/10.1.1/../../../../../H-x86_64-mingw32/nios2-elf/lib/mno-hw-mul\libsmallc.a(lib_a-putchar.o)
 .debug_aranges
                0x0000000000000198       0x28 d:/intelfpga_lite/20.1/nios2eds/bin/gnu/h-x86_64-mingw32/bin/../lib/gcc/nios2-elf/10.1.1/../../../../../H-x86_64-mingw32/nios2-elf/lib/mno-hw-mul\libsmallc.a(lib_a-puts.o)
 .debug_aranges
                0x00000000000001c0       0x20 d:/intelfpga_lite/20.1/nios2eds/bin/gnu/h-x86_64-mingw32/bin/../lib/gcc/nios2-elf/10.1.1/../../../../../H-x86_64-mingw32/nios2-elf/lib/mno-hw-mul\libsmallc.a(lib_a-strlen.o)
 .debug_aranges
                0x00000000000001e0       0x30 d:/intelfpga_lite/20.1/nios2eds/bin/gnu/h-x86_64-mingw32/bin/../lib/gcc/nios2-elf/10.1.1/../../../../../H-x86_64-mingw32/nios2-elf/lib/mno-hw-mul\libsmallc.a(lib_a-vfprintf.o)
 .debug_aranges
                0x0000000000000210       0x20 d:/intelfpga_lite/20.1/nios2eds/bin/gnu/h-x86_64-mingw32/bin/../lib/gcc/nios2-elf/10.1.1/../../../../../H-x86_64-mingw32/nios2-elf/lib/mno-hw-mul\libsmallc.a(lib_a-fvwrite_small_dev.o)
 .debug_aranges
                0x0000000000000230       0x18 d:/intelfpga_lite/20.1/nios2eds/bin/gnu/h-x86_64-mingw32/bin/../lib/gcc/nios2-elf/10.1.1/../../../../../H-x86_64-mingw32/nios2-elf/lib/mno-hw-mul\libsmallc.a(lib_a-impure.o)
 .debug_aranges
                0x0000000000000248       0x28 d:/intelfpga_lite/20.1/nios2eds/bin/gnu/h-x86_64-mingw32/bin/../lib/gcc/nios2-elf/10.1.1/../../../../../H-x86_64-mingw32/nios2-elf/lib/mno-hw-mul\libsmallc.a(lib_a-putc.o)
 .debug_aranges
                0x0000000000000270       0x20 d:/intelfpga_lite/20.1/nios2eds/bin/gnu/h-x86_64-mingw32/bin/../lib/gcc/nios2-elf/10.1.1/../../../../../H-x86_64-mingw32/nios2-elf/lib/mno-hw-mul\libsmallc.a(lib_a-writer.o)
 .debug_aranges
                0x0000000000000290       0x18 d:/intelfpga_lite/20.1/nios2eds/bin/gnu/h-x86_64-mingw32/bin/../lib/gcc/nios2-elf/10.1.1/../../../../../H-x86_64-mingw32/nios2-elf/lib/mno-hw-mul\libsmallc.a(lib_a-int_errno.o)
 .debug_aranges
                0x00000000000002a8       0x20 c:/Workspace/quartus/npu/software/npu_bsp/\libhal_bsp.a(alt_dcache_flush_all.o)
 .debug_aranges
                0x00000000000002c8       0x20 c:/Workspace/quartus/npu/software/npu_bsp/\libhal_bsp.a(alt_load.o)
 .debug_aranges
                0x00000000000002e8       0x20 c:/Workspace/quartus/npu/software/npu_bsp/\libhal_bsp.a(alt_main.o)
 .debug_aranges
                0x0000000000000308       0x20 c:/Workspace/quartus/npu/software/npu_bsp/\libhal_bsp.a(alt_tick.o)
 .debug_aranges
                0x0000000000000328       0x20 c:/Workspace/quartus/npu/software/npu_bsp/\libhal_bsp.a(alt_write.o)
 .debug_aranges
                0x0000000000000348       0x20 c:/Workspace/quartus/npu/software/npu_bsp/\libhal_bsp.a(alt_sys_init.o)
 .debug_aranges
                0x0000000000000368       0x20 c:/Workspace/quartus/npu/software/npu_bsp/\libhal_bsp.a(altera_avalon_jtag_uart_fd.o)
 .debug_aranges
                0x0000000000000388       0x20 c:/Workspace/quartus/npu/software/npu_bsp/\libhal_bsp.a(altera_avalon_jtag_uart_read.o)
 .debug_aranges
                0x00000000000003a8       0x20 c:/Workspace/quartus/npu/software/npu_bsp/\libhal_bsp.a(altera_avalon_jtag_uart_write.o)
 .debug_aranges
                0x00000000000003c8       0x20 c:/Workspace/quartus/npu/software/npu_bsp/\libhal_bsp.a(altera_avalon_timer_sc.o)
 .debug_aranges
                0x00000000000003e8       0x20 c:/Workspace/quartus/npu/software/npu_bsp/\libhal_bsp.a(altera_msgdma.o)
 .debug_aranges
                0x0000000000000408       0x20 c:/Workspace/quartus/npu/software/npu_bsp/\libhal_bsp.a(alt_busy_sleep.o)
 .debug_aranges
                0x0000000000000428       0x20 c:/Workspace/quartus/npu/software/npu_bsp/\libhal_bsp.a(alt_close.o)
 .debug_aranges
                0x0000000000000448       0x20 c:/Workspace/quartus/npu/software/npu_bsp/\libhal_bsp.a(alt_dcache_flush.o)
 .debug_aranges
                0x0000000000000468       0x20 c:/Workspace/quartus/npu/software/npu_bsp/\libhal_bsp.a(alt_dev.o)
 .debug_aranges
                0x0000000000000488       0x20 c:/Workspace/quartus/npu/software/npu_bsp/\libhal_bsp.a(alt_dev_llist_insert.o)
 .debug_aranges
                0x00000000000004a8       0x20 c:/Workspace/quartus/npu/software/npu_bsp/\libhal_bsp.a(alt_do_ctors.o)
 .debug_aranges
                0x00000000000004c8       0x20 c:/Workspace/quartus/npu/software/npu_bsp/\libhal_bsp.a(alt_do_dtors.o)
 .debug_aranges
                0x00000000000004e8       0x18 c:/Workspace/quartus/npu/software/npu_bsp/\libhal_bsp.a(alt_errno.o)
 .debug_aranges
                0x0000000000000500       0x20 c:/Workspace/quartus/npu/software/npu_bsp/\libhal_bsp.a(alt_find_dev.o)
 .debug_aranges
                0x0000000000000520       0x20 c:/Workspace/quartus/npu/software/npu_bsp/\libhal_bsp.a(alt_icache_flush_all.o)
 .debug_aranges
                0x0000000000000540       0x20 c:/Workspace/quartus/npu/software/npu_bsp/\libhal_bsp.a(alt_iic.o)
 .debug_aranges
                0x0000000000000560       0x20 c:/Workspace/quartus/npu/software/npu_bsp/\libhal_bsp.a(alt_iic_isr_register.o)
 .debug_aranges
                0x0000000000000580       0x20 c:/Workspace/quartus/npu/software/npu_bsp/\libhal_bsp.a(alt_io_redirect.o)
 .debug_aranges
                0x00000000000005a0       0x30 c:/Workspace/quartus/npu/software/npu_bsp/\libhal_bsp.a(alt_irq_entry.o)
 .debug_aranges
                0x00000000000005d0       0x20 c:/Workspace/quartus/npu/software/npu_bsp/\libhal_bsp.a(alt_irq_handler.o)
 .debug_aranges
                0x00000000000005f0       0x18 c:/Workspace/quartus/npu/software/npu_bsp/\libhal_bsp.a(alt_irq_vars.o)
 .debug_aranges
                0x0000000000000608       0x20 c:/Workspace/quartus/npu/software/npu_bsp/\libhal_bsp.a(alt_open.o)
 .debug_aranges
                0x0000000000000628       0x20 c:/Workspace/quartus/npu/software/npu_bsp/\libhal_bsp.a(alt_printf.o)
 .debug_aranges
                0x0000000000000648       0x20 c:/Workspace/quartus/npu/software/npu_bsp/\libhal_bsp.a(alt_putchar.o)
 .debug_aranges
                0x0000000000000668       0x20 c:/Workspace/quartus/npu/software/npu_bsp/\libhal_bsp.a(alt_release_fd.o)
 .debug_aranges
                0x0000000000000688       0x20 c:/Workspace/quartus/npu/software/npu_bsp/\libhal_bsp.a(altera_nios2_gen2_irq.o)
 .debug_aranges
                0x00000000000006a8       0x38 c:/Workspace/quartus/npu/software/npu_bsp/\libhal_bsp.a(alt_exception_entry.o)
 .debug_aranges
                0x00000000000006e0       0x20 c:/Workspace/quartus/npu/software/npu_bsp/\libhal_bsp.a(alt_find_file.o)
 .debug_aranges
                0x0000000000000700       0x20 c:/Workspace/quartus/npu/software/npu_bsp/\libhal_bsp.a(alt_get_fd.o)
 .debug_aranges
                0x0000000000000720       0x28 c:/Workspace/quartus/npu/software/npu_bsp/\libhal_bsp.a(alt_instruction_exception_entry.o)
 .debug_aranges
                0x0000000000000748       0x20 d:/intelfpga_lite/20.1/nios2eds/bin/gnu/h-x86_64-mingw32/bin/../lib/gcc/nios2-elf/10.1.1/../../../../../H-x86_64-mingw32/nios2-elf/lib/mno-hw-mul\libsmallc.a(lib_a-atexit.o)
 .debug_aranges
                0x0000000000000768       0x20 d:/intelfpga_lite/20.1/nios2eds/bin/gnu/h-x86_64-mingw32/bin/../lib/gcc/nios2-elf/10.1.1/../../../../../H-x86_64-mingw32/nios2-elf/lib/mno-hw-mul\libsmallc.a(lib_a-exit.o)
 .debug_aranges
                0x0000000000000788       0x20 d:/intelfpga_lite/20.1/nios2eds/bin/gnu/h-x86_64-mingw32/bin/../lib/gcc/nios2-elf/10.1.1/../../../../../H-x86_64-mingw32/nios2-elf/lib/mno-hw-mul\libsmallc.a(lib_a-memcmp.o)
 .debug_aranges
                0x00000000000007a8       0x20 d:/intelfpga_lite/20.1/nios2eds/bin/gnu/h-x86_64-mingw32/bin/../lib/gcc/nios2-elf/10.1.1/../../../../../H-x86_64-mingw32/nios2-elf/lib/mno-hw-mul\libsmallc.a(lib_a-__atexit.o)
 .debug_aranges
                0x00000000000007c8       0x20 d:/intelfpga_lite/20.1/nios2eds/bin/gnu/h-x86_64-mingw32/bin/../lib/gcc/nios2-elf/10.1.1/../../../../../H-x86_64-mingw32/nios2-elf/lib/mno-hw-mul\libsmallc.a(lib_a-__call_atexit.o)
 .debug_aranges
                0x00000000000007e8       0x20 c:/Workspace/quartus/npu/software/npu_bsp/\libhal_bsp.a(alt_exit.o)

.debug_pubnames
 *(.debug_pubnames)

.debug_info     0x0000000000000000     0xc6fb
 *(.debug_info .gnu.linkonce.wi.*)
 .debug_info    0x0000000000000000       0x22 c:/Workspace/quartus/npu/software/npu_bsp//obj/HAL/src/crt0.o
 .debug_info    0x0000000000000022      0x24f obj/default/common.o
 .debug_info    0x0000000000000271      0x7cc obj/default/main.o
 .debug_info    0x0000000000000a3d      0x1d5 obj/default/mem_verify.o
 .debug_info    0x0000000000000c12      0x274 d:/intelfpga_lite/20.1/nios2eds/bin/gnu/h-x86_64-mingw32/bin/../lib/gcc/nios2-elf/10.1.1/mno-hw-mul\libgcc.a(_muldi3.o)
 .debug_info    0x0000000000000e86       0xbf d:/intelfpga_lite/20.1/nios2eds/bin/gnu/h-x86_64-mingw32/bin/../lib/gcc/nios2-elf/10.1.1/mno-hw-mul\libgcc.a(_bswapsi2.o)
 .debug_info    0x0000000000000f45      0x368 d:/intelfpga_lite/20.1/nios2eds/bin/gnu/h-x86_64-mingw32/bin/../lib/gcc/nios2-elf/10.1.1/mno-hw-mul\libgcc.a(lib2-divmod.o)
 .debug_info    0x00000000000012ad       0xcb d:/intelfpga_lite/20.1/nios2eds/bin/gnu/h-x86_64-mingw32/bin/../lib/gcc/nios2-elf/10.1.1/mno-hw-mul\libgcc.a(lib2-mul.o)
 .debug_info    0x0000000000001378      0x128 d:/intelfpga_lite/20.1/nios2eds/bin/gnu/h-x86_64-mingw32/bin/../lib/gcc/nios2-elf/10.1.1/../../../../../H-x86_64-mingw32/nios2-elf/lib/mno-hw-mul\libsmallc.a(lib_a-memcpy.o)
 .debug_info    0x00000000000014a0       0xe7 d:/intelfpga_lite/20.1/nios2eds/bin/gnu/h-x86_64-mingw32/bin/../lib/gcc/nios2-elf/10.1.1/../../../../../H-x86_64-mingw32/nios2-elf/lib/mno-hw-mul\libsmallc.a(lib_a-memset.o)
 .debug_info    0x0000000000001587      0x72b d:/intelfpga_lite/20.1/nios2eds/bin/gnu/h-x86_64-mingw32/bin/../lib/gcc/nios2-elf/10.1.1/../../../../../H-x86_64-mingw32/nios2-elf/lib/mno-hw-mul\libsmallc.a(lib_a-printf.o)
 .debug_info    0x0000000000001cb2      0x6a5 d:/intelfpga_lite/20.1/nios2eds/bin/gnu/h-x86_64-mingw32/bin/../lib/gcc/nios2-elf/10.1.1/../../../../../H-x86_64-mingw32/nios2-elf/lib/mno-hw-mul\libsmallc.a(lib_a-putchar.o)
 .debug_info    0x0000000000002357      0x6ea d:/intelfpga_lite/20.1/nios2eds/bin/gnu/h-x86_64-mingw32/bin/../lib/gcc/nios2-elf/10.1.1/../../../../../H-x86_64-mingw32/nios2-elf/lib/mno-hw-mul\libsmallc.a(lib_a-puts.o)
 .debug_info    0x0000000000002a41       0xd0 d:/intelfpga_lite/20.1/nios2eds/bin/gnu/h-x86_64-mingw32/bin/../lib/gcc/nios2-elf/10.1.1/../../../../../H-x86_64-mingw32/nios2-elf/lib/mno-hw-mul\libsmallc.a(lib_a-strlen.o)
 .debug_info    0x0000000000002b11      0xeb5 d:/intelfpga_lite/20.1/nios2eds/bin/gnu/h-x86_64-mingw32/bin/../lib/gcc/nios2-elf/10.1.1/../../../../../H-x86_64-mingw32/nios2-elf/lib/mno-hw-mul\libsmallc.a(lib_a-vfprintf.o)
 .debug_info    0x00000000000039c6      0x6b3 d:/intelfpga_lite/20.1/nios2eds/bin/gnu/h-x86_64-mingw32/bin/../lib/gcc/nios2-elf/10.1.1/../../../../../H-x86_64-mingw32/nios2-elf/lib/mno-hw-mul\libsmallc.a(lib_a-fvwrite_small_dev.o)
 .debug_info    0x0000000000004079      0x61e d:/intelfpga_lite/20.1/nios2eds/bin/gnu/h-x86_64-mingw32/bin/../lib/gcc/nios2-elf/10.1.1/../../../../../H-x86_64-mingw32/nios2-elf/lib/mno-hw-mul\libsmallc.a(lib_a-impure.o)
 .debug_info    0x0000000000004697      0x6f5 d:/intelfpga_lite/20.1/nios2eds/bin/gnu/h-x86_64-mingw32/bin/../lib/gcc/nios2-elf/10.1.1/../../../../../H-x86_64-mingw32/nios2-elf/lib/mno-hw-mul\libsmallc.a(lib_a-putc.o)
 .debug_info    0x0000000000004d8c      0x6b3 d:/intelfpga_lite/20.1/nios2eds/bin/gnu/h-x86_64-mingw32/bin/../lib/gcc/nios2-elf/10.1.1/../../../../../H-x86_64-mingw32/nios2-elf/lib/mno-hw-mul\libsmallc.a(lib_a-writer.o)
 .debug_info    0x000000000000543f       0x84 d:/intelfpga_lite/20.1/nios2eds/bin/gnu/h-x86_64-mingw32/bin/../lib/gcc/nios2-elf/10.1.1/../../../../../H-x86_64-mingw32/nios2-elf/lib/mno-hw-mul\libsmallc.a(lib_a-int_errno.o)
 .debug_info    0x00000000000054c3       0x8c c:/Workspace/quartus/npu/software/npu_bsp/\libhal_bsp.a(alt_dcache_flush_all.o)
 .debug_info    0x000000000000554f      0x14d c:/Workspace/quartus/npu/software/npu_bsp/\libhal_bsp.a(alt_load.o)
 .debug_info    0x000000000000569c       0xef c:/Workspace/quartus/npu/software/npu_bsp/\libhal_bsp.a(alt_main.o)
 .debug_info    0x000000000000578b      0x2bd c:/Workspace/quartus/npu/software/npu_bsp/\libhal_bsp.a(alt_tick.o)
 .debug_info    0x0000000000005a48      0x55c c:/Workspace/quartus/npu/software/npu_bsp/\libhal_bsp.a(alt_write.o)
 .debug_info    0x0000000000005fa4      0x587 c:/Workspace/quartus/npu/software/npu_bsp/\libhal_bsp.a(alt_sys_init.o)
 .debug_info    0x000000000000652b      0x398 c:/Workspace/quartus/npu/software/npu_bsp/\libhal_bsp.a(altera_avalon_jtag_uart_fd.o)
 .debug_info    0x00000000000068c3      0x151 c:/Workspace/quartus/npu/software/npu_bsp/\libhal_bsp.a(altera_avalon_jtag_uart_read.o)
 .debug_info    0x0000000000006a14      0x132 c:/Workspace/quartus/npu/software/npu_bsp/\libhal_bsp.a(altera_avalon_jtag_uart_write.o)
 .debug_info    0x0000000000006b46      0x1d5 c:/Workspace/quartus/npu/software/npu_bsp/\libhal_bsp.a(altera_avalon_timer_sc.o)
 .debug_info    0x0000000000006d1b     0x19c7 c:/Workspace/quartus/npu/software/npu_bsp/\libhal_bsp.a(altera_msgdma.o)
 .debug_info    0x00000000000086e2       0xd6 c:/Workspace/quartus/npu/software/npu_bsp/\libhal_bsp.a(alt_busy_sleep.o)
 .debug_info    0x00000000000087b8      0x32c c:/Workspace/quartus/npu/software/npu_bsp/\libhal_bsp.a(alt_close.o)
 .debug_info    0x0000000000008ae4       0xb9 c:/Workspace/quartus/npu/software/npu_bsp/\libhal_bsp.a(alt_dcache_flush.o)
 .debug_info    0x0000000000008b9d      0x57d c:/Workspace/quartus/npu/software/npu_bsp/\libhal_bsp.a(alt_dev.o)
 .debug_info    0x000000000000911a      0x1b0 c:/Workspace/quartus/npu/software/npu_bsp/\libhal_bsp.a(alt_dev_llist_insert.o)
 .debug_info    0x00000000000092ca       0x88 c:/Workspace/quartus/npu/software/npu_bsp/\libhal_bsp.a(alt_do_ctors.o)
 .debug_info    0x0000000000009352       0x88 c:/Workspace/quartus/npu/software/npu_bsp/\libhal_bsp.a(alt_do_dtors.o)
 .debug_info    0x00000000000093da       0x9d c:/Workspace/quartus/npu/software/npu_bsp/\libhal_bsp.a(alt_errno.o)
 .debug_info    0x0000000000009477      0x2ee c:/Workspace/quartus/npu/software/npu_bsp/\libhal_bsp.a(alt_find_dev.o)
 .debug_info    0x0000000000009765       0x8c c:/Workspace/quartus/npu/software/npu_bsp/\libhal_bsp.a(alt_icache_flush_all.o)
 .debug_info    0x00000000000097f1      0x32c c:/Workspace/quartus/npu/software/npu_bsp/\libhal_bsp.a(alt_iic.o)
 .debug_info    0x0000000000009b1d      0x1f0 c:/Workspace/quartus/npu/software/npu_bsp/\libhal_bsp.a(alt_iic_isr_register.o)
 .debug_info    0x0000000000009d0d      0x546 c:/Workspace/quartus/npu/software/npu_bsp/\libhal_bsp.a(alt_io_redirect.o)
 .debug_info    0x000000000000a253       0x22 c:/Workspace/quartus/npu/software/npu_bsp/\libhal_bsp.a(alt_irq_entry.o)
 .debug_info    0x000000000000a275      0x175 c:/Workspace/quartus/npu/software/npu_bsp/\libhal_bsp.a(alt_irq_handler.o)
 .debug_info    0x000000000000a3ea       0x8b c:/Workspace/quartus/npu/software/npu_bsp/\libhal_bsp.a(alt_irq_vars.o)
 .debug_info    0x000000000000a475      0x3dd c:/Workspace/quartus/npu/software/npu_bsp/\libhal_bsp.a(alt_open.o)
 .debug_info    0x000000000000a852      0x125 c:/Workspace/quartus/npu/software/npu_bsp/\libhal_bsp.a(alt_printf.o)
 .debug_info    0x000000000000a977       0x9e c:/Workspace/quartus/npu/software/npu_bsp/\libhal_bsp.a(alt_putchar.o)
 .debug_info    0x000000000000aa15      0x2b9 c:/Workspace/quartus/npu/software/npu_bsp/\libhal_bsp.a(alt_release_fd.o)
 .debug_info    0x000000000000acce       0x8c c:/Workspace/quartus/npu/software/npu_bsp/\libhal_bsp.a(altera_nios2_gen2_irq.o)
 .debug_info    0x000000000000ad5a       0x22 c:/Workspace/quartus/npu/software/npu_bsp/\libhal_bsp.a(alt_exception_entry.o)
 .debug_info    0x000000000000ad7c      0x2eb c:/Workspace/quartus/npu/software/npu_bsp/\libhal_bsp.a(alt_find_file.o)
 .debug_info    0x000000000000b067      0x31c c:/Workspace/quartus/npu/software/npu_bsp/\libhal_bsp.a(alt_get_fd.o)
 .debug_info    0x000000000000b383      0x1f1 c:/Workspace/quartus/npu/software/npu_bsp/\libhal_bsp.a(alt_instruction_exception_entry.o)
 .debug_info    0x000000000000b574      0x100 d:/intelfpga_lite/20.1/nios2eds/bin/gnu/h-x86_64-mingw32/bin/../lib/gcc/nios2-elf/10.1.1/../../../../../H-x86_64-mingw32/nios2-elf/lib/mno-hw-mul\libsmallc.a(lib_a-atexit.o)
 .debug_info    0x000000000000b674       0xe6 d:/intelfpga_lite/20.1/nios2eds/bin/gnu/h-x86_64-mingw32/bin/../lib/gcc/nios2-elf/10.1.1/../../../../../H-x86_64-mingw32/nios2-elf/lib/mno-hw-mul\libsmallc.a(lib_a-exit.o)
 .debug_info    0x000000000000b75a      0x100 d:/intelfpga_lite/20.1/nios2eds/bin/gnu/h-x86_64-mingw32/bin/../lib/gcc/nios2-elf/10.1.1/../../../../../H-x86_64-mingw32/nios2-elf/lib/mno-hw-mul\libsmallc.a(lib_a-memcmp.o)
 .debug_info    0x000000000000b85a      0x6e0 d:/intelfpga_lite/20.1/nios2eds/bin/gnu/h-x86_64-mingw32/bin/../lib/gcc/nios2-elf/10.1.1/../../../../../H-x86_64-mingw32/nios2-elf/lib/mno-hw-mul\libsmallc.a(lib_a-__atexit.o)
 .debug_info    0x000000000000bf3a      0x6e0 d:/intelfpga_lite/20.1/nios2eds/bin/gnu/h-x86_64-mingw32/bin/../lib/gcc/nios2-elf/10.1.1/../../../../../H-x86_64-mingw32/nios2-elf/lib/mno-hw-mul\libsmallc.a(lib_a-__call_atexit.o)
 .debug_info    0x000000000000c61a       0xe1 c:/Workspace/quartus/npu/software/npu_bsp/\libhal_bsp.a(alt_exit.o)

.debug_abbrev   0x0000000000000000     0x403c
 *(.debug_abbrev)
 .debug_abbrev  0x0000000000000000       0x12 c:/Workspace/quartus/npu/software/npu_bsp//obj/HAL/src/crt0.o
 .debug_abbrev  0x0000000000000012      0x107 obj/default/common.o
 .debug_abbrev  0x0000000000000119      0x177 obj/default/main.o
 .debug_abbrev  0x0000000000000290       0xbc obj/default/mem_verify.o
 .debug_abbrev  0x000000000000034c      0x11d d:/intelfpga_lite/20.1/nios2eds/bin/gnu/h-x86_64-mingw32/bin/../lib/gcc/nios2-elf/10.1.1/mno-hw-mul\libgcc.a(_muldi3.o)
 .debug_abbrev  0x0000000000000469       0x69 d:/intelfpga_lite/20.1/nios2eds/bin/gnu/h-x86_64-mingw32/bin/../lib/gcc/nios2-elf/10.1.1/mno-hw-mul\libgcc.a(_bswapsi2.o)
 .debug_abbrev  0x00000000000004d2      0x103 d:/intelfpga_lite/20.1/nios2eds/bin/gnu/h-x86_64-mingw32/bin/../lib/gcc/nios2-elf/10.1.1/mno-hw-mul\libgcc.a(lib2-divmod.o)
 .debug_abbrev  0x00000000000005d5       0x7d d:/intelfpga_lite/20.1/nios2eds/bin/gnu/h-x86_64-mingw32/bin/../lib/gcc/nios2-elf/10.1.1/mno-hw-mul\libgcc.a(lib2-mul.o)
 .debug_abbrev  0x0000000000000652       0xbe d:/intelfpga_lite/20.1/nios2eds/bin/gnu/h-x86_64-mingw32/bin/../lib/gcc/nios2-elf/10.1.1/../../../../../H-x86_64-mingw32/nios2-elf/lib/mno-hw-mul\libsmallc.a(lib_a-memcpy.o)
 .debug_abbrev  0x0000000000000710       0x9e d:/intelfpga_lite/20.1/nios2eds/bin/gnu/h-x86_64-mingw32/bin/../lib/gcc/nios2-elf/10.1.1/../../../../../H-x86_64-mingw32/nios2-elf/lib/mno-hw-mul\libsmallc.a(lib_a-memset.o)
 .debug_abbrev  0x00000000000007ae      0x216 d:/intelfpga_lite/20.1/nios2eds/bin/gnu/h-x86_64-mingw32/bin/../lib/gcc/nios2-elf/10.1.1/../../../../../H-x86_64-mingw32/nios2-elf/lib/mno-hw-mul\libsmallc.a(lib_a-printf.o)
 .debug_abbrev  0x00000000000009c4      0x1f5 d:/intelfpga_lite/20.1/nios2eds/bin/gnu/h-x86_64-mingw32/bin/../lib/gcc/nios2-elf/10.1.1/../../../../../H-x86_64-mingw32/nios2-elf/lib/mno-hw-mul\libsmallc.a(lib_a-putchar.o)
 .debug_abbrev  0x0000000000000bb9      0x20b d:/intelfpga_lite/20.1/nios2eds/bin/gnu/h-x86_64-mingw32/bin/../lib/gcc/nios2-elf/10.1.1/../../../../../H-x86_64-mingw32/nios2-elf/lib/mno-hw-mul\libsmallc.a(lib_a-puts.o)
 .debug_abbrev  0x0000000000000dc4       0x8d d:/intelfpga_lite/20.1/nios2eds/bin/gnu/h-x86_64-mingw32/bin/../lib/gcc/nios2-elf/10.1.1/../../../../../H-x86_64-mingw32/nios2-elf/lib/mno-hw-mul\libsmallc.a(lib_a-strlen.o)
 .debug_abbrev  0x0000000000000e51      0x2f7 d:/intelfpga_lite/20.1/nios2eds/bin/gnu/h-x86_64-mingw32/bin/../lib/gcc/nios2-elf/10.1.1/../../../../../H-x86_64-mingw32/nios2-elf/lib/mno-hw-mul\libsmallc.a(lib_a-vfprintf.o)
 .debug_abbrev  0x0000000000001148      0x1ed d:/intelfpga_lite/20.1/nios2eds/bin/gnu/h-x86_64-mingw32/bin/../lib/gcc/nios2-elf/10.1.1/../../../../../H-x86_64-mingw32/nios2-elf/lib/mno-hw-mul\libsmallc.a(lib_a-fvwrite_small_dev.o)
 .debug_abbrev  0x0000000000001335      0x17a d:/intelfpga_lite/20.1/nios2eds/bin/gnu/h-x86_64-mingw32/bin/../lib/gcc/nios2-elf/10.1.1/../../../../../H-x86_64-mingw32/nios2-elf/lib/mno-hw-mul\libsmallc.a(lib_a-impure.o)
 .debug_abbrev  0x00000000000014af      0x1ef d:/intelfpga_lite/20.1/nios2eds/bin/gnu/h-x86_64-mingw32/bin/../lib/gcc/nios2-elf/10.1.1/../../../../../H-x86_64-mingw32/nios2-elf/lib/mno-hw-mul\libsmallc.a(lib_a-putc.o)
 .debug_abbrev  0x000000000000169e      0x1d9 d:/intelfpga_lite/20.1/nios2eds/bin/gnu/h-x86_64-mingw32/bin/../lib/gcc/nios2-elf/10.1.1/../../../../../H-x86_64-mingw32/nios2-elf/lib/mno-hw-mul\libsmallc.a(lib_a-writer.o)
 .debug_abbrev  0x0000000000001877       0x39 d:/intelfpga_lite/20.1/nios2eds/bin/gnu/h-x86_64-mingw32/bin/../lib/gcc/nios2-elf/10.1.1/../../../../../H-x86_64-mingw32/nios2-elf/lib/mno-hw-mul\libsmallc.a(lib_a-int_errno.o)
 .debug_abbrev  0x00000000000018b0       0x44 c:/Workspace/quartus/npu/software/npu_bsp/\libhal_bsp.a(alt_dcache_flush_all.o)
 .debug_abbrev  0x00000000000018f4       0xab c:/Workspace/quartus/npu/software/npu_bsp/\libhal_bsp.a(alt_load.o)
 .debug_abbrev  0x000000000000199f       0x86 c:/Workspace/quartus/npu/software/npu_bsp/\libhal_bsp.a(alt_main.o)
 .debug_abbrev  0x0000000000001a25      0x17a c:/Workspace/quartus/npu/software/npu_bsp/\libhal_bsp.a(alt_tick.o)
 .debug_abbrev  0x0000000000001b9f      0x149 c:/Workspace/quartus/npu/software/npu_bsp/\libhal_bsp.a(alt_write.o)
 .debug_abbrev  0x0000000000001ce8      0x19b c:/Workspace/quartus/npu/software/npu_bsp/\libhal_bsp.a(alt_sys_init.o)
 .debug_abbrev  0x0000000000001e83      0x10b c:/Workspace/quartus/npu/software/npu_bsp/\libhal_bsp.a(altera_avalon_jtag_uart_fd.o)
 .debug_abbrev  0x0000000000001f8e       0xcd c:/Workspace/quartus/npu/software/npu_bsp/\libhal_bsp.a(altera_avalon_jtag_uart_read.o)
 .debug_abbrev  0x000000000000205b       0xcd c:/Workspace/quartus/npu/software/npu_bsp/\libhal_bsp.a(altera_avalon_jtag_uart_write.o)
 .debug_abbrev  0x0000000000002128      0x14b c:/Workspace/quartus/npu/software/npu_bsp/\libhal_bsp.a(altera_avalon_timer_sc.o)
 .debug_abbrev  0x0000000000002273      0x383 c:/Workspace/quartus/npu/software/npu_bsp/\libhal_bsp.a(altera_msgdma.o)
 .debug_abbrev  0x00000000000025f6       0x88 c:/Workspace/quartus/npu/software/npu_bsp/\libhal_bsp.a(alt_busy_sleep.o)
 .debug_abbrev  0x000000000000267e      0x133 c:/Workspace/quartus/npu/software/npu_bsp/\libhal_bsp.a(alt_close.o)
 .debug_abbrev  0x00000000000027b1       0x7c c:/Workspace/quartus/npu/software/npu_bsp/\libhal_bsp.a(alt_dcache_flush.o)
 .debug_abbrev  0x000000000000282d      0x117 c:/Workspace/quartus/npu/software/npu_bsp/\libhal_bsp.a(alt_dev.o)
 .debug_abbrev  0x0000000000002944      0x12a c:/Workspace/quartus/npu/software/npu_bsp/\libhal_bsp.a(alt_dev_llist_insert.o)
 .debug_abbrev  0x0000000000002a6e       0x81 c:/Workspace/quartus/npu/software/npu_bsp/\libhal_bsp.a(alt_do_ctors.o)
 .debug_abbrev  0x0000000000002aef       0x81 c:/Workspace/quartus/npu/software/npu_bsp/\libhal_bsp.a(alt_do_dtors.o)
 .debug_abbrev  0x0000000000002b70       0x5a c:/Workspace/quartus/npu/software/npu_bsp/\libhal_bsp.a(alt_errno.o)
 .debug_abbrev  0x0000000000002bca       0xed c:/Workspace/quartus/npu/software/npu_bsp/\libhal_bsp.a(alt_find_dev.o)
 .debug_abbrev  0x0000000000002cb7       0x44 c:/Workspace/quartus/npu/software/npu_bsp/\libhal_bsp.a(alt_icache_flush_all.o)
 .debug_abbrev  0x0000000000002cfb      0x189 c:/Workspace/quartus/npu/software/npu_bsp/\libhal_bsp.a(alt_iic.o)
 .debug_abbrev  0x0000000000002e84      0x17c c:/Workspace/quartus/npu/software/npu_bsp/\libhal_bsp.a(alt_iic_isr_register.o)
 .debug_abbrev  0x0000000000003000      0x126 c:/Workspace/quartus/npu/software/npu_bsp/\libhal_bsp.a(alt_io_redirect.o)
 .debug_abbrev  0x0000000000003126       0x12 c:/Workspace/quartus/npu/software/npu_bsp/\libhal_bsp.a(alt_irq_entry.o)
 .debug_abbrev  0x0000000000003138      0x12d c:/Workspace/quartus/npu/software/npu_bsp/\libhal_bsp.a(alt_irq_handler.o)
 .debug_abbrev  0x0000000000003265       0x44 c:/Workspace/quartus/npu/software/npu_bsp/\libhal_bsp.a(alt_irq_vars.o)
 .debug_abbrev  0x00000000000032a9      0x160 c:/Workspace/quartus/npu/software/npu_bsp/\libhal_bsp.a(alt_open.o)
 .debug_abbrev  0x0000000000003409       0xba c:/Workspace/quartus/npu/software/npu_bsp/\libhal_bsp.a(alt_printf.o)
 .debug_abbrev  0x00000000000034c3       0x57 c:/Workspace/quartus/npu/software/npu_bsp/\libhal_bsp.a(alt_putchar.o)
 .debug_abbrev  0x000000000000351a       0xea c:/Workspace/quartus/npu/software/npu_bsp/\libhal_bsp.a(alt_release_fd.o)
 .debug_abbrev  0x0000000000003604       0x44 c:/Workspace/quartus/npu/software/npu_bsp/\libhal_bsp.a(altera_nios2_gen2_irq.o)
 .debug_abbrev  0x0000000000003648       0x12 c:/Workspace/quartus/npu/software/npu_bsp/\libhal_bsp.a(alt_exception_entry.o)
 .debug_abbrev  0x000000000000365a      0x100 c:/Workspace/quartus/npu/software/npu_bsp/\libhal_bsp.a(alt_find_file.o)
 .debug_abbrev  0x000000000000375a      0x121 c:/Workspace/quartus/npu/software/npu_bsp/\libhal_bsp.a(alt_get_fd.o)
 .debug_abbrev  0x000000000000387b       0xea c:/Workspace/quartus/npu/software/npu_bsp/\libhal_bsp.a(alt_instruction_exception_entry.o)
 .debug_abbrev  0x0000000000003965       0xb7 d:/intelfpga_lite/20.1/nios2eds/bin/gnu/h-x86_64-mingw32/bin/../lib/gcc/nios2-elf/10.1.1/../../../../../H-x86_64-mingw32/nios2-elf/lib/mno-hw-mul\libsmallc.a(lib_a-atexit.o)
 .debug_abbrev  0x0000000000003a1c       0x94 d:/intelfpga_lite/20.1/nios2eds/bin/gnu/h-x86_64-mingw32/bin/../lib/gcc/nios2-elf/10.1.1/../../../../../H-x86_64-mingw32/nios2-elf/lib/mno-hw-mul\libsmallc.a(lib_a-exit.o)
 .debug_abbrev  0x0000000000003ab0       0x9e d:/intelfpga_lite/20.1/nios2eds/bin/gnu/h-x86_64-mingw32/bin/../lib/gcc/nios2-elf/10.1.1/../../../../../H-x86_64-mingw32/nios2-elf/lib/mno-hw-mul\libsmallc.a(lib_a-memcmp.o)
 .debug_abbrev  0x0000000000003b4e      0x238 d:/intelfpga_lite/20.1/nios2eds/bin/gnu/h-x86_64-mingw32/bin/../lib/gcc/nios2-elf/10.1.1/../../../../../H-x86_64-mingw32/nios2-elf/lib/mno-hw-mul\libsmallc.a(lib_a-__atexit.o)
 .debug_abbrev  0x0000000000003d86      0x20a d:/intelfpga_lite/20.1/nios2eds/bin/gnu/h-x86_64-mingw32/bin/../lib/gcc/nios2-elf/10.1.1/../../../../../H-x86_64-mingw32/nios2-elf/lib/mno-hw-mul\libsmallc.a(lib_a-__call_atexit.o)
 .debug_abbrev  0x0000000000003f90       0xac c:/Workspace/quartus/npu/software/npu_bsp/\libhal_bsp.a(alt_exit.o)

.debug_line     0x0000000000000000     0x5fa0
 *(.debug_line)
 .debug_line    0x0000000000000000       0x66 c:/Workspace/quartus/npu/software/npu_bsp//obj/HAL/src/crt0.o
 .debug_line    0x0000000000000066      0x1ee obj/default/common.o
 .debug_line    0x0000000000000254      0x639 obj/default/main.o