Archive member included to satisfy reference by file (symbol)

d:/intelfpga_lite/20.1/nios2eds/bin/gnu/h-x86_64-mingw32/bin/../lib/gcc/nios2-elf/10.1.1/mno-hw-mul\libgcc.a(_muldi3.o)
                              obj/default/common.o (__muldi3)
d:/intelfpga_lite/20.1/nios2eds/bin/gnu/h-x86_64-mingw32/bin/../lib/gcc/nios2-elf/10.1.1/mno-hw-mul\libgcc.a(_bswapsi2.o)
                              obj/default/main.o (__bswapsi2)
d:/intelfpga_lite/20.1/nios2eds/bin/gnu/h-x86_64-mingw32/bin/../lib/gcc/nios2-elf/10.1.1/mno-hw-mul\libgcc.a(lib2-mul.o)
                              d:/intelfpga_lite/20.1/nios2eds/bin/gnu/h-x86_64-mingw32/bin/../lib/gcc/nios2-elf/10.1.1/mno-hw-mul\libgcc.a(_muldi3.o) (__mulsi3)
d:/intelfpga_lite/20.1/nios2eds/bin/gnu/h-x86_64-mingw32/bin/../lib/gcc/nios2-elf/10.1.1/../../../../../H-x86_64-mingw32/nios2-elf/lib/mno-hw-mul\libsmallc.a(lib_a-memset.o)
                              obj/default/main.o (memset)
d:/intelfpga_lite/20.1/nios2eds/bin/gnu/h-x86_64-mingw32/bin/../lib/gcc/nios2-elf/10.1.1/../../../../../H-x86_64-mingw32/nios2-elf/lib/mno-hw-mul\libsmallc.a(lib_a-printf.o)
                              obj/default/main.o (printf)
d:/intelfpga_lite/20.1/nios2eds/bin/gnu/h-x86_64-mingw32/bin/../lib/gcc/nios2-elf/10.1.1/../../../../../H-x86_64-mingw32/nios2-elf/lib/mno-hw-mul\libsmallc.a(lib_a-putchar.o)
                              obj/default/main.o (putchar)
d:/intelfpga_lite/20.1/nios2eds/bin/gnu/h-x86_64-mingw32/bin/../lib/gcc/nios2-elf/10.1.1/../../../../../H-x86_64-mingw32/nios2-elf/lib/mno-hw-mul\libsmallc.a(lib_a-puts.o)
                              obj/default/main.o (puts)
d:/intelfpga_lite/20.1/nios2eds/bin/gnu/h-x86_64-mingw32/bin/../lib/gcc/nios2-elf/10.1.1/../../../../../H-x86_64-mingw32/nios2-elf/lib/mno-hw-mul\libsmallc.a(lib_a-strlen.o)
                              d:/intelfpga_lite/20.1/nios2eds/bin/gnu/h-x86_64-mingw32/bin/../lib/gcc/nios2-elf/10.1.1/../../../../../H-x86_64-mingw32/nios2-elf/lib/mno-hw-mul\libsmallc.a(lib_a-puts.o) (strlen)
d:/intelfpga_lite/20.1/nios2eds/bin/gnu/h-x86_64-mingw32/bin/../lib/gcc/nios2-elf/10.1.1/../../../../../H-x86_64-mingw32/nios2-elf/lib/mno-hw-mul\libsmallc.a(lib_a-vfprintf.o)
                              d:/intelfpga_lite/20.1/nios2eds/bin/gnu/h-x86_64-mingw32/bin/../lib/gcc/nios2-elf/10.1.1/../../../../../H-x86_64-mingw32/nios2-elf/lib/mno-hw-mul\libsmallc.a(lib_a-printf.o) (___vfprintf_internal_r)
d:/intelfpga_lite/20.1/nios2eds/bin/gnu/h-x86_64-mingw32/bin/../lib/gcc/nios2-elf/10.1.1/../../../../../H-x86_64-mingw32/nios2-elf/lib/mno-hw-mul\libsmallc.a(lib_a-fvwrite_small_dev.o)
                              d:/intelfpga_lite/20.1/nios2eds/bin/gnu/h-x86_64-mingw32/bin/../lib/gcc/nios2-elf/10.1.1/../../../../../H-x86_64-mingw32/nios2-elf/lib/mno-hw-mul\libsmallc.a(lib_a-printf.o) (__sfvwrite_small_dev)
d:/intelfpga_lite/20.1/nios2eds/bin/gnu/h-x86_64-mingw32/bin/../lib/gcc/nios2-elf/10.1.1/../../../../../H-x86_64-mingw32/nios2-elf/lib/mno-hw-mul\libsmallc.a(lib_a-impure.o)
                              d:/intelfpga_lite/20.1/nios2eds/bin/gnu/h-x86_64-mingw32/bin/../lib/gcc/nios2-elf/10.1.1/../../../../../H-x86_64-mingw32/nios2-elf/lib/mno-hw-mul\libsmallc.a(lib_a-printf.o) (_impure_ptr)
d:/intelfpga_lite/20.1/nios2eds/bin/gnu/h-x86_64-mingw32/bin/../lib/gcc/nios2-elf/10.1.1/../../../../../H-x86_64-mingw32/nios2-elf/lib/mno-hw-mul\libsmallc.a(lib_a-putc.o)
                              d:/intelfpga_lite/20.1/nios2eds/bin/gnu/h-x86_64-mingw32/bin/../lib/gcc/nios2-elf/10.1.1/../../../../../H-x86_64-mingw32/nios2-elf/lib/mno-hw-mul\libsmallc.a(lib_a-putchar.o) (_putc_r)
d:/intelfpga_lite/20.1/nios2eds/bin/gnu/h-x86_64-mingw32/bin/../lib/gcc/nios2-elf/10.1.1/../../../../../H-x86_64-mingw32/nios2-elf/lib/mno-hw-mul\libsmallc.a(lib_a-writer.o)
                              d:/intelfpga_lite/20.1/nios2eds/bin/gnu/h-x86_64-mingw32/bin/../lib/gcc/nios2-elf/10.1.1/../../../../../H-x86_64-mingw32/nios2-elf/lib/mno-hw-mul\libsmallc.a(lib_a-fvwrite_small_dev.o) (_write_r)
d:/intelfpga_lite/20.1/nios2eds/bin/gnu/h-x86_64-mingw32/bin/../lib/gcc/nios2-elf/10.1.1/../../../../../H-x86_64-mingw32/nios2-elf/lib/mno-hw-mul\libsmallc.a(lib_a-int_errno.o)
                              d:/intelfpga_lite/20.1/nios2eds/bin/gnu/h-x86_64-mingw32/bin/../lib/gcc/nios2-elf/10.1.1/../../../../../H-x86_64-mingw32/nios2-elf/lib/mno-hw-mul\libsmallc.a(lib_a-writer.o) (errno)
d:/intelfpga_lite/20.1/nios2eds/bin/gnu/h-x86_64-mingw32/bin/../lib/gcc/nios2-elf/10.1.1/mno-hw-mul\libgcc.a(lib2-divmod.o)
                              d:/intelfpga_lite/20.1/nios2eds/bin/gnu/h-x86_64-mingw32/bin/../lib/gcc/nios2-elf/10.1.1/../../../../../H-x86_64-mingw32/nios2-elf/lib/mno-hw-mul\libsmallc.a(lib_a-vfprintf.o) (__udivsi3)
c:/Workspace/quartus/npu/software/npu_bsp/\libhal_bsp.a(alt_dcache_flush_all.o)
                              obj/default/main.o (alt_dcache_flush_all)
c:/Workspace/quartus/npu/software/npu_bsp/\libhal_bsp.a(alt_load.o)
[...]
Memory Configuration

Name             Origin             Length             Attributes
npu_ocm          0x0000000000040000 0x0000000000020000
reset            0x0000000000080000 0x0000000000000020
onchip_memory2_0 0x0000000000080020 0x0000000000018680
*default*        0x0000000000000000 0xffffffffffffffff

Linker script and memory map

LOAD c:/Workspace/quartus/npu/software/npu_bsp//obj/HAL/src/crt0.o
LOAD obj/default/common.o
LOAD obj/default/main.o
LOAD d:/intelfpga_lite/20.1/nios2eds/bin/gnu/h-x86_64-mingw32/bin/../lib/gcc/nios2-elf/10.1.1/../../../../../H-x86_64-mingw32/nios2-elf/lib/mno-hw-mul\libstdc++.a
LOAD d:/intelfpga_lite/20.1/nios2eds/bin/gnu/h-x86_64-mingw32/bin/../lib/gcc/nios2-elf/10.1.1/../../../../../H-x86_64-mingw32/nios2-elf/lib/mno-hw-mul\libm.a
LOAD d:/intelfpga_lite/20.1/nios2eds/bin/gnu/h-x86_64-mingw32/bin/../lib/gcc/nios2-elf/10.1.1/mno-hw-mul\libgcc.a
START GROUP
LOAD d:/intelfpga_lite/20.1/nios2eds/bin/gnu/h-x86_64-mingw32/bin/../lib/gcc/nios2-elf/10.1.1/../../../../../H-x86_64-mingw32/nios2-elf/lib/mno-hw-mul\libsmallc.a
LOAD d:/intelfpga_lite/20.1/nios2eds/bin/gnu/h-x86_64-mingw32/bin/../lib/gcc/nios2-elf/10.1.1/mno-hw-mul\libgcc.a
LOAD c:/Workspace/quartus/npu/software/npu_bsp/\libhal_bsp.a
LOAD d:/intelfpga_lite/20.1/nios2eds/bin/gnu/h-x86_64-mingw32/bin/../lib/gcc/nios2-elf/10.1.1/../../../../../H-x86_64-mingw32/nios2-elf/lib/mno-hw-mul\libm.a
END GROUP
LOAD d:/intelfpga_lite/20.1/nios2eds/bin/gnu/h-x86_64-mingw32/bin/../lib/gcc/nios2-elf/10.1.1/mno-hw-mul\libgcc.a
                0x0000000000040000                __alt_mem_npu_ocm = 0x40000
                0x0000000000080000                __alt_mem_onchip_memory2_0 = 0x80000

.entry          0x0000000000080000       0x20
 *(.entry)
 .entry         0x0000000000080000       0x20 c:/Workspace/quartus/npu/software/npu_bsp//obj/HAL/src/crt0.o
                0x0000000000080000                __reset

.exceptions     0x0000000000080020      0x204
                0x0000000000080020                PROVIDE (__ram_exceptions_start = ABSOLUTE (.))
                0x0000000000080020                . = ALIGN (0x20)
 *(.irq)
 *(.exceptions.entry.label)
 .exceptions.entry.label
                0x0000000000080020        0x0 c:/Workspace/quartus/npu/software/npu_bsp/\libhal_bsp.a(alt_irq_entry.o)
                0x0000000000080020                alt_irq_entry
 .exceptions.entry.label
                0x0000000000080020        0x0 c:/Workspace/quartus/npu/software/npu_bsp/\libhal_bsp.a(alt_exception_entry.o)
                0x0000000000080020                alt_exception
 *(.exceptions.entry.user)
 *(.exceptions.entry.ecc_fatal)
 *(.exceptions.entry)
 .exceptions.entry
                0x0000000000080020       0x54 c:/Workspace/quartus/npu/software/npu_bsp/\libhal_bsp.a(alt_exception_entry.o)
 *(.exceptions.irqtest.user)
 *(.exceptions.irqtest)
 .exceptions.irqtest
                0x0000000000080074       0x10 c:/Workspace/quartus/npu/software/npu_bsp/\libhal_bsp.a(alt_irq_entry.o)
 *(.exceptions.irqhandler.user)
 *(.exceptions.irqhandler)
 .exceptions.irqhandler
                0x0000000000080084        0x4 c:/Workspace/quartus/npu/software/npu_bsp/\libhal_bsp.a(alt_irq_entry.o)
 *(.exceptions.irqreturn.user)
 *(.exceptions.irqreturn)
 .exceptions.irqreturn
                0x0000000000080088        0x4 c:/Workspace/quartus/npu/software/npu_bsp/\libhal_bsp.a(alt_irq_entry.o)
 *(.exceptions.notirq.label)
 .exceptions.notirq.label
                0x000000000008008c        0x0 c:/Workspace/quartus/npu/software/npu_bsp/\libhal_bsp.a(alt_irq_entry.o)
 *(.exceptions.notirq.user)
 *(.exceptions.notirq)
 .exceptions.notirq
                0x000000000008008c        0x8 c:/Workspace/quartus/npu/software/npu_bsp/\libhal_bsp.a(alt_exception_entry.o)
 *(.exceptions.soft.user)
 *(.exceptions.soft)
 *(.exceptions.unknown.user)
 *(.exceptions.unknown)
 .exceptions.unknown
                0x0000000000080094       0x14 c:/Workspace/quartus/npu/software/npu_bsp/\libhal_bsp.a(alt_exception_entry.o)
 *(.exceptions.exit.label)
 .exceptions.exit.label
                0x00000000000800a8        0x0 c:/Workspace/quartus/npu/software/npu_bsp/\libhal_bsp.a(alt_irq_entry.o)
 .exceptions.exit.label
                0x00000000000800a8        0x0 c:/Workspace/quartus/npu/software/npu_bsp/\libhal_bsp.a(alt_exception_entry.o)
 *(.exceptions.exit.user)
 *(.exceptions.exit)
 .exceptions.exit
                0x00000000000800a8       0x54 c:/Workspace/quartus/npu/software/npu_bsp/\libhal_bsp.a(alt_exception_entry.o)
 *(.exceptions)
 .exceptions    0x00000000000800fc       0xc8 c:/Workspace/quartus/npu/software/npu_bsp/\libhal_bsp.a(alt_irq_handler.o)
                0x00000000000800fc                alt_irq_handler
 .exceptions    0x00000000000801c4       0x60 c:/Workspace/quartus/npu/software/npu_bsp/\libhal_bsp.a(alt_instruction_exception_entry.o)
                0x00000000000801c4                alt_instruction_exception_entry
                0x0000000000080224                PROVIDE (__ram_exceptions_end = ABSOLUTE (.))
                0x0000000000080020                PROVIDE (__flash_exceptions_start = LOADADDR (.exceptions))

.text           0x0000000000080224     0x5e54
                [!provide]                        PROVIDE (stext = ABSOLUTE (.))
 *(.interp)
 *(.hash)
 *(.dynsym)
 *(.dynstr)
 *(.gnu.version)
 *(.gnu.version_d)
 *(.gnu.version_r)
 *(.rel.init)
 *(.rela.init)
 *(.rel.text .rel.text.* .rel.gnu.linkonce.t.*)
 *(.rela.text .rela.text.* .rela.gnu.linkonce.t.*)
 *(.rel.fini)
 *(.rela.fini)
 *(.rel.rodata .rel.rodata.* .rel.gnu.linkonce.r.*)
 *(.rela.rodata .rela.rodata.* .rela.gnu.linkonce.r.*)
 *(.rel.data .rel.data.* .rel.gnu.linkonce.d.*)
 *(.rela.data .rela.data.* .rela.gnu.linkonce.d.*)
 *(.rel.tdata .rel.tdata.* .rel.gnu.linkonce.td.*)
 *(.rela.tdata .rela.tdata.* .rela.gnu.linkonce.td.*)
 *(.rel.tbss .rel.tbss.* .rel.gnu.linkonce.tb.*)
 *(.rela.tbss .rela.tbss.* .rela.gnu.linkonce.tb.*)
 *(.rel.ctors)
 *(.rela.ctors)
 *(.rel.dtors)
 *(.rela.dtors)
 *(.rel.got)
 *(.rela.got)
 *(.rel.sdata .rel.sdata.* .rel.gnu.linkonce.s.*)
 *(.rela.sdata .rela.sdata.* .rela.gnu.linkonce.s.*)
 *(.rel.sbss .rel.sbss.* .rel.gnu.linkonce.sb.*)
 *(.rela.sbss .rela.sbss.* .rela.gnu.linkonce.sb.*)
 *(.rel.sdata2 .rel.sdata2.* .rel.gnu.linkonce.s2.*)
 *(.rela.sdata2 .rela.sdata2.* .rela.gnu.linkonce.s2.*)
 *(.rel.sbss2 .rel.sbss2.* .rel.gnu.linkonce.sb2.*)
 *(.rela.sbss2 .rela.sbss2.* .rela.gnu.linkonce.sb2.*)
 *(.rel.bss .rel.bss.* .rel.gnu.linkonce.b.*)
 *(.rela.bss .rela.bss.* .rela.gnu.linkonce.b.*)
 *(.rel.plt)
 *(.rela.plt)
 *(.rel.dyn)
 *(.init)
 *(.plt)
 *(.text .stub .text.* .gnu.linkonce.t.*)
 .text          0x0000000000080224       0x3c c:/Workspace/quartus/npu/software/npu_bsp//obj/HAL/src/crt0.o
                0x0000000000080224                _start
 .text          0x0000000000080260      0x2c4 obj/default/common.o
                0x0000000000080260                get_char_polled
                0x0000000000080298                get_char_async
                0x00000000000802d8                get_total_cycles
                0x00000000000803d4                msgdma_init
                0x000000000008043c                msgdma_read_stream_push
                0x00000000000804b0                msgdma_write_stream_push
 .text          0x0000000000080524     0x1378 obj/default/main.o
                0x0000000000080524                npu_format_inputs
                0x0000000000080650                npu_format_weights
                0x000000000008078c                npu_parse_output
                0x0000000000080868                npu_load_weights
                0x00000000000808ec                npu_get_matrix
                0x0000000000080938                npu_load_matrix
                0x0000000000080990                npu_wait_execution
                0x00000000000809dc                verify_full_system
                0x0000000000081104                verify_streaming_batch
                0x00000000000816c4                verify_mac_pe
                0x00000000000817ac                main
 .text          0x000000000008189c      0x104 d:/intelfpga_lite/20.1/nios2eds/bin/gnu/h-x86_64-mingw32/bin/../lib/gcc/nios2-elf/10.1.1/mno-hw-mul\libgcc.a(_muldi3.o)
                0x000000000008189c                __muldi3
 .text          0x00000000000819a0       0x28 d:/intelfpga_lite/20.1/nios2eds/bin/gnu/h-x86_64-mingw32/bin/../lib/gcc/nios2-elf/10.1.1/mno-hw-mul\libgcc.a(_bswapsi2.o)
                0x00000000000819a0                __bswapsi2
 .text          0x00000000000819c8       0x28 d:/intelfpga_lite/20.1/nios2eds/bin/gnu/h-x86_64-mingw32/bin/../lib/gcc/nios2-elf/10.1.1/mno-hw-mul\libgcc.a(lib2-mul.o)
                0x00000000000819c8                __mulsi3
 .text          0x00000000000819f0        0x0 d:/intelfpga_lite/20.1/nios2eds/bin/gnu/h-x86_64-mingw32/bin/../lib/gcc/nios2-elf/10.1.1/../../../../../H-x86_64-mingw32/nios2-elf/lib/mno-hw-mul\libsmallc.a(lib_a-memset.o)
 .text.memset   0x00000000000819f0       0x20 d:/intelfpga_lite/20.1/nios2eds/bin/gnu/h-x86_64-mingw32/bin/../lib/gcc/nios2-elf/10.1.1/../../../../../H-x86_64-mingw32/nios2-elf/lib/mno-hw-mul\libsmallc.a(lib_a-memset.o)
                0x00000000000819f0                memset
 .text          0x0000000000081a10        0x0 d:/intelfpga_lite/20.1/nios2eds/bin/gnu/h-x86_64-mingw32/bin/../lib/gcc/nios2-elf/10.1.1/../../../../../H-x86_64-mingw32/nios2-elf/lib/mno-hw-mul\libsmallc.a(lib_a-printf.o)
 .text._printf_r
                0x0000000000081a10       0x3c d:/intelfpga_lite/20.1/nios2eds/bin/gnu/h-x86_64-mingw32/bin/../lib/gcc/nios2-elf/10.1.1/../../../../../H-x86_64-mingw32/nios2-elf/lib/mno-hw-mul\libsmallc.a(lib_a-printf.o)
                0x0000000000081a10                _printf_r
 .text.printf   0x0000000000081a4c       0x48 d:/intelfpga_lite/20.1/nios2eds/bin/gnu/h-x86_64-mingw32/bin/../lib/gcc/nios2-elf/10.1.1/../../../../../H-x86_64-mingw32/nios2-elf/lib/mno-hw-mul\libsmallc.a(lib_a-printf.o)
                0x0000000000081a4c                printf
 .text          0x0000000000081a94        0x0 d:/intelfpga_lite/20.1/nios2eds/bin/gnu/h-x86_64-mingw32/bin/../lib/gcc/nios2-elf/10.1.1/../../../../../H-x86_64-mingw32/nios2-elf/lib/mno-hw-mul\libsmallc.a(lib_a-putchar.o)
 .text._putchar_r
                0x0000000000081a94        0x8 d:/intelfpga_lite/20.1/nios2eds/bin/gnu/h-x86_64-mingw32/bin/../lib/gcc/nios2-elf/10.1.1/../../../../../H-x86_64-mingw32/nios2-elf/lib/mno-hw-mul\libsmallc.a(lib_a-putchar.o)
                0x0000000000081a94                _putchar_r
 .text.putchar  0x0000000000081a9c       0x18 d:/intelfpga_lite/20.1/nios2eds/bin/gnu/h-x86_64-mingw32/bin/../lib/gcc/nios2-elf/10.1.1/../../../../../H-x86_64-mingw32/nios2-elf/lib/mno-hw-mul\libsmallc.a(lib_a-putchar.o)
                0x0000000000081a9c                putchar
 .text          0x0000000000081ab4        0x0 d:/intelfpga_lite/20.1/nios2eds/bin/gnu/h-x86_64-mingw32/bin/../lib/gcc/nios2-elf/10.1.1/../../../../../H-x86_64-mingw32/nios2-elf/lib/mno-hw-mul\libsmallc.a(lib_a-puts.o)
 .text._puts_r  0x0000000000081ab4       0x80 d:/intelfpga_lite/20.1/nios2eds/bin/gnu/h-x86_64-mingw32/bin/../lib/gcc/nios2-elf/10.1.1/../../../../../H-x86_64-mingw32/nios2-elf/lib/mno-hw-mul\libsmallc.a(lib_a-puts.o)
                0x0000000000081ab4                _puts_r
 .text.puts     0x0000000000081b34       0x10 d:/intelfpga_lite/20.1/nios2eds/bin/gnu/h-x86_64-mingw32/bin/../lib/gcc/nios2-elf/10.1.1/../../../../../H-x86_64-mingw32/nios2-elf/lib/mno-hw-mul\libsmallc.a(lib_a-puts.o)
                0x0000000000081b34                puts
 .text          0x0000000000081b44        0x0 d:/intelfpga_lite/20.1/nios2eds/bin/gnu/h-x86_64-mingw32/bin/../lib/gcc/nios2-elf/10.1.1/../../../../../H-x86_64-mingw32/nios2-elf/lib/mno-hw-mul\libsmallc.a(lib_a-strlen.o)
 .text.strlen   0x0000000000081b44       0x1c d:/intelfpga_lite/20.1/nios2eds/bin/gnu/h-x86_64-mingw32/bin/../lib/gcc/nios2-elf/10.1.1/../../../../../H-x86_64-mingw32/nios2-elf/lib/mno-hw-mul\libsmallc.a(lib_a-strlen.o)
                0x0000000000081b44                strlen
 .text          0x0000000000081b60        0x0 d:/intelfpga_lite/20.1/nios2eds/bin/gnu/h-x86_64-mingw32/bin/../lib/gcc/nios2-elf/10.1.1/../../../../../H-x86_64-mingw32/nios2-elf/lib/mno-hw-mul\libsmallc.a(lib_a-vfprintf.o)
 .text.print_repeat
                0x0000000000081b60       0x6c d:/intelfpga_lite/20.1/nios2eds/bin/gnu/h-x86_64-mingw32/bin/../lib/gcc/nios2-elf/10.1.1/../../../../../H-x86_64-mingw32/nios2-elf/lib/mno-hw-mul\libsmallc.a(lib_a-vfprintf.o)
 .text.___vfprintf_internal_r
                0x0000000000081bcc      0x50c d:/intelfpga_lite/20.1/nios2eds/bin/gnu/h-x86_64-mingw32/bin/../lib/gcc/nios2-elf/10.1.1/../../../../../H-x86_64-mingw32/nios2-elf/lib/mno-hw-mul\libsmallc.a(lib_a-vfprintf.o)
                0x0000000000081bcc                ___vfprintf_internal_r
 .text.__vfprintf_internal
                0x00000000000820d8       0x18 d:/intelfpga_lite/20.1/nios2eds/bin/gnu/h-x86_64-mingw32/bin/../lib/gcc/nios2-elf/10.1.1/../../../../../H-x86_64-mingw32/nios2-elf/lib/mno-hw-mul\libsmallc.a(lib_a-vfprintf.o)
                0x00000000000820d8                __vfprintf_internal
 .text          0x00000000000820f0        0x0 d:/intelfpga_lite/20.1/nios2eds/bin/gnu/h-x86_64-mingw32/bin/../lib/gcc/nios2-elf/10.1.1/../../../../../H-x86_64-mingw32/nios2-elf/lib/mno-hw-mul\libsmallc.a(lib_a-fvwrite_small_dev.o)
 .text.__sfvwrite_small_dev
                0x00000000000820f0       0xa8 d:/intelfpga_lite/20.1/nios2eds/bin/gnu/h-x86_64-mingw32/bin/../lib/gcc/nios2-elf/10.1.1/../../../../../H-x86_64-mingw32/nios2-elf/lib/mno-hw-mul\libsmallc.a(lib_a-fvwrite_small_dev.o)
                0x00000000000820f0                __sfvwrite_small_dev
 .text          0x0000000000082198        0x0 d:/intelfpga_lite/20.1/nios2eds/bin/gnu/h-x86_64-mingw32/bin/../lib/gcc/nios2-elf/10.1.1/../../../../../H-x86_64-mingw32/nios2-elf/lib/mno-hw-mul\libsmallc.a(lib_a-impure.o)
 .text          0x0000000000082198        0x0 d:/intelfpga_lite/20.1/nios2eds/bin/gnu/h-x86_64-mingw32/bin/../lib/gcc/nios2-elf/10.1.1/../../../../../H-x86_64-mingw32/nios2-elf/lib/mno-hw-mul\libsmallc.a(lib_a-putc.o)
 .text.putc     0x0000000000082198       0x50 d:/intelfpga_lite/20.1/nios2eds/bin/gnu/h-x86_64-mingw32/bin/../lib/gcc/nios2-elf/10.1.1/../../../../../H-x86_64-mingw32/nios2-elf/lib/mno-hw-mul\libsmallc.a(lib_a-putc.o)
                0x0000000000082198                putc
 .text._putc_r  0x00000000000821e8       0x54 d:/intelfpga_lite/20.1/nios2eds/bin/gnu/h-x86_64-mingw32/bin/../lib/gcc/nios2-elf/10.1.1/../../../../../H-x86_64-mingw32/nios2-elf/lib/mno-hw-mul\libsmallc.a(lib_a-putc.o)
                0x00000000000821e8                _putc_r
 .text          0x000000000008223c        0x0 d:/intelfpga_lite/20.1/nios2eds/bin/gnu/h-x86_64-mingw32/bin/../lib/gcc/nios2-elf/10.1.1/../../../../../H-x86_64-mingw32/nios2-elf/lib/mno-hw-mul\libsmallc.a(lib_a-writer.o)
 .text._write_r
                0x000000000008223c       0x50 d:/intelfpga_lite/20.1/nios2eds/bin/gnu/h-x86_64-mingw32/bin/../lib/gcc/nios2-elf/10.1.1/../../../../../H-x86_64-mingw32/nios2-elf/lib/mno-hw-mul\libsmallc.a(lib_a-writer.o)
                0x000000000008223c                _write_r
 .text          0x000000000008228c        0x0 d:/intelfpga_lite/20.1/nios2eds/bin/gnu/h-x86_64-mingw32/bin/../lib/gcc/nios2-elf/10.1.1/../../../../../H-x86_64-mingw32/nios2-elf/lib/mno-hw-mul\libsmallc.a(lib_a-int_errno.o)
 .text          0x000000000008228c      0x1b4 d:/intelfpga_lite/20.1/nios2eds/bin/gnu/h-x86_64-mingw32/bin/../lib/gcc/nios2-elf/10.1.1/mno-hw-mul\libgcc.a(lib2-divmod.o)
                0x000000000008228c                __divsi3
                0x000000000008230c                __modsi3
                0x0000000000082380                __udivsi3
                0x00000000000823e4                __umodsi3
 .text          0x0000000000082440       0x20 c:/Workspace/quartus/npu/software/npu_bsp/\libhal_bsp.a(alt_dcache_flush_all.o)
                0x0000000000082440                alt_dcache_flush_all
 .text          0x0000000000082460       0xec c:/Workspace/quartus/npu/software/npu_bsp/\libhal_bsp.a(alt_load.o)
                0x00000000000824c8                alt_load
 .text          0x000000000008254c       0x7c c:/Workspace/quartus/npu/software/npu_bsp/\libhal_bsp.a(alt_main.o)
                0x000000000008254c                alt_main
 .text          0x00000000000825c8      0x1ac c:/Workspace/quartus/npu/software/npu_bsp/\libhal_bsp.a(alt_tick.o)
                0x00000000000825c8                alt_alarm_stop
                0x000000000008266c                alt_tick
 .text          0x0000000000082774      0x140 c:/Workspace/quartus/npu/software/npu_bsp/\libhal_bsp.a(alt_write.o)
                0x00000000000827b0                write
 .text          0x00000000000828b4      0x100 c:/Workspace/quartus/npu/software/npu_bsp/\libhal_bsp.a(alt_sys_init.o)
                0x00000000000828e8                alt_irq_init
                0x0000000000082924                alt_sys_init
 .text          0x00000000000829b4       0xc0 c:/Workspace/quartus/npu/software/npu_bsp/\libhal_bsp.a(altera_avalon_jtag_uart_fd.o)
                0x00000000000829b4                altera_avalon_jtag_uart_read_fd
                0x0000000000082a14                altera_avalon_jtag_uart_write_fd
 .text          0x0000000000082a74       0xec c:/Workspace/quartus/npu/software/npu_bsp/\libhal_bsp.a(altera_avalon_jtag_uart_read.o)
                0x0000000000082a74                altera_avalon_jtag_uart_read
 .text          0x0000000000082b60       0x94 c:/Workspace/quartus/npu/software/npu_bsp/\libhal_bsp.a(altera_avalon_jtag_uart_write.o)
                0x0000000000082b60                altera_avalon_jtag_uart_write
 .text          0x0000000000082bf4      0x100 c:/Workspace/quartus/npu/software/npu_bsp/\libhal_bsp.a(altera_avalon_timer_sc.o)
                0x0000000000082c70                alt_avalon_timer_sc_init
 .text          0x0000000000082cf4     0x1fd8 c:/Workspace/quartus/npu/software/npu_bsp/\libhal_bsp.a(altera_msgdma.o)
                0x00000000000838bc                alt_msgdma_construct_standard_st_to_mm_descriptor
                0x0000000000083914                alt_msgdma_construct_standard_mm_to_st_descriptor
                0x000000000008396c                alt_msgdma_construct_standard_mm_to_mm_descriptor
                0x00000000000839c4                alt_msgdma_construct_extended_st_to_mm_descriptor
                0x0000000000083a54                alt_msgdma_construct_extended_mm_to_st_descriptor
                0x0000000000083ae4                alt_msgdma_construct_extended_mm_to_mm_descriptor
                0x0000000000083dc4                alt_msgdma_construct_prefetcher_standard_mm_to_mm_descriptor
                0x0000000000083e1c                alt_msgdma_construct_prefetcher_standard_st_to_mm_descriptor
                0x0000000000083e74                alt_msgdma_construct_prefetcher_standard_mm_to_st_descriptor
                0x0000000000083ecc                alt_msgdma_construct_prefetcher_extended_st_to_mm_descriptor
                0x0000000000083f6c                alt_msgdma_construct_prefetcher_extended_mm_to_st_descriptor
                0x0000000000084004                alt_msgdma_construct_prefetcher_extended_mm_to_mm_descriptor
                0x00000000000840bc                alt_msgdma_prefetcher_add_standard_desc_to_list
                0x00000000000841ac                alt_msgdma_prefetcher_add_extended_desc_to_list
                0x0000000000084344                alt_msgdma_prefetcher_set_std_list_own_by_hw_bits
                0x0000000000084454                alt_msgdma_prefetcher_set_extd_list_own_by_hw_bits
                0x00000000000845a0                alt_msgdma_start_prefetcher_with_list_addr
                0x0000000000084868                alt_msgdma_start_prefetcher_with_std_desc_list
                0x0000000000084918                alt_msgdma_start_prefetcher_with_extd_desc_list
                0x00000000000849c8                alt_msgdma_open
                0x0000000000084a20                alt_msgdma_init
                0x0000000000084b88                alt_msgdma_register_callback
                0x0000000000084bdc                alt_msgdma_standard_descriptor_async_transfer
                0x0000000000084c18                alt_msgdma_extended_descriptor_async_transfer
                0x0000000000084c54                alt_msgdma_standard_descriptor_sync_transfer
                0x0000000000084c90                alt_msgdma_extended_descriptor_sync_transfer
 .text          0x0000000000084ccc      0x158 c:/Workspace/quartus/npu/software/npu_bsp/\libhal_bsp.a(alt_busy_sleep.o)
                0x0000000000084ccc                alt_busy_sleep
 .text          0x0000000000084e24      0x118 c:/Workspace/quartus/npu/software/npu_bsp/\libhal_bsp.a(alt_close.o)
                0x0000000000084e60                close
 .text          0x0000000000084f3c       0x28 c:/Workspace/quartus/npu/software/npu_bsp/\libhal_bsp.a(alt_dcache_flush.o)
                0x0000000000084f3c                alt_dcache_flush
 .text          0x0000000000084f64       0x2c c:/Workspace/quartus/npu/software/npu_bsp/\libhal_bsp.a(alt_dev.o)
 .text          0x0000000000084f90       0xe4 c:/Workspace/quartus/npu/software/npu_bsp/\libhal_bsp.a(alt_dev_llist_insert.o)
                0x0000000000084fcc                alt_dev_llist_insert
 .text          0x0000000000085074       0x64 c:/Workspace/quartus/npu/software/npu_bsp/\libhal_bsp.a(alt_do_ctors.o)
                0x0000000000085074                _do_ctors
 .text          0x00000000000850d8       0x64 c:/Workspace/quartus/npu/software/npu_bsp/\libhal_bsp.a(alt_do_dtors.o)
                0x00000000000850d8                _do_dtors
 .text          0x000000000008513c        0x0 c:/Workspace/quartus/npu/software/npu_bsp/\libhal_bsp.a(alt_errno.o)
 .text          0x000000000008513c       0x90 c:/Workspace/quartus/npu/software/npu_bsp/\libhal_bsp.a(alt_find_dev.o)
                0x000000000008513c                alt_find_dev
 .text          0x00000000000851cc       0x20 c:/Workspace/quartus/npu/software/npu_bsp/\libhal_bsp.a(alt_icache_flush_all.o)
                0x00000000000851cc                alt_icache_flush_all
 .text          0x00000000000851ec      0x1b0 c:/Workspace/quartus/npu/software/npu_bsp/\libhal_bsp.a(alt_iic.o)
                0x00000000000851ec                alt_ic_isr_register
                0x000000000008523c                alt_ic_irq_enable
                0x00000000000852c4                alt_ic_irq_disable
                0x0000000000085350                alt_ic_irq_enabled
 .text          0x000000000008539c       0xe8 c:/Workspace/quartus/npu/software/npu_bsp/\libhal_bsp.a(alt_iic_isr_register.o)
                0x000000000008539c                alt_iic_isr_register
 .text          0x0000000000085484      0x150 c:/Workspace/quartus/npu/software/npu_bsp/\libhal_bsp.a(alt_io_redirect.o)
                0x0000000000085558                alt_io_redirect
 .text          0x00000000000855d4        0x0 c:/Workspace/quartus/npu/software/npu_bsp/\libhal_bsp.a(alt_irq_entry.o)
 .text          0x00000000000855d4        0x0 c:/Workspace/quartus/npu/software/npu_bsp/\libhal_bsp.a(alt_irq_handler.o)
 .text          0x00000000000855d4        0x0 c:/Workspace/quartus/npu/software/npu_bsp/\libhal_bsp.a(alt_irq_vars.o)
 .text          0x00000000000855d4      0x278 c:/Workspace/quartus/npu/software/npu_bsp/\libhal_bsp.a(alt_open.o)
                0x00000000000856ec                open
 .text          0x000000000008584c      0x22c c:/Workspace/quartus/npu/software/npu_bsp/\libhal_bsp.a(alt_printf.o)
                0x000000000008584c                alt_printf
 .text          0x0000000000085a78       0x30 c:/Workspace/quartus/npu/software/npu_bsp/\libhal_bsp.a(alt_putchar.o)
                0x0000000000085a78                alt_putchar
 .text          0x0000000000085aa8       0x70 c:/Workspace/quartus/npu/software/npu_bsp/\libhal_bsp.a(alt_release_fd.o)
                0x0000000000085aa8                alt_release_fd
 .text          0x0000000000085b18       0x24 c:/Workspace/quartus/npu/software/npu_bsp/\libhal_bsp.a(altera_nios2_gen2_irq.o)
                0x0000000000085b18                altera_nios2_gen2_irq_init
 .text          0x0000000000085b3c        0x0 c:/Workspace/quartus/npu/software/npu_bsp/\libhal_bsp.a(alt_exception_entry.o)
 .text          0x0000000000085b3c      0x108 c:/Workspace/quartus/npu/software/npu_bsp/\libhal_bsp.a(alt_find_file.o)
                0x0000000000085b3c                alt_find_file
 .text          0x0000000000085c44       0xb8 c:/Workspace/quartus/npu/software/npu_bsp/\libhal_bsp.a(alt_get_fd.o)
                0x0000000000085c44                alt_get_fd
 .text          0x0000000000085cfc       0x98 c:/Workspace/quartus/npu/software/npu_bsp/\libhal_bsp.a(alt_instruction_exception_entry.o)
                0x0000000000085cfc                alt_exception_cause_generated_bad_addr
 .text          0x0000000000085d94        0x0 d:/intelfpga_lite/20.1/nios2eds/bin/gnu/h-x86_64-mingw32/bin/../lib/gcc/nios2-elf/10.1.1/../../../../../H-x86_64-mingw32/nios2-elf/lib/mno-hw-mul\libsmallc.a(lib_a-atexit.o)
 .text.atexit   0x0000000000085d94       0x14 d:/intelfpga_lite/20.1/nios2eds/bin/gnu/h-x86_64-mingw32/bin/../lib/gcc/nios2-elf/10.1.1/../../../../../H-x86_64-mingw32/nios2-elf/lib/mno-hw-mul\libsmallc.a(lib_a-atexit.o)
                0x0000000000085d94                atexit
 .text          0x0000000000085da8        0x0 d:/intelfpga_lite/20.1/nios2eds/bin/gnu/h-x86_64-mingw32/bin/../lib/gcc/nios2-elf/10.1.1/../../../../../H-x86_64-mingw32/nios2-elf/lib/mno-hw-mul\libsmallc.a(lib_a-exit.o)
 .text.exit     0x0000000000085da8       0x20 d:/intelfpga_lite/20.1/nios2eds/bin/gnu/h-x86_64-mingw32/bin/../lib/gcc/nios2-elf/10.1.1/../../../../../H-x86_64-mingw32/nios2-elf/lib/mno-hw-mul\libsmallc.a(lib_a-exit.o)
                0x0000000000085da8                exit
 .text          0x0000000000085dc8        0x0 d:/intelfpga_lite/20.1/nios2eds/bin/gnu/h-x86_64-mingw32/bin/../lib/gcc/nios2-elf/10.1.1/../../../../../H-x86_64-mingw32/nios2-elf/lib/mno-hw-mul\libsmallc.a(lib_a-memcmp.o)
 .text.memcmp   0x0000000000085dc8       0x30 d:/intelfpga_lite/20.1/nios2eds/bin/gnu/h-x86_64-mingw32/bin/../lib/gcc/nios2-elf/10.1.1/../../../../../H-x86_64-mingw32/nios2-elf/lib/mno-hw-mul\libsmallc.a(lib_a-memcmp.o)
                0x0000000000085dc8                memcmp
 .text          0x0000000000085df8        0x0 d:/intelfpga_lite/20.1/nios2eds/bin/gnu/h-x86_64-mingw32/bin/../lib/gcc/nios2-elf/10.1.1/../../../../../H-x86_64-mingw32/nios2-elf/lib/mno-hw-mul\libsmallc.a(lib_a-__atexit.o)
 .text.__register_exitproc
                0x0000000000085df8      0x11c d:/intelfpga_lite/20.1/nios2eds/bin/gnu/h-x86_64-mingw32/bin/../lib/gcc/nios2-elf/10.1.1/../../../../../H-x86_64-mingw32/nios2-elf/lib/mno-hw-mul\libsmallc.a(lib_a-__atexit.o)
                0x0000000000085df8                __register_exitproc
 .text          0x0000000000085f14        0x0 d:/intelfpga_lite/20.1/nios2eds/bin/gnu/h-x86_64-mingw32/bin/../lib/gcc/nios2-elf/10.1.1/../../../../../H-x86_64-mingw32/nios2-elf/lib/mno-hw-mul\libsmallc.a(lib_a-__call_atexit.o)
 .text.__call_exitprocs
                0x0000000000085f14      0x12c d:/intelfpga_lite/20.1/nios2eds/bin/gnu/h-x86_64-mingw32/bin/../lib/gcc/nios2-elf/10.1.1/../../../../../H-x86_64-mingw32/nios2-elf/lib/mno-hw-mul\libsmallc.a(lib_a-__call_atexit.o)
                0x0000000000085f14                __call_exitprocs
 .text          0x0000000000086040       0x38 c:/Workspace/quartus/npu/software/npu_bsp/\libhal_bsp.a(alt_exit.o)
                0x0000000000086040                _exit
 *(.gnu.warning.*)
 *(.fini)
                [!provide]                        PROVIDE (__etext = ABSOLUTE (.))
                [!provide]                        PROVIDE (_etext = ABSOLUTE (.))
                [!provide]                        PROVIDE (etext = ABSOLUTE (.))
 *(.eh_frame_hdr)
                0x0000000000086078                . = ALIGN (0x4)
                [!provide]                        PROVIDE (__preinit_array_start = ABSOLUTE (.))
 *(.preinit_array)
                [!provide]                        PROVIDE (__preinit_array_end = ABSOLUTE (.))
                [!provide]                        PROVIDE (__init_array_start = ABSOLUTE (.))
 *(.init_array)
                [!provide]                        PROVIDE (__init_array_end = ABSOLUTE (.))
                [!provide]                        PROVIDE (__fini_array_start = ABSOLUTE (.))
 *(.fini_array)
                [!provide]                        PROVIDE (__fini_array_end = ABSOLUTE (.))
 *(.eh_frame)
 *(.gcc_except_table .gcc_except_table.*)
 *(.dynamic)
                0x0000000000086078                PROVIDE (__CTOR_LIST__ = ABSOLUTE (.))
 *(.ctors)
 *(SORT_BY_NAME(.ctors.*))
                0x0000000000086078                PROVIDE (__CTOR_END__ = ABSOLUTE (.))
                0x0000000000086078                PROVIDE (__DTOR_LIST__ = ABSOLUTE (.))
 *(.dtors)
 *(SORT_BY_NAME(.dtors.*))
                0x0000000000086078                PROVIDE (__DTOR_END__ = ABSOLUTE (.))
 *(.jcr)
                0x0000000000086078                . = ALIGN (0x4)

.rodata         0x0000000000086078      0x844
                0x0000000000086078                PROVIDE (__ram_rodata_start = ABSOLUTE (.))
                0x0000000000086078                . = ALIGN (0x4)
 *(.rodata .rodata.* .gnu.linkonce.r.*)
 .rodata        0x0000000000086078      0x5df obj/default/main.o
 *fill*         0x0000000000086657        0x1 
 .rodata._puts_r.str1.4
                0x0000000000086658        0x2 d:/intelfpga_lite/20.1/nios2eds/bin/gnu/h-x86_64-mingw32/bin/../lib/gcc/nios2-elf/10.1.1/../../../../../H-x86_64-mingw32/nios2-elf/lib/mno-hw-mul\libsmallc.a(lib_a-puts.o)
 *fill*         0x000000000008665a        0x2 
 .rodata        0x000000000008665c        0xf c:/Workspace/quartus/npu/software/npu_bsp/\libhal_bsp.a(alt_main.o)
 *fill*         0x000000000008666b        0x1 
 .rodata        0x000000000008666c       0x52 c:/Workspace/quartus/npu/software/npu_bsp/\libhal_bsp.a(alt_sys_init.o)
 *fill*         0x00000000000866be        0x2 
 .rodata        0x00000000000866c0      0x1ed c:/Workspace/quartus/npu/software/npu_bsp/\libhal_bsp.a(altera_msgdma.o)
 *fill*         0x00000000000868ad        0x3 
 .rodata        0x00000000000868b0        0xa c:/Workspace/quartus/npu/software/npu_bsp/\libhal_bsp.a(alt_dev.o)
 *(.rodata1)
                0x00000000000868bc                . = ALIGN (0x4)
 *fill*         0x00000000000868ba        0x2 
                0x00000000000868bc                PROVIDE (__ram_rodata_end = ABSOLUTE (.))
                0x0000000000086078                PROVIDE (__flash_rodata_start = LOADADDR (.rodata))

.rwdata         0x00000000000868bc      0x3b0 load address 0x0000000000086c6c
                0x00000000000868bc                PROVIDE (__ram_rwdata_start = ABSOLUTE (.))
                0x00000000000868bc                . = ALIGN (0x4)
 *(.got.plt)
 *(.got)
 *(.data1)
 *(.data .data.* .gnu.linkonce.d.*)
 .data          0x00000000000868bc        0x0 c:/Workspace/quartus/npu/software/npu_bsp//obj/HAL/src/crt0.o
 .data          0x00000000000868bc        0x0 obj/default/common.o
 .data          0x00000000000868bc        0x0 obj/default/main.o
 .data          0x00000000000868bc        0x0 d:/intelfpga_lite/20.1/nios2eds/bin/gnu/h-x86_64-mingw32/bin/../lib/gcc/nios2-elf/10.1.1/mno-hw-mul\libgcc.a(_muldi3.o)
 .data          0x00000000000868bc        0x0 d:/intelfpga_lite/20.1/nios2eds/bin/gnu/h-x86_64-mingw32/bin/../lib/gcc/nios2-elf/10.1.1/mno-hw-mul\libgcc.a(_bswapsi2.o)
 .data          0x00000000000868bc        0x0 d:/intelfpga_lite/20.1/nios2eds/bin/gnu/h-x86_64-mingw32/bin/../lib/gcc/nios2-elf/10.1.1/mno-hw-mul\libgcc.a(lib2-mul.o)
 .data          0x00000000000868bc        0x0 d:/intelfpga_lite/20.1/nios2eds/bin/gnu/h-x86_64-mingw32/bin/../lib/gcc/nios2-elf/10.1.1/../../../../../H-x86_64-mingw32/nios2-elf/lib/mno-hw-mul\libsmallc.a(lib_a-memset.o)
 .data          0x00000000000868bc        0x0 d:/intelfpga_lite/20.1/nios2eds/bin/gnu/h-x86_64-mingw32/bin/../lib/gcc/nios2-elf/10.1.1/../../../../../H-x86_64-mingw32/nios2-elf/lib/mno-hw-mul\libsmallc.a(lib_a-printf.o)
 .data          0x00000000000868bc        0x0 d:/intelfpga_lite/20.1/nios2eds/bin/gnu/h-x86_64-mingw32/bin/../lib/gcc/nios2-elf/10.1.1/../../../../../H-x86_64-mingw32/nios2-elf/lib/mno-hw-mul\libsmallc.a(lib_a-putchar.o)
 .data          0x00000000000868bc        0x0 d:/intelfpga_lite/20.1/nios2eds/bin/gnu/h-x86_64-mingw32/bin/../lib/gcc/nios2-elf/10.1.1/../../../../../H-x86_64-mingw32/nios2-elf/lib/mno-hw-mul\libsmallc.a(lib_a-puts.o)
 .data          0x00000000000868bc        0x0 d:/intelfpga_lite/20.1/nios2eds/bin/gnu/h-x86_64-mingw32/bin/../lib/gcc/nios2-elf/10.1.1/../../../../../H-x86_64-mingw32/nios2-elf/lib/mno-hw-mul\libsmallc.a(lib_a-strlen.o)
 .data          0x00000000000868bc        0x0 d:/intelfpga_lite/20.1/nios2eds/bin/gnu/h-x86_64-mingw32/bin/../lib/gcc/nios2-elf/10.1.1/../../../../../H-x86_64-mingw32/nios2-elf/lib/mno-hw-mul\libsmallc.a(lib_a-vfprintf.o)
 .data          0x00000000000868bc        0x0 d:/intelfpga_lite/20.1/nios2eds/bin/gnu/h-x86_64-mingw32/bin/../lib/gcc/nios2-elf/10.1.1/../../../../../H-x86_64-mingw32/nios2-elf/lib/mno-hw-mul\libsmallc.a(lib_a-fvwrite_small_dev.o)
 .data          0x00000000000868bc        0x0 d:/intelfpga_lite/20.1/nios2eds/bin/gnu/h-x86_64-mingw32/bin/../lib/gcc/nios2-elf/10.1.1/../../../../../H-x86_64-mingw32/nios2-elf/lib/mno-hw-mul\libsmallc.a(lib_a-impure.o)
 .data.impure_data
                0x00000000000868bc       0xe4 d:/intelfpga_lite/20.1/nios2eds/bin/gnu/h-x86_64-mingw32/bin/../lib/gcc/nios2-elf/10.1.1/../../../../../H-x86_64-mingw32/nios2-elf/lib/mno-hw-mul\libsmallc.a(lib_a-impure.o)
 .data          0x00000000000869a0        0x0 d:/intelfpga_lite/20.1/nios2eds/bin/gnu/h-x86_64-mingw32/bin/../lib/gcc/nios2-elf/10.1.1/../../../../../H-x86_64-mingw32/nios2-elf/lib/mno-hw-mul\libsmallc.a(lib_a-putc.o)
 .data          0x00000000000869a0        0x0 d:/intelfpga_lite/20.1/nios2eds/bin/gnu/h-x86_64-mingw32/bin/../lib/gcc/nios2-elf/10.1.1/../../../../../H-x86_64-mingw32/nios2-elf/lib/mno-hw-mul\libsmallc.a(lib_a-writer.o)
 .data          0x00000000000869a0        0x0 d:/intelfpga_lite/20.1/nios2eds/bin/gnu/h-x86_64-mingw32/bin/../lib/gcc/nios2-elf/10.1.1/../../../../../H-x86_64-mingw32/nios2-elf/lib/mno-hw-mul\libsmallc.a(lib_a-int_errno.o)
 .data          0x00000000000869a0        0x0 d:/intelfpga_lite/20.1/nios2eds/bin/gnu/h-x86_64-mingw32/bin/../lib/gcc/nios2-elf/10.1.1/mno-hw-mul\libgcc.a(lib2-divmod.o)
 .data          0x00000000000869a0        0x0 c:/Workspace/quartus/npu/software/npu_bsp/\libhal_bsp.a(alt_dcache_flush_all.o)
 .data          0x00000000000869a0        0x0 c:/Workspace/quartus/npu/software/npu_bsp/\libhal_bsp.a(alt_load.o)
 .data          0x00000000000869a0        0x0 c:/Workspace/quartus/npu/software/npu_bsp/\libhal_bsp.a(alt_main.o)
 .data          0x00000000000869a0        0x0 c:/Workspace/quartus/npu/software/npu_bsp/\libhal_bsp.a(alt_tick.o)
 .data          0x00000000000869a0        0x0 c:/Workspace/quartus/npu/software/npu_bsp/\libhal_bsp.a(alt_write.o)
 .data          0x00000000000869a0       0xf0 c:/Workspace/quartus/npu/software/npu_bsp/\libhal_bsp.a(alt_sys_init.o)
 .data          0x0000000000086a90        0x0 c:/Workspace/quartus/npu/software/npu_bsp/\libhal_bsp.a(altera_avalon_jtag_uart_fd.o)
 .data          0x0000000000086a90        0x0 c:/Workspace/quartus/npu/software/npu_bsp/\libhal_bsp.a(altera_avalon_jtag_uart_read.o)
 .data          0x0000000000086a90        0x0 c:/Workspace/quartus/npu/software/npu_bsp/\libhal_bsp.a(altera_avalon_jtag_uart_write.o)
 .data          0x0000000000086a90        0x0 c:/Workspace/quartus/npu/software/npu_bsp/\libhal_bsp.a(altera_avalon_timer_sc.o)
 .data          0x0000000000086a90        0x0 c:/Workspace/quartus/npu/software/npu_bsp/\libhal_bsp.a(altera_msgdma.o)
 .data          0x0000000000086a90        0x0 c:/Workspace/quartus/npu/software/npu_bsp/\libhal_bsp.a(alt_busy_sleep.o)
 .data          0x0000000000086a90        0x0 c:/Workspace/quartus/npu/software/npu_bsp/\libhal_bsp.a(alt_close.o)
 .data          0x0000000000086a90        0x0 c:/Workspace/quartus/npu/software/npu_bsp/\libhal_bsp.a(alt_dcache_flush.o)
 .data          0x0000000000086a90      0x1a8 c:/Workspace/quartus/npu/software/npu_bsp/\libhal_bsp.a(alt_dev.o)
                0x0000000000086a90                alt_dev_null
                0x0000000000086ab8                alt_fd_list
 .data          0x0000000000086c38        0x0 c:/Workspace/quartus/npu/software/npu_bsp/\libhal_bsp.a(alt_dev_llist_insert.o)
 .data          0x0000000000086c38        0x0 c:/Workspace/quartus/npu/software/npu_bsp/\libhal_bsp.a(alt_do_ctors.o)
 .data          0x0000000000086c38        0x0 c:/Workspace/quartus/npu/software/npu_bsp/\libhal_bsp.a(alt_do_dtors.o)
 .data          0x0000000000086c38        0x0 c:/Workspace/quartus/npu/software/npu_bsp/\libhal_bsp.a(alt_errno.o)
 .data          0x0000000000086c38        0x0 c:/Workspace/quartus/npu/software/npu_bsp/\libhal_bsp.a(alt_find_dev.o)
 .data          0x0000000000086c38        0x0 c:/Workspace/quartus/npu/software/npu_bsp/\libhal_bsp.a(alt_icache_flush_all.o)
 .data          0x0000000000086c38        0x0 c:/Workspace/quartus/npu/software/npu_bsp/\libhal_bsp.a(alt_iic.o)
 .data          0x0000000000086c38        0x0 c:/Workspace/quartus/npu/software/npu_bsp/\libhal_bsp.a(alt_iic_isr_register.o)
 .data          0x0000000000086c38        0x0 c:/Workspace/quartus/npu/software/npu_bsp/\libhal_bsp.a(alt_io_redirect.o)
 .data          0x0000000000086c38        0x0 c:/Workspace/quartus/npu/software/npu_bsp/\libhal_bsp.a(alt_irq_entry.o)
 .data          0x0000000000086c38        0x0 c:/Workspace/quartus/npu/software/npu_bsp/\libhal_bsp.a(alt_irq_handler.o)
 .data          0x0000000000086c38        0x0 c:/Workspace/quartus/npu/software/npu_bsp/\libhal_bsp.a(alt_irq_vars.o)
 .data          0x0000000000086c38        0x0 c:/Workspace/quartus/npu/software/npu_bsp/\libhal_bsp.a(alt_open.o)
 .data          0x0000000000086c38        0x0 c:/Workspace/quartus/npu/software/npu_bsp/\libhal_bsp.a(alt_printf.o)
 .data          0x0000000000086c38        0x0 c:/Workspace/quartus/npu/software/npu_bsp/\libhal_bsp.a(alt_putchar.o)
 .data          0x0000000000086c38        0x0 c:/Workspace/quartus/npu/software/npu_bsp/\libhal_bsp.a(alt_release_fd.o)
 .data          0x0000000000086c38        0x0 c:/Workspace/quartus/npu/software/npu_bsp/\libhal_bsp.a(altera_nios2_gen2_irq.o)
 .data          0x0000000000086c38        0x0 c:/Workspace/quartus/npu/software/npu_bsp/\libhal_bsp.a(alt_exception_entry.o)
 .data          0x0000000000086c38        0x0 c:/Workspace/quartus/npu/software/npu_bsp/\libhal_bsp.a(alt_find_file.o)
 .data          0x0000000000086c38        0x0 c:/Workspace/quartus/npu/software/npu_bsp/\libhal_bsp.a(alt_get_fd.o)
 .data          0x0000000000086c38        0x0 c:/Workspace/quartus/npu/software/npu_bsp/\libhal_bsp.a(alt_instruction_exception_entry.o)
 .data          0x0000000000086c38        0x0 d:/intelfpga_lite/20.1/nios2eds/bin/gnu/h-x86_64-mingw32/bin/../lib/gcc/nios2-elf/10.1.1/../../../../../H-x86_64-mingw32/nios2-elf/lib/mno-hw-mul\libsmallc.a(lib_a-atexit.o)
 .data          0x0000000000086c38        0x0 d:/intelfpga_lite/20.1/nios2eds/bin/gnu/h-x86_64-mingw32/bin/../lib/gcc/nios2-elf/10.1.1/../../../../../H-x86_64-mingw32/nios2-elf/lib/mno-hw-mul\libsmallc.a(lib_a-exit.o)
 .data          0x0000000000086c38        0x0 d:/intelfpga_lite/20.1/nios2eds/bin/gnu/h-x86_64-mingw32/bin/../lib/gcc/nios2-elf/10.1.1/../../../../../H-x86_64-mingw32/nios2-elf/lib/mno-hw-mul\libsmallc.a(lib_a-memcmp.o)
 .data          0x0000000000086c38        0x0 d:/intelfpga_lite/20.1/nios2eds/bin/gnu/h-x86_64-mingw32/bin/../lib/gcc/nios2-elf/10.1.1/../../../../../H-x86_64-mingw32/nios2-elf/lib/mno-hw-mul\libsmallc.a(lib_a-__atexit.o)
 .data          0x0000000000086c38        0x0 d:/intelfpga_lite/20.1/nios2eds/bin/gnu/h-x86_64-mingw32/bin/../lib/gcc/nios2-elf/10.1.1/../../../../../H-x86_64-mingw32/nios2-elf/lib/mno-hw-mul\libsmallc.a(lib_a-__call_atexit.o)
 .data          0x0000000000086c38        0x0 c:/Workspace/quartus/npu/software/npu_bsp/\libhal_bsp.a(alt_exit.o)
                0x000000000008ec38                _gp = ABSOLUTE ((. + 0x8000))
                [!provide]                        PROVIDE (gp = _gp)
 *(.rwdata .rwdata.*)
 *(.sdata .sdata.* .gnu.linkonce.s.*)
 .sdata._global_impure_ptr
                0x0000000000086c38        0x4 d:/intelfpga_lite/20.1/nios2eds/bin/gnu/h-x86_64-mingw32/bin/../lib/gcc/nios2-elf/10.1.1/../../../../../H-x86_64-mingw32/nios2-elf/lib/mno-hw-mul\libsmallc.a(lib_a-impure.o)
                0x0000000000086c38                _global_impure_ptr
 .sdata._impure_ptr
                0x0000000000086c3c        0x4 d:/intelfpga_lite/20.1/nios2eds/bin/gnu/h-x86_64-mingw32/bin/../lib/gcc/nios2-elf/10.1.1/../../../../../H-x86_64-mingw32/nios2-elf/lib/mno-hw-mul\libsmallc.a(lib_a-impure.o)
                0x0000000000086c3c                _impure_ptr
 .sdata         0x0000000000086c40        0x8 c:/Workspace/quartus/npu/software/npu_bsp/\libhal_bsp.a(alt_tick.o)
                0x0000000000086c40                alt_alarm_list
 .sdata         0x0000000000086c48        0x8 c:/Workspace/quartus/npu/software/npu_bsp/\libhal_bsp.a(altera_msgdma.o)
                0x0000000000086c48                alt_msgdma_list
 .sdata         0x0000000000086c50       0x14 c:/Workspace/quartus/npu/software/npu_bsp/\libhal_bsp.a(alt_dev.o)
                0x0000000000086c50                alt_fs_list
                0x0000000000086c58                alt_dev_list
                0x0000000000086c60                alt_max_fd
 .sdata         0x0000000000086c64        0x4 c:/Workspace/quartus/npu/software/npu_bsp/\libhal_bsp.a(alt_errno.o)
                0x0000000000086c64                alt_errno
 .sdata         0x0000000000086c68        0x4 c:/Workspace/quartus/npu/software/npu_bsp/\libhal_bsp.a(alt_irq_vars.o)
                0x0000000000086c68                alt_priority_mask
 *(.sdata2 .sdata2.* .gnu.linkonce.s2.*)
                0x0000000000086c6c                . = ALIGN (0x4)
                0x0000000000086c6c                _edata = ABSOLUTE (.)
                [!provide]                        PROVIDE (edata = ABSOLUTE (.))
                0x0000000000086c6c                PROVIDE (__ram_rwdata_end = ABSOLUTE (.))
                0x0000000000086c6c                PROVIDE (__flash_rwdata_start = LOADADDR (.rwdata))

.bss            0x000000000008701c      0x120
                0x000000000008701c                __bss_start = ABSOLUTE (.)
                [!provide]                        PROVIDE (__sbss_start = ABSOLUTE (.))
                [!provide]                        PROVIDE (___sbss_start = ABSOLUTE (.))
 *(.dynsbss)
 *(.sbss .sbss.* .gnu.linkonce.sb.*)
 .sbss.errno    0x000000000008701c        0x4 d:/intelfpga_lite/20.1/nios2eds/bin/gnu/h-x86_64-mingw32/bin/../lib/gcc/nios2-elf/10.1.1/../../../../../H-x86_64-mingw32/nios2-elf/lib/mno-hw-mul\libsmallc.a(lib_a-int_errno.o)
                0x000000000008701c                errno
 .sbss          0x0000000000087020        0xc c:/Workspace/quartus/npu/software/npu_bsp/\libhal_bsp.a(alt_main.o)
                0x0000000000087020                alt_argc
                0x0000000000087024                alt_argv
                0x0000000000087028                alt_envp
 .sbss          0x000000000008702c        0x8 c:/Workspace/quartus/npu/software/npu_bsp/\libhal_bsp.a(alt_tick.o)
                0x000000000008702c                _alt_tick_rate
                0x0000000000087030                _alt_nticks
 .sbss          0x0000000000087034        0x4 c:/Workspace/quartus/npu/software/npu_bsp/\libhal_bsp.a(alt_irq_vars.o)
                0x0000000000087034                alt_irq_active
 .sbss          0x0000000000087038        0x4 c:/Workspace/quartus/npu/software/npu_bsp/\libhal_bsp.a(alt_instruction_exception_entry.o)
                0x0000000000087038                alt_instruction_exception_handler
 *(.sbss2 .sbss2.* .gnu.linkonce.sb2.*)
 *(.scommon)
                [!provide]                        PROVIDE (__sbss_end = ABSOLUTE (.))
                [!provide]                        PROVIDE (___sbss_end = ABSOLUTE (.))
 *(.dynbss)
 *(.bss .bss.* .gnu.linkonce.b.*)
 .bss           0x000000000008703c        0x0 c:/Workspace/quartus/npu/software/npu_bsp//obj/HAL/src/crt0.o
 .bss           0x000000000008703c        0x0 obj/default/common.o
 .bss           0x000000000008703c        0x0 obj/default/main.o
 .bss           0x000000000008703c        0x0 d:/intelfpga_lite/20.1/nios2eds/bin/gnu/h-x86_64-mingw32/bin/../lib/gcc/nios2-elf/10.1.1/mno-hw-mul\libgcc.a(_muldi3.o)
 .bss           0x000000000008703c        0x0 d:/intelfpga_lite/20.1/nios2eds/bin/gnu/h-x86_64-mingw32/bin/../lib/gcc/nios2-elf/10.1.1/mno-hw-mul\libgcc.a(_bswapsi2.o)
 .bss           0x000000000008703c        0x0 d:/intelfpga_lite/20.1/nios2eds/bin/gnu/h-x86_64-mingw32/bin/../lib/gcc/nios2-elf/10.1.1/mno-hw-mul\libgcc.a(lib2-mul.o)
 .bss           0x000000000008703c        0x0 d:/intelfpga_lite/20.1/nios2eds/bin/gnu/h-x86_64-mingw32/bin/../lib/gcc/nios2-elf/10.1.1/../../../../../H-x86_64-mingw32/nios2-elf/lib/mno-hw-mul\libsmallc.a(lib_a-memset.o)
 .bss           0x000000000008703c        0x0 d:/intelfpga_lite/20.1/nios2eds/bin/gnu/h-x86_64-mingw32/bin/../lib/gcc/nios2-elf/10.1.1/../../../../../H-x86_64-mingw32/nios2-elf/lib/mno-hw-mul\libsmallc.a(lib_a-printf.o)
 .bss           0x000000000008703c        0x0 d:/intelfpga_lite/20.1/nios2eds/bin/gnu/h-x86_64-mingw32/bin/../lib/gcc/nios2-elf/10.1.1/../../../../../H-x86_64-mingw32/nios2-elf/lib/mno-hw-mul\libsmallc.a(lib_a-putchar.o)
 .bss           0x000000000008703c        0x0 d:/intelfpga_lite/20.1/nios2eds/bin/gnu/h-x86_64-mingw32/bin/../lib/gcc/nios2-elf/10.1.1/../../../../../H-x86_64-mingw32/nios2-elf/lib/mno-hw-mul\libsmallc.a(lib_a-puts.o)
 .bss           0x000000000008703c        0x0 d:/intelfpga_lite/20.1/nios2eds/bin/gnu/h-x86_64-mingw32/bin/../lib/gcc/nios2-elf/10.1.1/../../../../../H-x86_64-mingw32/nios2-elf/lib/mno-hw-mul\libsmallc.a(lib_a-strlen.o)
 .bss           0x000000000008703c        0x0 d:/intelfpga_lite/20.1/nios2eds/bin/gnu/h-x86_64-mingw32/bin/../lib/gcc/nios2-elf/10.1.1/../../../../../H-x86_64-mingw32/nios2-elf/lib/mno-hw-mul\libsmallc.a(lib_a-vfprintf.o)
 .bss           0x000000000008703c        0x0 d:/intelfpga_lite/20.1/nios2eds/bin/gnu/h-x86_64-mingw32/bin/../lib/gcc/nios2-elf/10.1.1/../../../../../H-x86_64-mingw32/nios2-elf/lib/mno-hw-mul\libsmallc.a(lib_a-fvwrite_small_dev.o)
 .bss           0x000000000008703c        0x0 d:/intelfpga_lite/20.1/nios2eds/bin/gnu/h-x86_64-mingw32/bin/../lib/gcc/nios2-elf/10.1.1/../../../../../H-x86_64-mingw32/nios2-elf/lib/mno-hw-mul\libsmallc.a(lib_a-impure.o)
 .bss           0x000000000008703c        0x0 d:/intelfpga_lite/20.1/nios2eds/bin/gnu/h-x86_64-mingw32/bin/../lib/gcc/nios2-elf/10.1.1/../../../../../H-x86_64-mingw32/nios2-elf/lib/mno-hw-mul\libsmallc.a(lib_a-putc.o)
 .bss           0x000000000008703c        0x0 d:/intelfpga_lite/20.1/nios2eds/bin/gnu/h-x86_64-mingw32/bin/../lib/gcc/nios2-elf/10.1.1/../../../../../H-x86_64-mingw32/nios2-elf/lib/mno-hw-mul\libsmallc.a(lib_a-writer.o)
 .bss           0x000000000008703c        0x0 d:/intelfpga_lite/20.1/nios2eds/bin/gnu/h-x86_64-mingw32/bin/../lib/gcc/nios2-elf/10.1.1/../../../../../H-x86_64-mingw32/nios2-elf/lib/mno-hw-mul\libsmallc.a(lib_a-int_errno.o)
 .bss           0x000000000008703c        0x0 d:/intelfpga_lite/20.1/nios2eds/bin/gnu/h-x86_64-mingw32/bin/../lib/gcc/nios2-elf/10.1.1/mno-hw-mul\libgcc.a(lib2-divmod.o)
 .bss           0x000000000008703c        0x0 c:/Workspace/quartus/npu/software/npu_bsp/\libhal_bsp.a(alt_dcache_flush_all.o)
 .bss           0x000000000008703c        0x0 c:/Workspace/quartus/npu/software/npu_bsp/\libhal_bsp.a(alt_load.o)
 .bss           0x000000000008703c        0x0 c:/Workspace/quartus/npu/software/npu_bsp/\libhal_bsp.a(alt_main.o)
 .bss           0x000000000008703c        0x0 c:/Workspace/quartus/npu/software/npu_bsp/\libhal_bsp.a(alt_tick.o)
 .bss           0x000000000008703c        0x0 c:/Workspace/quartus/npu/software/npu_bsp/\libhal_bsp.a(alt_write.o)
 .bss           0x000000000008703c        0x0 c:/Workspace/quartus/npu/software/npu_bsp/\libhal_bsp.a(alt_sys_init.o)
 .bss           0x000000000008703c        0x0 c:/Workspace/quartus/npu/software/npu_bsp/\libhal_bsp.a(altera_avalon_jtag_uart_fd.o)
 .bss           0x000000000008703c        0x0 c:/Workspace/quartus/npu/software/npu_bsp/\libhal_bsp.a(altera_avalon_jtag_uart_read.o)
 .bss           0x000000000008703c        0x0 c:/Workspace/quartus/npu/software/npu_bsp/\libhal_bsp.a(altera_avalon_jtag_uart_write.o)
 .bss           0x000000000008703c        0x0 c:/Workspace/quartus/npu/software/npu_bsp/\libhal_bsp.a(altera_avalon_timer_sc.o)
 .bss           0x000000000008703c        0x0 c:/Workspace/quartus/npu/software/npu_bsp/\libhal_bsp.a(altera_msgdma.o)
 .bss           0x000000000008703c        0x0 c:/Workspace/quartus/npu/software/npu_bsp/\libhal_bsp.a(alt_busy_sleep.o)
 .bss           0x000000000008703c        0x0 c:/Workspace/quartus/npu/software/npu_bsp/\libhal_bsp.a(alt_close.o)
 .bss           0x000000000008703c        0x0 c:/Workspace/quartus/npu/software/npu_bsp/\libhal_bsp.a(alt_dcache_flush.o)
 .bss           0x000000000008703c        0x0 c:/Workspace/quartus/npu/software/npu_bsp/\libhal_bsp.a(alt_dev.o)
 .bss           0x000000000008703c        0x0 c:/Workspace/quartus/npu/software/npu_bsp/\libhal_bsp.a(alt_dev_llist_insert.o)
 .bss           0x000000000008703c        0x0 c:/Workspace/quartus/npu/software/npu_bsp/\libhal_bsp.a(alt_do_ctors.o)
 .bss           0x000000000008703c        0x0 c:/Workspace/quartus/npu/software/npu_bsp/\libhal_bsp.a(alt_do_dtors.o)
 .bss           0x000000000008703c        0x0 c:/Workspace/quartus/npu/software/npu_bsp/\libhal_bsp.a(alt_errno.o)
 .bss           0x000000000008703c        0x0 c:/Workspace/quartus/npu/software/npu_bsp/\libhal_bsp.a(alt_find_dev.o)
 .bss           0x000000000008703c        0x0 c:/Workspace/quartus/npu/software/npu_bsp/\libhal_bsp.a(alt_icache_flush_all.o)
 .bss           0x000000000008703c        0x0 c:/Workspace/quartus/npu/software/npu_bsp/\libhal_bsp.a(alt_iic.o)
 .bss           0x000000000008703c        0x0 c:/Workspace/quartus/npu/software/npu_bsp/\libhal_bsp.a(alt_iic_isr_register.o)
 .bss           0x000000000008703c        0x0 c:/Workspace/quartus/npu/software/npu_bsp/\libhal_bsp.a(alt_io_redirect.o)
 .bss           0x000000000008703c        0x0 c:/Workspace/quartus/npu/software/npu_bsp/\libhal_bsp.a(alt_irq_entry.o)
 .bss           0x000000000008703c      0x100 c:/Workspace/quartus/npu/software/npu_bsp/\libhal_bsp.a(alt_irq_handler.o)
                0x000000000008703c                alt_irq
 .bss           0x000000000008713c        0x0 c:/Workspace/quartus/npu/software/npu_bsp/\libhal_bsp.a(alt_irq_vars.o)
 .bss           0x000000000008713c        0x0 c:/Workspace/quartus/npu/software/npu_bsp/\libhal_bsp.a(alt_open.o)
 .bss           0x000000000008713c        0x0 c:/Workspace/quartus/npu/software/npu_bsp/\libhal_bsp.a(alt_printf.o)
 .bss           0x000000000008713c        0x0 c:/Workspace/quartus/npu/software/npu_bsp/\libhal_bsp.a(alt_putchar.o)
 .bss           0x000000000008713c        0x0 c:/Workspace/quartus/npu/software/npu_bsp/\libhal_bsp.a(alt_release_fd.o)
 .bss           0x000000000008713c        0x0 c:/Workspace/quartus/npu/software/npu_bsp/\libhal_bsp.a(altera_nios2_gen2_irq.o)
 .bss           0x000000000008713c        0x0 c:/Workspace/quartus/npu/software/npu_bsp/\libhal_bsp.a(alt_exception_entry.o)
 .bss           0x000000000008713c        0x0 c:/Workspace/quartus/npu/software/npu_bsp/\libhal_bsp.a(alt_find_file.o)
 .bss           0x000000000008713c        0x0 c:/Workspace/quartus/npu/software/npu_bsp/\libhal_bsp.a(alt_get_fd.o)
 .bss           0x000000000008713c        0x0 c:/Workspace/quartus/npu/software/npu_bsp/\libhal_bsp.a(alt_instruction_exception_entry.o)
 .bss           0x000000000008713c        0x0 d:/intelfpga_lite/20.1/nios2eds/bin/gnu/h-x86_64-mingw32/bin/../lib/gcc/nios2-elf/10.1.1/../../../../../H-x86_64-mingw32/nios2-elf/lib/mno-hw-mul\libsmallc.a(lib_a-atexit.o)
 .bss           0x000000000008713c        0x0 d:/intelfpga_lite/20.1/nios2eds/bin/gnu/h-x86_64-mingw32/bin/../lib/gcc/nios2-elf/10.1.1/../../../../../H-x86_64-mingw32/nios2-elf/lib/mno-hw-mul\libsmallc.a(lib_a-exit.o)
 .bss           0x000000000008713c        0x0 d:/intelfpga_lite/20.1/nios2eds/bin/gnu/h-x86_64-mingw32/bin/../lib/gcc/nios2-elf/10.1.1/../../../../../H-x86_64-mingw32/nios2-elf/lib/mno-hw-mul\libsmallc.a(lib_a-memcmp.o)
 .bss           0x000000000008713c        0x0 d:/intelfpga_lite/20.1/nios2eds/bin/gnu/h-x86_64-mingw32/bin/../lib/gcc/nios2-elf/10.1.1/../../../../../H-x86_64-mingw32/nios2-elf/lib/mno-hw-mul\libsmallc.a(lib_a-__atexit.o)
 .bss           0x000000000008713c        0x0 d:/intelfpga_lite/20.1/nios2eds/bin/gnu/h-x86_64-mingw32/bin/../lib/gcc/nios2-elf/10.1.1/../../../../../H-x86_64-mingw32/nios2-elf/lib/mno-hw-mul\libsmallc.a(lib_a-__call_atexit.o)
 .bss           0x000000000008713c        0x0 c:/Workspace/quartus/npu/software/npu_bsp/\libhal_bsp.a(alt_exit.o)
 *(COMMON)
                0x000000000008713c                . = ALIGN (0x4)
                0x000000000008713c                __bss_end = ABSOLUTE (.)

.npu_ocm        0x0000000000040000        0x0 load address 0x000000000008713c
                [!provide]                        PROVIDE (_alt_partition_npu_ocm_start = ABSOLUTE (.))
 *(.npu_ocm .npu_ocm. npu_ocm.*)
                0x0000000000040000                . = ALIGN (0x4)
                [!provide]                        PROVIDE (_alt_partition_npu_ocm_end = ABSOLUTE (.))
                [!provide]                        PROVIDE (_alt_partition_npu_ocm_load_addr = LOADADDR (.npu_ocm))

.onchip_memory2_0
                0x000000000008713c        0x0
                [!provide]                        PROVIDE (_alt_partition_onchip_memory2_0_start = ABSOLUTE (.))
 *(.onchip_memory2_0 .onchip_memory2_0. onchip_memory2_0.*)
                0x000000000008713c                . = ALIGN (0x4)
                [!provide]                        PROVIDE (_alt_partition_onchip_memory2_0_end = ABSOLUTE (.))
                0x000000000008713c                _end = ABSOLUTE (.)
                0x000000000008713c                end = ABSOLUTE (.)
                0x000000000008713c                __alt_stack_base = ABSOLUTE (.)
                [!provide]                        PROVIDE (_alt_partition_onchip_memory2_0_load_addr = LOADADDR (.onchip_memory2_0))

.stab
 *(.stab)

.stabstr
 *(.stabstr)

.stab.excl
 *(.stab.excl)

.stab.exclstr
 *(.stab.exclstr)

.stab.index
 *(.stab.index)

.stab.indexstr
 *(.stab.indexstr)

.comment        0x0000000000000000       0x2d
 *(.comment)
 .comment       0x0000000000000000       0x2d obj/default/common.o
                                         0x2e (size before relaxing)
 .comment       0x000000000000002d       0x2e obj/default/main.o
 .comment       0x000000000000002d       0x2e d:/intelfpga_lite/20.1/nios2eds/bin/gnu/h-x86_64-mingw32/bin/../lib/gcc/nios2-elf/10.1.1/mno-hw-mul\libgcc.a(_muldi3.o)
 .comment       0x000000000000002d       0x2e d:/intelfpga_lite/20.1/nios2eds/bin/gnu/h-x86_64-mingw32/bin/../lib/gcc/nios2-elf/10.1.1/mno-hw-mul\libgcc.a(_bswapsi2.o)
 .comment       0x000000000000002d       0x2e d:/intelfpga_lite/20.1/nios2eds/bin/gnu/h-x86_64-mingw32/bin/../lib/gcc/nios2-elf/10.1.1/mno-hw-mul\libgcc.a(lib2-mul.o)
 .comment       0x000000000000002d       0x2e d:/intelfpga_lite/20.1/nios2eds/bin/gnu/h-x86_64-mingw32/bin/../lib/gcc/nios2-elf/10.1.1/../../../../../H-x86_64-mingw32/nios2-elf/lib/mno-hw-mul\libsmallc.a(lib_a-memset.o)
 .comment       0x000000000000002d       0x2e d:/intelfpga_lite/20.1/nios2eds/bin/gnu/h-x86_64-mingw32/bin/../lib/gcc/nios2-elf/10.1.1/../../../../../H-x86_64-mingw32/nios2-elf/lib/mno-hw-mul\libsmallc.a(lib_a-printf.o)
 .comment       0x000000000000002d       0x2e d:/intelfpga_lite/20.1/nios2eds/bin/gnu/h-x86_64-mingw32/bin/../lib/gcc/nios2-elf/10.1.1/../../../../../H-x86_64-mingw32/nios2-elf/lib/mno-hw-mul\libsmallc.a(lib_a-putchar.o)
 .comment       0x000000000000002d       0x2e d:/intelfpga_lite/20.1/nios2eds/bin/gnu/h-x86_64-mingw32/bin/../lib/gcc/nios2-elf/10.1.1/../../../../../H-x86_64-mingw32/nios2-elf/lib/mno-hw-mul\libsmallc.a(lib_a-puts.o)
 .comment       0x000000000000002d       0x2e d:/intelfpga_lite/20.1/nios2eds/bin/gnu/h-x86_64-mingw32/bin/../lib/gcc/nios2-elf/10.1.1/../../../../../H-x86_64-mingw32/nios2-elf/lib/mno-hw-mul\libsmallc.a(lib_a-strlen.o)
 .comment       0x000000000000002d       0x2e d:/intelfpga_lite/20.1/nios2eds/bin/gnu/h-x86_64-mingw32/bin/../lib/gcc/nios2-elf/10.1.1/../../../../../H-x86_64-mingw32/nios2-elf/lib/mno-hw-mul\libsmallc.a(lib_a-vfprintf.o)
 .comment       0x000000000000002d       0x2e d:/intelfpga_lite/20.1/nios2eds/bin/gnu/h-x86_64-mingw32/bin/../lib/gcc/nios2-elf/10.1.1/../../../../../H-x86_64-mingw32/nios2-elf/lib/mno-hw-mul\libsmallc.a(lib_a-fvwrite_small_dev.o)
 .comment       0x000000000000002d       0x2e d:/intelfpga_lite/20.1/nios2eds/bin/gnu/h-x86_64-mingw32/bin/../lib/gcc/nios2-elf/10.1.1/../../../../../H-x86_64-mingw32/nios2-elf/lib/mno-hw-mul\libsmallc.a(lib_a-impure.o)
 .comment       0x000000000000002d       0x2e d:/intelfpga_lite/20.1/nios2eds/bin/gnu/h-x86_64-mingw32/bin/../lib/gcc/nios2-elf/10.1.1/../../../../../H-x86_64-mingw32/nios2-elf/lib/mno-hw-mul\libsmallc.a(lib_a-putc.o)
 .comment       0x000000000000002d       0x2e d:/intelfpga_lite/20.1/nios2eds/bin/gnu/h-x86_64-mingw32/bin/../lib/gcc/nios2-elf/10.1.1/../../../../../H-x86_64-mingw32/nios2-elf/lib/mno-hw-mul\libsmallc.a(lib_a-writer.o)
 .comment       0x000000000000002d       0x2e d:/intelfpga_lite/20.1/nios2eds/bin/gnu/h-x86_64-mingw32/bin/../lib/gcc/nios2-elf/10.1.1/../../../../../H-x86_64-mingw32/nios2-elf/lib/mno-hw-mul\libsmallc.a(lib_a-int_errno.o)
 .comment       0x000000000000002d       0x2e d:/intelfpga_lite/20.1/nios2eds/bin/gnu/h-x86_64-mingw32/bin/../lib/gcc/nios2-elf/10.1.1/mno-hw-mul\libgcc.a(lib2-divmod.o)
 .comment       0x000000000000002d       0x2e c:/Workspace/quartus/npu/software/npu_bsp/\libhal_bsp.a(alt_dcache_flush_all.o)
 .comment       0x000000000000002d       0x2e c:/Workspace/quartus/npu/software/npu_bsp/\libhal_bsp.a(alt_load.o)
 .comment       0x000000000000002d       0x2e c:/Workspace/quartus/npu/software/npu_bsp/\libhal_bsp.a(alt_main.o)
 .comment       0x000000000000002d       0x2e c:/Workspace/quartus/npu/software/npu_bsp/\libhal_bsp.a(alt_tick.o)
 .comment       0x000000000000002d       0x2e c:/Workspace/quartus/npu/software/npu_bsp/\libhal_bsp.a(alt_write.o)
 .comment       0x000000000000002d       0x2e c:/Workspace/quartus/npu/software/npu_bsp/\libhal_bsp.a(alt_sys_init.o)
 .comment       0x000000000000002d       0x2e c:/Workspace/quartus/npu/software/npu_bsp/\libhal_bsp.a(altera_avalon_jtag_uart_fd.o)
 .comment       0x000000000000002d       0x2e c:/Workspace/quartus/npu/software/npu_bsp/\libhal_bsp.a(altera_avalon_jtag_uart_read.o)
 .comment       0x000000000000002d       0x2e c:/Workspace/quartus/npu/software/npu_bsp/\libhal_bsp.a(altera_avalon_jtag_uart_write.o)
 .comment       0x000000000000002d       0x2e c:/Workspace/quartus/npu/software/npu_bsp/\libhal_bsp.a(altera_avalon_timer_sc.o)
 .comment       0x000000000000002d       0x2e c:/Workspace/quartus/npu/software/npu_bsp/\libhal_bsp.a(altera_msgdma.o)
 .comment       0x000000000000002d       0x2e c:/Workspace/quartus/npu/software/npu_bsp/\libhal_bsp.a(alt_busy_sleep.o)
 .comment       0x000000000000002d       0x2e c:/Workspace/quartus/npu/software/npu_bsp/\libhal_bsp.a(alt_close.o)
 .comment       0x000000000000002d       0x2e c:/Workspace/quartus/npu/software/npu_bsp/\libhal_bsp.a(alt_dcache_flush.o)
 .comment       0x000000000000002d       0x2e c:/Workspace/quartus/npu/software/npu_bsp/\libhal_bsp.a(alt_dev.o)
 .comment       0x000000000000002d       0x2e c:/Workspace/quartus/npu/software/npu_bsp/\libhal_bsp.a(alt_dev_llist_insert.o)
 .comment       0x000000000000002d       0x2e c:/Workspace/quartus/npu/software/npu_bsp/\libhal_bsp.a(alt_do_ctors.o)
 .comment       0x000000000000002d       0x2e c:/Workspace/quartus/npu/software/npu_bsp/\libhal_bsp.a(alt_do_dtors.o)
 .comment       0x000000000000002d       0x2e c:/Workspace/quartus/npu/software/npu_bsp/\libhal_bsp.a(alt_errno.o)
 .comment       0x000000000000002d       0x2e c:/Workspace/quartus/npu/software/npu_bsp/\libhal_bsp.a(alt_find_dev.o)
 .comment       0x000000000000002d       0x2e c:/Workspace/quartus/npu/software/npu_bsp/\libhal_bsp.a(alt_icache_flush_all.o)
 .comment       0x000000000000002d       0x2e c:/Workspace/quartus/npu/software/npu_bsp/\libhal_bsp.a(alt_iic.o)
 .comment       0x000000000000002d       0x2e c:/Workspace/quartus/npu/software/npu_bsp/\libhal_bsp.a(alt_iic_isr_register.o)
 .comment       0x000000000000002d       0x2e c:/Workspace/quartus/npu/software/npu_bsp/\libhal_bsp.a(alt_io_redirect.o)
 .comment       0x000000000000002d       0x2e c:/Workspace/quartus/npu/software/npu_bsp/\libhal_bsp.a(alt_irq_handler.o)
 .comment       0x000000000000002d       0x2e c:/Workspace/quartus/npu/software/npu_bsp/\libhal_bsp.a(alt_irq_vars.o)
 .comment       0x000000000000002d       0x2e c:/Workspace/quartus/npu/software/npu_bsp/\libhal_bsp.a(alt_open.o)
 .comment       0x000000000000002d       0x2e c:/Workspace/quartus/npu/software/npu_bsp/\libhal_bsp.a(alt_printf.o)
 .comment       0x000000000000002d       0x2e c:/Workspace/quartus/npu/software/npu_bsp/\libhal_bsp.a(alt_putchar.o)
 .comment       0x000000000000002d       0x2e c:/Workspace/quartus/npu/software/npu_bsp/\libhal_bsp.a(alt_release_fd.o)
 .comment       0x000000000000002d       0x2e c:/Workspace/quartus/npu/software/npu_bsp/\libhal_bsp.a(altera_nios2_gen2_irq.o)
 .comment       0x000000000000002d       0x2e c:/Workspace/quartus/npu/software/npu_bsp/\libhal_bsp.a(alt_find_file.o)
 .comment       0x000000000000002d       0x2e c:/Workspace/quartus/npu/software/npu_bsp/\libhal_bsp.a(alt_get_fd.o)
 .comment       0x000000000000002d       0x2e c:/Workspace/quartus/npu/software/npu_bsp/\libhal_bsp.a(alt_instruction_exception_entry.o)
 .comment       0x000000000000002d       0x2e d:/intelfpga_lite/20.1/nios2eds/bin/gnu/h-x86_64-mingw32/bin/../lib/gcc/nios2-elf/10.1.1/../../../../../H-x86_64-mingw32/nios2-elf/lib/mno-hw-mul\libsmallc.a(lib_a-atexit.o)
 .comment       0x000000000000002d       0x2e d:/intelfpga_lite/20.1/nios2eds/bin/gnu/h-x86_64-mingw32/bin/../lib/gcc/nios2-elf/10.1.1/../../../../../H-x86_64-mingw32/nios2-elf/lib/mno-hw-mul\libsmallc.a(lib_a-exit.o)
 .comment       0x000000000000002d       0x2e d:/intelfpga_lite/20.1/nios2eds/bin/gnu/h-x86_64-mingw32/bin/../lib/gcc/nios2-elf/10.1.1/../../../../../H-x86_64-mingw32/nios2-elf/lib/mno-hw-mul\libsmallc.a(lib_a-memcmp.o)
 .comment       0x000000000000002d       0x2e d:/intelfpga_lite/20.1/nios2eds/bin/gnu/h-x86_64-mingw32/bin/../lib/gcc/nios2-elf/10.1.1/../../../../../H-x86_64-mingw32/nios2-elf/lib/mno-hw-mul\libsmallc.a(lib_a-__atexit.o)
 .comment       0x000000000000002d       0x2e d:/intelfpga_lite/20.1/nios2eds/bin/gnu/h-x86_64-mingw32/bin/../lib/gcc/nios2-elf/10.1.1/../../../../../H-x86_64-mingw32/nios2-elf/lib/mno-hw-mul\libsmallc.a(lib_a-__call_atexit.o)
 .comment       0x000000000000002d       0x2e c:/Workspace/quartus/npu/software/npu_bsp/\libhal_bsp.a(alt_exit.o)

.debug
 *(.debug)

.line
 *(.line)

.debug_srcinfo
 *(.debug_srcinfo)

.debug_sfnames
 *(.debug_sfnames)

.debug_aranges  0x0000000000000000      0x7c8
 *(.debug_aranges)
 .debug_aranges
                0x0000000000000000       0x28 c:/Workspace/quartus/npu/software/npu_bsp//obj/HAL/src/crt0.o
 .debug_aranges
                0x0000000000000028       0x20 obj/default/common.o
 .debug_aranges
                0x0000000000000048       0x20 obj/default/main.o
 .debug_aranges
                0x0000000000000068       0x20 d:/intelfpga_lite/20.1/nios2eds/bin/gnu/h-x86_64-mingw32/bin/../lib/gcc/nios2-elf/10.1.1/mno-hw-mul\libgcc.a(_muldi3.o)
 .debug_aranges
                0x0000000000000088       0x20 d:/intelfpga_lite/20.1/nios2eds/bin/gnu/h-x86_64-mingw32/bin/../lib/gcc/nios2-elf/10.1.1/mno-hw-mul\libgcc.a(_bswapsi2.o)
 .debug_aranges
                0x00000000000000a8       0x20 d:/intelfpga_lite/20.1/nios2eds/bin/gnu/h-x86_64-mingw32/bin/../lib/gcc/nios2-elf/10.1.1/mno-hw-mul\libgcc.a(lib2-mul.o)
 .debug_aranges
                0x00000000000000c8       0x20 d:/intelfpga_lite/20.1/nios2eds/bin/gnu/h-x86_64-mingw32/bin/../lib/gcc/nios2-elf/10.1.1/../../../../../H-x86_64-mingw32/nios2-elf/lib/mno-hw-mul\libsmallc.a(lib_a-memset.o)
 .debug_aranges
                0x00000000000000e8       0x28 d:/intelfpga_lite/20.1/nios2eds/bin/gnu/h-x86_64-mingw32/bin/../lib/gcc/nios2-elf/10.1.1/../../../../../H-x86_64-mingw32/nios2-elf/lib/mno-hw-mul\libsmallc.a(lib_a-printf.o)
 .debug_aranges
                0x0000000000000110       0x28 d:/intelfpga_lite/20.1/nios2eds/bin/gnu/h-x86_64-mingw32/bin/../lib/gcc/nios2-elf/10.1.1/../../../../../H-x86_64-mingw32/nios2-elf/lib/mno-hw-mul\libsmallc.a(lib_a-putchar.o)
 .debug_aranges
                0x0000000000000138       0x28 d:/intelfpga_lite/20.1/nios2eds/bin/gnu/h-x86_64-mingw32/bin/../lib/gcc/nios2-elf/10.1.1/../../../../../H-x86_64-mingw32/nios2-elf/lib/mno-hw-mul\libsmallc.a(lib_a-puts.o)
 .debug_aranges
                0x0000000000000160       0x20 d:/intelfpga_lite/20.1/nios2eds/bin/gnu/h-x86_64-mingw32/bin/../lib/gcc/nios2-elf/10.1.1/../../../../../H-x86_64-mingw32/nios2-elf/lib/mno-hw-mul\libsmallc.a(lib_a-strlen.o)
 .debug_aranges
                0x0000000000000180       0x30 d:/intelfpga_lite/20.1/nios2eds/bin/gnu/h-x86_64-mingw32/bin/../lib/gcc/nios2-elf/10.1.1/../../../../../H-x86_64-mingw32/nios2-elf/lib/mno-hw-mul\libsmallc.a(lib_a-vfprintf.o)
 .debug_aranges
                0x00000000000001b0       0x20 d:/intelfpga_lite/20.1/nios2eds/bin/gnu/h-x86_64-mingw32/bin/../lib/gcc/nios2-elf/10.1.1/../../../../../H-x86_64-mingw32/nios2-elf/lib/mno-hw-mul\libsmallc.a(lib_a-fvwrite_small_dev.o)
 .debug_aranges
                0x00000000000001d0       0x18 d:/intelfpga_lite/20.1/nios2eds/bin/gnu/h-x86_64-mingw32/bin/../lib/gcc/nios2-elf/10.1.1/../../../../../H-x86_64-mingw32/nios2-elf/lib/mno-hw-mul\libsmallc.a(lib_a-impure.o)
 .debug_aranges
                0x00000000000001e8       0x28 d:/intelfpga_lite/20.1/nios2eds/bin/gnu/h-x86_64-mingw32/bin/../lib/gcc/nios2-elf/10.1.1/../../../../../H-x86_64-mingw32/nios2-elf/lib/mno-hw-mul\libsmallc.a(lib_a-putc.o)
 .debug_aranges
                0x0000000000000210       0x20 d:/intelfpga_lite/20.1/nios2eds/bin/gnu/h-x86_64-mingw32/bin/../lib/gcc/nios2-elf/10.1.1/../../../../../H-x86_64-mingw32/nios2-elf/lib/mno-hw-mul\libsmallc.a(lib_a-writer.o)
 .debug_aranges
                0x0000000000000230       0x18 d:/intelfpga_lite/20.1/nios2eds/bin/gnu/h-x86_64-mingw32/bin/../lib/gcc/nios2-elf/10.1.1/../../../../../H-x86_64-mingw32/nios2-elf/lib/mno-hw-mul\libsmallc.a(lib_a-int_errno.o)
 .debug_aranges
                0x0000000000000248       0x20 d:/intelfpga_lite/20.1/nios2eds/bin/gnu/h-x86_64-mingw32/bin/../lib/gcc/nios2-elf/10.1.1/mno-hw-mul\libgcc.a(lib2-divmod.o)
 .debug_aranges
                0x0000000000000268       0x20 c:/Workspace/quartus/npu/software/npu_bsp/\libhal_bsp.a(alt_dcache_flush_all.o)
 .debug_aranges
                0x0000000000000288       0x20 c:/Workspace/quartus/npu/software/npu_bsp/\libhal_bsp.a(alt_load.o)
 .debug_aranges
                0x00000000000002a8       0x20 c:/Workspace/quartus/npu/software/npu_bsp/\libhal_bsp.a(alt_main.o)
 .debug_aranges
                0x00000000000002c8       0x20 c:/Workspace/quartus/npu/software/npu_bsp/\libhal_bsp.a(alt_tick.o)
 .debug_aranges
                0x00000000000002e8       0x20 c:/Workspace/quartus/npu/software/npu_bsp/\libhal_bsp.a(alt_write.o)
 .debug_aranges
                0x0000000000000308       0x20 c:/Workspace/quartus/npu/software/npu_bsp/\libhal_bsp.a(alt_sys_init.o)
 .debug_aranges
                0x0000000000000328       0x20 c:/Workspace/quartus/npu/software/npu_bsp/\libhal_bsp.a(altera_avalon_jtag_uart_fd.o)
 .debug_aranges
                0x0000000000000348       0x20 c:/Workspace/quartus/npu/software/npu_bsp/\libhal_bsp.a(altera_avalon_jtag_uart_read.o)
 .debug_aranges
                0x0000000000000368       0x20 c:/Workspace/quartus/npu/software/npu_bsp/\libhal_bsp.a(altera_avalon_jtag_uart_write.o)
 .debug_aranges
                0x0000000000000388       0x20 c:/Workspace/quartus/npu/software/npu_bsp/\libhal_bsp.a(altera_avalon_timer_sc.o)
 .debug_aranges
                0x00000000000003a8       0x20 c:/Workspace/quartus/npu/software/npu_bsp/\libhal_bsp.a(altera_msgdma.o)
 .debug_aranges
                0x00000000000003c8       0x20 c:/Workspace/quartus/npu/software/npu_bsp/\libhal_bsp.a(alt_busy_sleep.o)
 .debug_aranges
                0x00000000000003e8       0x20 c:/Workspace/quartus/npu/software/npu_bsp/\libhal_bsp.a(alt_close.o)
 .debug_aranges
                0x0000000000000408       0x20 c:/Workspace/quartus/npu/software/npu_bsp/\libhal_bsp.a(alt_dcache_flush.o)
 .debug_aranges
                0x0000000000000428       0x20 c:/Workspace/quartus/npu/software/npu_bsp/\libhal_bsp.a(alt_dev.o)
 .debug_aranges
                0x0000000000000448       0x20 c:/Workspace/quartus/npu/software/npu_bsp/\libhal_bsp.a(alt_dev_llist_insert.o)
 .debug_aranges
                0x0000000000000468       0x20 c:/Workspace/quartus/npu/software/npu_bsp/\libhal_bsp.a(alt_do_ctors.o)
 .debug_aranges
                0x0000000000000488       0x20 c:/Workspace/quartus/npu/software/npu_bsp/\libhal_bsp.a(alt_do_dtors.o)
 .debug_aranges
                0x00000000000004a8       0x18 c:/Workspace/quartus/npu/software/npu_bsp/\libhal_bsp.a(alt_errno.o)
 .debug_aranges
                0x00000000000004c0       0x20 c:/Workspace/quartus/npu/software/npu_bsp/\libhal_bsp.a(alt_find_dev.o)
 .debug_aranges
                0x00000000000004e0       0x20 c:/Workspace/quartus/npu/software/npu_bsp/\libhal_bsp.a(alt_icache_flush_all.o)
 .debug_aranges
                0x0000000000000500       0x20 c:/Workspace/quartus/npu/software/npu_bsp/\libhal_bsp.a(alt_iic.o)
 .debug_aranges
                0x0000000000000520       0x20 c:/Workspace/quartus/npu/software/npu_bsp/\libhal_bsp.a(alt_iic_isr_register.o)
 .debug_aranges
                0x0000000000000540       0x20 c:/Workspace/quartus/npu/software/npu_bsp/\libhal_bsp.a(alt_io_redirect.o)
 .debug_aranges
                0x0000000000000560       0x30 c:/Workspace/quartus/npu/software/npu_bsp/\libhal_bsp.a(alt_irq_entry.o)
 .debug_aranges
                0x0000000000000590       0x20 c:/Workspace/quartus/npu/software/npu_bsp/\libhal_bsp.a(alt_irq_handler.o)
 .debug_aranges
                0x00000000000005b0       0x18 c:/Workspace/quartus/npu/software/npu_bsp/\libhal_bsp.a(alt_irq_vars.o)
 .debug_aranges
                0x00000000000005c8       0x20 c:/Workspace/quartus/npu/software/npu_bsp/\libhal_bsp.a(alt_open.o)
 .debug_aranges
                0x00000000000005e8       0x20 c:/Workspace/quartus/npu/software/npu_bsp/\libhal_bsp.a(alt_printf.o)
 .debug_aranges
                0x0000000000000608       0x20 c:/Workspace/quartus/npu/software/npu_bsp/\libhal_bsp.a(alt_putchar.o)
 .debug_aranges
                0x0000000000000628       0x20 c:/Workspace/quartus/npu/software/npu_bsp/\libhal_bsp.a(alt_release_fd.o)
 .debug_aranges
                0x0000000000000648       0x20 c:/Workspace/quartus/npu/software/npu_bsp/\libhal_bsp.a(altera_nios2_gen2_irq.o)
 .debug_aranges
                0x0000000000000668       0x38 c:/Workspace/quartus/npu/software/npu_bsp/\libhal_bsp.a(alt_exception_entry.o)
 .debug_aranges
                0x00000000000006a0       0x20 c:/Workspace/quartus/npu/software/npu_bsp/\libhal_bsp.a(alt_find_file.o)
 .debug_aranges
                0x00000000000006c0       0x20 c:/Workspace/quartus/npu/software/npu_bsp/\libhal_bsp.a(alt_get_fd.o)
 .debug_aranges
                0x00000000000006e0       0x28 c:/Workspace/quartus/npu/software/npu_bsp/\libhal_bsp.a(alt_instruction_exception_entry.o)
 .debug_aranges
                0x0000000000000708       0x20 d:/intelfpga_lite/20.1/nios2eds/bin/gnu/h-x86_64-mingw32/bin/../lib/gcc/nios2-elf/10.1.1/../../../../../H-x86_64-mingw32/nios2-elf/lib/mno-hw-mul\libsmallc.a(lib_a-atexit.o)
 .debug_aranges
                0x0000000000000728       0x20 d:/intelfpga_lite/20.1/nios2eds/bin/gnu/h-x86_64-mingw32/bin/../lib/gcc/nios2-elf/10.1.1/../../../../../H-x86_64-mingw32/nios2-elf/lib/mno-hw-mul\libsmallc.a(lib_a-exit.o)
 .debug_aranges
                0x0000000000000748       0x20 d:/intelfpga_lite/20.1/nios2eds/bin/gnu/h-x86_64-mingw32/bin/../lib/gcc/nios2-elf/10.1.1/../../../../../H-x86_64-mingw32/nios2-elf/lib/mno-hw-mul\libsmallc.a(lib_a-memcmp.o)
 .debug_aranges
                0x0000000000000768       0x20 d:/intelfpga_lite/20.1/nios2eds/bin/gnu/h-x86_64-mingw32/bin/../lib/gcc/nios2-elf/10.1.1/../../../../../H-x86_64-mingw32/nios2-elf/lib/mno-hw-mul\libsmallc.a(lib_a-__atexit.o)
 .debug_aranges
                0x0000000000000788       0x20 d:/intelfpga_lite/20.1/nios2eds/bin/gnu/h-x86_64-mingw32/bin/../lib/gcc/nios2-elf/10.1.1/../../../../../H-x86_64-mingw32/nios2-elf/lib/mno-hw-mul\libsmallc.a(lib_a-__call_atexit.o)
 .debug_aranges
                0x00000000000007a8       0x20 c:/Workspace/quartus/npu/software/npu_bsp/\libhal_bsp.a(alt_exit.o)

.debug_pubnames
 *(.debug_pubnames)

.debug_info     0x0000000000000000     0xc4a2
 *(.debug_info .gnu.linkonce.wi.*)
 .debug_info    0x0000000000000000       0x22 c:/Workspace/quartus/npu/software/npu_bsp//obj/HAL/src/crt0.o
 .debug_info    0x0000000000000022      0x24f obj/default/common.o
 .debug_info    0x0000000000000271      0x870 obj/default/main.o
 .debug_info    0x0000000000000ae1      0x274 d:/intelfpga_lite/20.1/nios2eds/bin/gnu/h-x86_64-mingw32/bin/../lib/gcc/nios2-elf/10.1.1/mno-hw-mul\libgcc.a(_muldi3.o)
 .debug_info    0x0000000000000d55       0xbf d:/intelfpga_lite/20.1/nios2eds/bin/gnu/h-x86_64-mingw32/bin/../lib/gcc/nios2-elf/10.1.1/mno-hw-mul\libgcc.a(_bswapsi2.o)
 .debug_info    0x0000000000000e14       0xcb d:/intelfpga_lite/20.1/nios2eds/bin/gnu/h-x86_64-mingw32/bin/../lib/gcc/nios2-elf/10.1.1/mno-hw-mul\libgcc.a(lib2-mul.o)
 .debug_info    0x0000000000000edf       0xe7 d:/intelfpga_lite/20.1/nios2eds/bin/gnu/h-x86_64-mingw32/bin/../lib/gcc/nios2-elf/10.1.1/../../../../../H-x86_64-mingw32/nios2-elf/lib/mno-hw-mul\libsmallc.a(lib_a-memset.o)
 .debug_info    0x0000000000000fc6      0x72b d:/intelfpga_lite/20.1/nios2eds/bin/gnu/h-x86_64-mingw32/bin/../lib/gcc/nios2-elf/10.1.1/../../../../../H-x86_64-mingw32/nios2-elf/lib/mno-hw-mul\libsmallc.a(lib_a-printf.o)
 .debug_info    0x00000000000016f1      0x6a5 d:/intelfpga_lite/20.1/nios2eds/bin/gnu/h-x86_64-mingw32/bin/../lib/gcc/nios2-elf/10.1.1/../../../../../H-x86_64-mingw32/nios2-elf/lib/mno-hw-mul\libsmallc.a(lib_a-putchar.o)
 .debug_info    0x0000000000001d96      0x6ea d:/intelfpga_lite/20.1/nios2eds/bin/gnu/h-x86_64-mingw32/bin/../lib/gcc/nios2-elf/10.1.1/../../../../../H-x86_64-mingw32/nios2-elf/lib/mno-hw-mul\libsmallc.a(lib_a-puts.o)
 .debug_info    0x0000000000002480       0xd0 d:/intelfpga_lite/20.1/nios2eds/bin/gnu/h-x86_64-mingw32/bin/../lib/gcc/nios2-elf/10.1.1/../../../../../H-x86_64-mingw32/nios2-elf/lib/mno-hw-mul\libsmallc.a(lib_a-strlen.o)
 .debug_info    0x0000000000002550      0xeb5 d:/intelfpga_lite/20.1/nios2eds/bin/gnu/h-x86_64-mingw32/bin/../lib/gcc/nios2-elf/10.1.1/../../../../../H-x86_64-mingw32/nios2-elf/lib/mno-hw-mul\libsmallc.a(lib_a-vfprintf.o)
 .debug_info    0x0000000000003405      0x6b3 d:/intelfpga_lite/20.1/nios2eds/bin/gnu/h-x86_64-mingw32/bin/../lib/gcc/nios2-elf/10.1.1/../../../../../H-x86_64-mingw32/nios2-elf/lib/mno-hw-mul\libsmallc.a(lib_a-fvwrite_small_dev.o)
 .debug_info    0x0000000000003ab8      0x61e d:/intelfpga_lite/20.1/nios2eds/bin/gnu/h-x86_64-mingw32/bin/../lib/gcc/nios2-elf/10.1.1/../../../../../H-x86_64-mingw32/nios2-elf/lib/mno-hw-mul\libsmallc.a(lib_a-impure.o)
 .debug_info    0x00000000000040d6      0x6f5 d:/intelfpga_lite/20.1/nios2eds/bin/gnu/h-x86_64-mingw32/bin/../lib/gcc/nios2-elf/10.1.1/../../../../../H-x86_64-mingw32/nios2-elf/lib/mno-hw-mul\libsmallc.a(lib_a-putc.o)
 .debug_info    0x00000000000047cb      0x6b3 d:/intelfpga_lite/20.1/nios2eds/bin/gnu/h-x86_64-mingw32/bin/../lib/gcc/nios2-elf/10.1.1/../../../../../H-x86_64-mingw32/nios2-elf/lib/mno-hw-mul\libsmallc.a(lib_a-writer.o)
 .debug_info    0x0000000000004e7e       0x84 d:/intelfpga_lite/20.1/nios2eds/bin/gnu/h-x86_64-mingw32/bin/../lib/gcc/nios2-elf/10.1.1/../../../../../H-x86_64-mingw32/nios2-elf/lib/mno-hw-mul\libsmallc.a(lib_a-int_errno.o)
 .debug_info    0x0000000000004f02      0x368 d:/intelfpga_lite/20.1/nios2eds/bin/gnu/h-x86_64-mingw32/bin/../lib/gcc/nios2-elf/10.1.1/mno-hw-mul\libgcc.a(lib2-divmod.o)
 .debug_info    0x000000000000526a       0x8c c:/Workspace/quartus/npu/software/npu_bsp/\libhal_bsp.a(alt_dcache_flush_all.o)
 .debug_info    0x00000000000052f6      0x14d c:/Workspace/quartus/npu/software/npu_bsp/\libhal_bsp.a(alt_load.o)
 .debug_info    0x0000000000005443       0xef c:/Workspace/quartus/npu/software/npu_bsp/\libhal_bsp.a(alt_main.o)
 .debug_info    0x0000000000005532      0x2bd c:/Workspace/quartus/npu/software/npu_bsp/\libhal_bsp.a(alt_tick.o)
 .debug_info    0x00000000000057ef      0x55c c:/Workspace/quartus/npu/software/npu_bsp/\libhal_bsp.a(alt_write.o)
 .debug_info    0x0000000000005d4b      0x587 c:/Workspace/quartus/npu/software/npu_bsp/\libhal_bsp.a(alt_sys_init.o)
 .debug_info    0x00000000000062d2      0x398 c:/Workspace/quartus/npu/software/npu_bsp/\libhal_bsp.a(altera_avalon_jtag_uart_fd.o)
 .debug_info    0x000000000000666a      0x151 c:/Workspace/quartus/npu/software/npu_bsp/\libhal_bsp.a(altera_avalon_jtag_uart_read.o)
 .debug_info    0x00000000000067bb      0x132 c:/Workspace/quartus/npu/software/npu_bsp/\libhal_bsp.a(altera_avalon_jtag_uart_write.o)
 .debug_info    0x00000000000068ed      0x1d5 c:/Workspace/quartus/npu/software/npu_bsp/\libhal_bsp.a(altera_avalon_timer_sc.o)
 .debug_info    0x0000000000006ac2     0x19c7 c:/Workspace/quartus/npu/software/npu_bsp/\libhal_bsp.a(altera_msgdma.o)
 .debug_info    0x0000000000008489       0xd6 c:/Workspace/quartus/npu/software/npu_bsp/\libhal_bsp.a(alt_busy_sleep.o)
 .debug_info    0x000000000000855f      0x32c c:/Workspace/quartus/npu/software/npu_bsp/\libhal_bsp.a(alt_close.o)
 .debug_info    0x000000000000888b       0xb9 c:/Workspace/quartus/npu/software/npu_bsp/\libhal_bsp.a(alt_dcache_flush.o)
 .debug_info    0x0000000000008944      0x57d c:/Workspace/quartus/npu/software/npu_bsp/\libhal_bsp.a(alt_dev.o)
 .debug_info    0x0000000000008ec1      0x1b0 c:/Workspace/quartus/npu/software/npu_bsp/\libhal_bsp.a(alt_dev_llist_insert.o)
 .debug_info    0x0000000000009071       0x88 c:/Workspace/quartus/npu/software/npu_bsp/\libhal_bsp.a(alt_do_ctors.o)
 .debug_info    0x00000000000090f9       0x88 c:/Workspace/quartus/npu/software/npu_bsp/\libhal_bsp.a(alt_do_dtors.o)
 .debug_info    0x0000000000009181       0x9d c:/Workspace/quartus/npu/software/npu_bsp/\libhal_bsp.a(alt_errno.o)
 .debug_info    0x000000000000921e      0x2ee c:/Workspace/quartus/npu/software/npu_bsp/\libhal_bsp.a(alt_find_dev.o)
 .debug_info    0x000000000000950c       0x8c c:/Workspace/quartus/npu/software/npu_bsp/\libhal_bsp.a(alt_icache_flush_all.o)
 .debug_info    0x0000000000009598      0x32c c:/Workspace/quartus/npu/software/npu_bsp/\libhal_bsp.a(alt_iic.o)
 .debug_info    0x00000000000098c4      0x1f0 c:/Workspace/quartus/npu/software/npu_bsp/\libhal_bsp.a(alt_iic_isr_register.o)
 .debug_info    0x0000000000009ab4      0x546 c:/Workspace/quartus/npu/software/npu_bsp/\libhal_bsp.a(alt_io_redirect.o)
 .debug_info    0x0000000000009ffa       0x22 c:/Workspace/quartus/npu/software/npu_bsp/\libhal_bsp.a(alt_irq_entry.o)
 .debug_info    0x000000000000a01c      0x175 c:/Workspace/quartus/npu/software/npu_bsp/\libhal_bsp.a(alt_irq_handler.o)
 .debug_info    0x000000000000a191       0x8b c:/Workspace/quartus/npu/software/npu_bsp/\libhal_bsp.a(alt_irq_vars.o)
 .debug_info    0x000000000000a21c      0x3dd c:/Workspace/quartus/npu/software/npu_bsp/\libhal_bsp.a(alt_open.o)
 .debug_info    0x000000000000a5f9      0x125 c:/Workspace/quartus/npu/software/npu_bsp/\libhal_bsp.a(alt_printf.o)
 .debug_info    0x000000000000a71e       0x9e c:/Workspace/quartus/npu/software/npu_bsp/\libhal_bsp.a(alt_putchar.o)
 .debug_info    0x000000000000a7bc      0x2b9 c:/Workspace/quartus/npu/software/npu_bsp/\libhal_bsp.a(alt_release_fd.o)
 .debug_info    0x000000000000aa75       0x8c c:/Workspace/quartus/npu/software/npu_bsp/\libhal_bsp.a(altera_nios2_gen2_irq.o)
 .debug_info    0x000000000000ab01       0x22 c:/Workspace/quartus/npu/software/npu_bsp/\libhal_bsp.a(alt_exception_entry.o)
 .debug_info    0x000000000000ab23      0x2eb c:/Workspace/quartus/npu/software/npu_bsp/\libhal_bsp.a(alt_find_file.o)
 .debug_info    0x000000000000ae0e      0x31c c:/Workspace/quartus/npu/software/npu_bsp/\libhal_bsp.a(alt_get_fd.o)
 .debug_info    0x000000000000b12a      0x1f1 c:/Workspace/quartus/npu/software/npu_bsp/\libhal_bsp.a(alt_instruction_exception_entry.o)
 .debug_info    0x000000000000b31b      0x100 d:/intelfpga_lite/20.1/nios2eds/bin/gnu/h-x86_64-mingw32/bin/../lib/gcc/nios2-elf/10.1.1/../../../../../H-x86_64-mingw32/nios2-elf/lib/mno-hw-mul\libsmallc.a(lib_a-atexit.o)
 .debug_info    0x000000000000b41b       0xe6 d:/intelfpga_lite/20.1/nios2eds/bin/gnu/h-x86_64-mingw32/bin/../lib/gcc/nios2-elf/10.1.1/../../../../../H-x86_64-mingw32/nios2-elf/lib/mno-hw-mul\libsmallc.a(lib_a-exit.o)
 .debug_info    0x000000000000b501      0x100 d:/intelfpga_lite/20.1/nios2eds/bin/gnu/h-x86_64-mingw32/bin/../lib/gcc/nios2-elf/10.1.1/../../../../../H-x86_64-mingw32/nios2-elf/lib/mno-hw-mul\libsmallc.a(lib_a-memcmp.o)
 .debug_info    0x000000000000b601      0x6e0 d:/intelfpga_lite/20.1/nios2eds/bin/gnu/h-x86_64-mingw32/bin/../lib/gcc/nios2-elf/10.1.1/../../../../../H-x86_64-mingw32/nios2-elf/lib/mno-hw-mul\libsmallc.a(lib_a-__atexit.o)
 .debug_info    0x000000000000bce1      0x6e0 d:/intelfpga_lite/20.1/nios2eds/bin/gnu/h-x86_64-mingw32/bin/../lib/gcc/nios2-elf/10.1.1/../../../../../H-x86_64-mingw32/nios2-elf/lib/mno-hw-mul\libsmallc.a(lib_a-__call_atexit.o)
 .debug_info    0x000000000000c3c1       0xe1 c:/Workspace/quartus/npu/software/npu_bsp/\libhal_bsp.a(alt_exit.o)

.debug_abbrev   0x0000000000000000     0x3ec2
 *(.debug_abbrev)
 .debug_abbrev  0x0000000000000000       0x12 c:/Workspace/quartus/npu/software/npu_bsp//obj/HAL/src/crt0.o
 .debug_abbrev  0x0000000000000012      0x107 obj/default/common.o
 .debug_abbrev  0x0000000000000119      0x177 obj/default/main.o
 .debug_abbrev  0x0000000000000290      0x11d d:/intelfpga_lite/20.1/nios2eds/bin/gnu/h-x86_64-mingw32/bin/../lib/gcc/nios2-elf/10.1.1/mno-hw-mul\libgcc.a(_muldi3.o)
 .debug_abbrev  0x00000000000003ad       0x69 d:/intelfpga_lite/20.1/nios2eds/bin/gnu/h-x86_64-mingw32/bin/../lib/gcc/nios2-elf/10.1.1/mno-hw-mul\libgcc.a(_bswapsi2.o)
 .debug_abbrev  0x0000000000000416       0x7d d:/intelfpga_lite/20.1/nios2eds/bin/gnu/h-x86_64-mingw32/bin/../lib/gcc/nios2-elf/10.1.1/mno-hw-mul\libgcc.a(lib2-mul.o)
 .debug_abbrev  0x0000000000000493       0x9e d:/intelfpga_lite/20.1/nios2eds/bin/gnu/h-x86_64-mingw32/bin/../lib/gcc/nios2-elf/10.1.1/../../../../../H-x86_64-mingw32/nios2-elf/lib/mno-hw-mul\libsmallc.a(lib_a-memset.o)
 .debug_abbrev  0x0000000000000531      0x216 d:/intelfpga_lite/20.1/nios2eds/bin/gnu/h-x86_64-mingw32/bin/../lib/gcc/nios2-elf/10.1.1/../../../../../H-x86_64-mingw32/nios2-elf/lib/mno-hw-mul\libsmallc.a(lib_a-printf.o)
 .debug_abbrev  0x0000000000000747      0x1f5 d:/intelfpga_lite/20.1/nios2eds/bin/gnu/h-x86_64-mingw32/bin/../lib/gcc/nios2-elf/10.1.1/../../../../../H-x86_64-mingw32/nios2-elf/lib/mno-hw-mul\libsmallc.a(lib_a-putchar.o)
 .debug_abbrev  0x000000000000093c      0x20b d:/intelfpga_lite/20.1/nios2eds/bin/gnu/h-x86_64-mingw32/bin/../lib/gcc/nios2-elf/10.1.1/../../../../../H-x86_64-mingw32/nios2-elf/lib/mno-hw-mul\libsmallc.a(lib_a-puts.o)
 .debug_abbrev  0x0000000000000b47       0x8d d:/intelfpga_lite/20.1/nios2eds/bin/gnu/h-x86_64-mingw32/bin/../lib/gcc/nios2-elf/10.1.1/../../../../../H-x86_64-mingw32/nios2-elf/lib/mno-hw-mul\libsmallc.a(lib_a-strlen.o)
 .debug_abbrev  0x0000000000000bd4      0x2f7 d:/intelfpga_lite/20.1/nios2eds/bin/gnu/h-x86_64-mingw32/bin/../lib/gcc/nios2-elf/10.1.1/../../../../../H-x86_64-mingw32/nios2-elf/lib/mno-hw-mul\libsmallc.a(lib_a-vfprintf.o)
 .debug_abbrev  0x0000000000000ecb      0x1ed d:/intelfpga_lite/20.1/nios2eds/bin/gnu/h-x86_64-mingw32/bin/../lib/gcc/nios2-elf/10.1.1/../../../../../H-x86_64-mingw32/nios2-elf/lib/mno-hw-mul\libsmallc.a(lib_a-fvwrite_small_dev.o)
 .debug_abbrev  0x00000000000010b8      0x17a d:/intelfpga_lite/20.1/nios2eds/bin/gnu/h-x86_64-mingw32/bin/../lib/gcc/nios2-elf/10.1.1/../../../../../H-x86_64-mingw32/nios2-elf/lib/mno-hw-mul\libsmallc.a(lib_a-impure.o)
 .debug_abbrev  0x0000000000001232      0x1ef d:/intelfpga_lite/20.1/nios2eds/bin/gnu/h-x86_64-mingw32/bin/../lib/gcc/nios2-elf/10.1.1/../../../../../H-x86_64-mingw32/nios2-elf/lib/mno-hw-mul\libsmallc.a(lib_a-putc.o)
 .debug_abbrev  0x0000000000001421      0x1d9 d:/intelfpga_lite/20.1/nios2eds/bin/gnu/h-x86_64-mingw32/bin/../lib/gcc/nios2-elf/10.1.1/../../../../../H-x86_64-mingw32/nios2-elf/lib/mno-hw-mul\libsmallc.a(lib_a-writer.o)
 .debug_abbrev  0x00000000000015fa       0x39 d:/intelfpga_lite/20.1/nios2eds/bin/gnu/h-x86_64-mingw32/bin/../lib/gcc/nios2-elf/10.1.1/../../../../../H-x86_64-mingw32/nios2-elf/lib/mno-hw-mul\libsmallc.a(lib_a-int_errno.o)
 .debug_abbrev  0x0000000000001633      0x103 d:/intelfpga_lite/20.1/nios2eds/bin/gnu/h-x86_64-mingw32/bin/../lib/gcc/nios2-elf/10.1.1/mno-hw-mul\libgcc.a(lib2-divmod.o)
 .debug_abbrev  0x0000000000001736       0x44 c:/Workspace/quartus/npu/software/npu_bsp/\libhal_bsp.a(alt_dcache_flush_all.o)
 .debug_abbrev  0x000000000000177a       0xab c:/Workspace/quartus/npu/software/npu_bsp/\libhal_bsp.a(alt_load.o)
 .debug_abbrev  0x0000000000001825       0x86 c:/Workspace/quartus/npu/software/npu_bsp/\libhal_bsp.a(alt_main.o)
 .debug_abbrev  0x00000000000018ab      0x17a c:/Workspace/quartus/npu/software/npu_bsp/\libhal_bsp.a(alt_tick.o)
 .debug_abbrev  0x0000000000001a25      0x149 c:/Workspace/quartus/npu/software/npu_bsp/\libhal_bsp.a(alt_write.o)
 .debug_abbrev  0x0000000000001b6e      0x19b c:/Workspace/quartus/npu/software/npu_bsp/\libhal_bsp.a(alt_sys_init.o)
 .debug_abbrev  0x0000000000001d09      0x10b c:/Workspace/quartus/npu/software/npu_bsp/\libhal_bsp.a(altera_avalon_jtag_uart_fd.o)
 .debug_abbrev  0x0000000000001e14       0xcd c:/Workspace/quartus/npu/software/npu_bsp/\libhal_bsp.a(altera_avalon_jtag_uart_read.o)
 .debug_abbrev  0x0000000000001ee1       0xcd c:/Workspace/quartus/npu/software/npu_bsp/\libhal_bsp.a(altera_avalon_jtag_uart_write.o)
 .debug_abbrev  0x0000000000001fae      0x14b c:/Workspace/quartus/npu/software/npu_bsp/\libhal_bsp.a(altera_avalon_timer_sc.o)
 .debug_abbrev  0x00000000000020f9      0x383 c:/Workspace/quartus/npu/software/npu_bsp/\libhal_bsp.a(altera_msgdma.o)
 .debug_abbrev  0x000000000000247c       0x88 c:/Workspace/quartus/npu/software/npu_bsp/\libhal_bsp.a(alt_busy_sleep.o)
 .debug_abbrev  0x0000000000002504      0x133 c:/Workspace/quartus/npu/software/npu_bsp/\libhal_bsp.a(alt_close.o)
 .debug_abbrev  0x0000000000002637       0x7c c:/Workspace/quartus/npu/software/npu_bsp/\libhal_bsp.a(alt_dcache_flush.o)
 .debug_abbrev  0x00000000000026b3      0x117 c:/Workspace/quartus/npu/software/npu_bsp/\libhal_bsp.a(alt_dev.o)
 .debug_abbrev  0x00000000000027ca      0x12a c:/Workspace/quartus/npu/software/npu_bsp/\libhal_bsp.a(alt_dev_llist_insert.o)
 .debug_abbrev  0x00000000000028f4       0x81 c:/Workspace/quartus/npu/software/npu_bsp/\libhal_bsp.a(alt_do_ctors.o)
 .debug_abbrev  0x0000000000002975       0x81 c:/Workspace/quartus/npu/software/npu_bsp/\libhal_bsp.a(alt_do_dtors.o)
 .debug_abbrev  0x00000000000029f6       0x5a c:/Workspace/quartus/npu/software/npu_bsp/\libhal_bsp.a(alt_errno.o)
 .debug_abbrev  0x0000000000002a50       0xed c:/Workspace/quartus/npu/software/npu_bsp/\libhal_bsp.a(alt_find_dev.o)
 .debug_abbrev  0x0000000000002b3d       0x44 c:/Workspace/quartus/npu/software/npu_bsp/\libhal_bsp.a(alt_icache_flush_all.o)
 .debug_abbrev  0x0000000000002b81      0x189 c:/Workspace/quartus/npu/software/npu_bsp/\libhal_bsp.a(alt_iic.o)
 .debug_abbrev  0x0000000000002d0a      0x17c c:/Workspace/quartus/npu/software/npu_bsp/\libhal_bsp.a(alt_iic_isr_register.o)
 .debug_abbrev  0x0000000000002e86      0x126 c:/Workspace/quartus/npu/software/npu_bsp/\libhal_bsp.a(alt_io_redirect.o)
 .debug_abbrev  0x0000000000002fac       0x12 c:/Workspace/quartus/npu/software/npu_bsp/\libhal_bsp.a(alt_irq_entry.o)
 .debug_abbrev  0x0000000000002fbe      0x12d c:/Workspace/quartus/npu/software/npu_bsp/\libhal_bsp.a(alt_irq_handler.o)
 .debug_abbrev  0x00000000000030eb       0x44 c:/Workspace/quartus/npu/software/npu_bsp/\libhal_bsp.a(alt_irq_vars.o)
 .debug_abbrev  0x000000000000312f      0x160 c:/Workspace/quartus/npu/software/npu_bsp/\libhal_bsp.a(alt_open.o)
 .debug_abbrev  0x000000000000328f       0xba c:/Workspace/quartus/npu/software/npu_bsp/\libhal_bsp.a(alt_printf.o)
 .debug_abbrev  0x0000000000003349       0x57 c:/Workspace/quartus/npu/software/npu_bsp/\libhal_bsp.a(alt_putchar.o)
 .debug_abbrev  0x00000000000033a0       0xea c:/Workspace/quartus/npu/software/npu_bsp/\libhal_bsp.a(alt_release_fd.o)
 .debug_abbrev  0x000000000000348a       0x44 c:/Workspace/quartus/npu/software/npu_bsp/\libhal_bsp.a(altera_nios2_gen2_irq.o)
 .debug_abbrev  0x00000000000034ce       0x12 c:/Workspace/quartus/npu/software/npu_bsp/\libhal_bsp.a(alt_exception_entry.o)
 .debug_abbrev  0x00000000000034e0      0x100 c:/Workspace/quartus/npu/software/npu_bsp/\libhal_bsp.a(alt_find_file.o)
 .debug_abbrev  0x00000000000035e0      0x121 c:/Workspace/quartus/npu/software/npu_bsp/\libhal_bsp.a(alt_get_fd.o)
 .debug_abbrev  0x0000000000003701       0xea c:/Workspace/quartus/npu/software/npu_bsp/\libhal_bsp.a(alt_instruction_exception_entry.o)
 .debug_abbrev  0x00000000000037eb       0xb7 d:/intelfpga_lite/20.1/nios2eds/bin/gnu/h-x86_64-mingw32/bin/../lib/gcc/nios2-elf/10.1.1/../../../../../H-x86_64-mingw32/nios2-elf/lib/mno-hw-mul\libsmallc.a(lib_a-atexit.o)
 .debug_abbrev  0x00000000000038a2       0x94 d:/intelfpga_lite/20.1/nios2eds/bin/gnu/h-x86_64-mingw32/bin/../lib/gcc/nios2-elf/10.1.1/../../../../../H-x86_64-mingw32/nios2-elf/lib/mno-hw-mul\libsmallc.a(lib_a-exit.o)
 .debug_abbrev  0x0000000000003936       0x9e d:/intelfpga_lite/20.1/nios2eds/bin/gnu/h-x86_64-mingw32/bin/../lib/gcc/nios2-elf/10.1.1/../../../../../H-x86_64-mingw32/nios2-elf/lib/mno-hw-mul\libsmallc.a(lib_a-memcmp.o)
 .debug_abbrev  0x00000000000039d4      0x238 d:/intelfpga_lite/20.1/nios2eds/bin/gnu/h-x86_64-mingw32/bin/../lib/gcc/nios2-elf/10.1.1/../../../../../H-x86_64-mingw32/nios2-elf/lib/mno-hw-mul\libsmallc.a(lib_a-__atexit.o)
 .debug_abbrev  0x0000000000003c0c      0x20a d:/intelfpga_lite/20.1/nios2eds/bin/gnu/h-x86_64-mingw32/bin/../lib/gcc/nios2-elf/10.1.1/../../../../../H-x86_64-mingw32/nios2-elf/lib/mno-hw-mul\libsmallc.a(lib_a-__call_atexit.o)
 .debug_abbrev  0x0000000000003e16       0xac c:/Workspace/quartus/npu/software/npu_bsp/\libhal_bsp.a(alt_exit.o)

.debug_line     0x0000000000000000     0x5d0d
 *(.debug_line)
 .debug_line    0x0000000000000000       0x66 c:/Workspace/quartus/npu/software/npu_bsp//obj/HAL/src/crt0.o
 .debug_line    0x0000000000000066      0x1ee obj/default/common.o
 .debug_line    0x0000000000000254      0x765 obj/default/main.o
 .debug_line    0x00000000000009b9      0x135 d:/intelfpga_lite/20.1/nios2eds/bin/gnu/h-x86_64-mingw32/bin/../lib/gcc/nios2-elf/10.1.1/mno-hw-mul\libgcc.a(_muldi3.o)
 .debug_line    0x0000000000000aee       0x88 d:/intelfpga_lite/20.1/nios2eds/bin/gnu/h-x86_64-mingw32/bin/../lib/gcc/nios2-elf/10.1.1/mno-hw-mul\libgcc.a(_bswapsi2.o)
 .debug_line    0x0000000000000b76       0xb7 d:/intelfpga_lite/20.1/nios2eds/bin/gnu/h-x86_64-mingw32/bin/../lib/gcc/nios2-elf/10.1.1/mno-hw-mul\libgcc.a(lib2-mul.o)
 .debug_line    0x0000000000000c2d      0x188 d:/intelfpga_lite/20.1/nios2eds/bin/gnu/h-x86_64-mingw32/bin/../lib/gcc/nios2-elf/10.1.1/../../../../../H-x86_64-mingw32/nios2-elf/lib/mno-hw-mul\libsmallc.a(lib_a-memset.o)
 .debug_line    0x0000000000000db5      0x24c d:/intelfpga_lite/20.1/nios2eds/bin/gnu/h-x86_64-mingw32/bin/../lib/gcc/nios2-elf/10.1.1/../../../../../H-x86_64-mingw32/nios2-elf/lib/mno-hw-mul\libsmallc.a(lib_a-printf.o)
 .debug_line    0x0000000000001001      0x216 d:/intelfpga_lite/20.1/nios2eds/bin/gnu/h-x86_64-mingw32/bin/../lib/gcc/nios2-elf/10.1.1/../../../../../H-x86_64-mingw32/nios2-elf/lib/mno-hw-mul\libsmallc.a(lib_a-putchar.o)
 .debug_line    0x0000000000001217      0x240 d:/intelfpga_lite/20.1/nios2eds/bin/gnu/h-x86_64-mingw32/bin/../lib/gcc/nios2-elf/10.1.1/../../../../../H-x86_64-mingw32/nios2-elf/lib/mno-hw-mul\libsmallc.a(lib_a-puts.o)
 .debug_line    0x0000000000001457      0x17d d:/intelfpga_lite/20.1/nios2eds/bin/gnu/h-x86_64-mingw32/bin/../lib/gcc/nios2-elf/10.1.1/../../../../../H-x86_64-mingw32/nios2-elf/lib/mno-hw-mul\libsmallc.a(lib_a-strlen.o)
 .debug_line    0x00000000000015d4      0x73c d:/intelfpga_lite/20.1/nios2eds/bin/gnu/h-x86_64-mingw32/bin/../lib/gcc/nios2-elf/10.1.1/../../../../../H-x86_64-mingw32/nios2-elf/lib/mno-hw-mul\libsmallc.a(lib_a-vfprintf.o)
 .debug_line    0x0000000000001d10      0x253 d:/intelfpga_lite/20.1/nios2eds/bin/gnu/h-x86_64-mingw32/bin/../lib/gcc/nios2-elf/10.1.1/../../../../../H-x86_64-mingw32/nios2-elf/lib/mno-hw-mul\libsmallc.a(lib_a-fvwrite_small_dev.o)
 .debug_line    0x0000000000001f63      0x15d d:/intelfpga_lite/20.1/nios2eds/bin/gnu/h-x86_64-mingw32/bin/../lib/gcc/nios2-elf/10.1.1/../../../../../H-x86_64-mingw32/nios2-elf/lib/mno-hw-mul\libsmallc.a(lib_a-impure.o)
 .debug_line    0x00000000000020c0      0x25c d:/intelfpga_lite/20.1/nios2eds/bin/gnu/h-x86_64-mingw32/bin/../lib/gcc/nios2-elf/10.1.1/../../../../../H-x86_64-mingw32/nios2-elf/lib/mno-hw-mul\libsmallc.a(lib_a-putc.o)